 +-----------------------------------------------------------------+
 +                         Program ANPHON                          +
 +                             Ver.  1.5.0                         +
 +-----------------------------------------------------------------+

 Job started at Wed Apr 17 11:34:14 2024

 The number of MPI processes: 1
 The number of OpenMP threads: 80


 Input variables:
 -----------------------------------------------------------------
 General:
  PREFIX = lj444
  MODE = PHONONS
  FCSXML = /home/emeitz/ALM_Test/lj444.xml

  NKD = 1; KD =   Ar
  MASS =      39.95
  NSYM = 0; TOLERANCE = 0.001; PRINTSYM = 0

  NONANALYTIC = 0

  TMIN = 0; TMAX = 1000; DT = 10
  EMIN = 0; EMAX = 1000; DELTA_E = 10

  ISMEAR = -1; EPSILON = 10

  CLASSICAL = 0
  BCONNECT = 0


 Kpoint:
  KPMODE (1st entry for &kpoint) = 1


 Analysis:
  PRINTVEL = 0
  PRINTVEC = 0
  PRINTXSF = 0

  GRUNEISEN = 0
  NEWFCS = 0


 -----------------------------------------------------------------

                      MODE = phonons                         
                                                             
      Phonon calculation within harmonic approximation       
      Harmonic force constants will be used.                 

 -----------------------------------------------------------------

 Crystal structure
 =================

 Lattice Vectors:

 * Supercell (from /home/emeitz/ALM_Test/lj444.xml )

    3.966006e+01   0.000000e+00   0.000000e+00 : a1
    0.000000e+00   3.966006e+01   0.000000e+00 : a2
    0.000000e+00   0.000000e+00   3.966006e+01 : a3

    1.584260e-01   0.000000e+00   0.000000e+00 : b1
    0.000000e+00   1.584260e-01   0.000000e+00 : b2
    0.000000e+00   0.000000e+00   1.584260e-01 : b3

 * Primitive cell 

    0.000000e+00   4.957507e+00   4.957507e+00 : a1
    4.957507e+00   0.000000e+00   4.957507e+00 : a2
    4.957507e+00   4.957507e+00   0.000000e+00 : a3

   -6.337041e-01   6.337041e-01   6.337041e-01 : b1
    6.337041e-01  -6.337041e-01   6.337041e-01 : b2
    6.337041e-01   6.337041e-01  -6.337041e-01 : b3


  Volume of the primitive cell : 2.436801e+02 (a.u.)^3

  Number of atoms in the supercell     : 256
  Number of atoms in the primitive cell: 1

  Atomic positions in the primitive cell (fractional):
   1:   0.000000e+00   0.000000e+00   0.000000e+00  Ar

  Mass of atomic species (u):
  Ar:   39.950000


 Symmetry
 ========

  NSYM = 0 is given: Trying to find symmetry operations.

  Number of symmetry operations : 48
 k points
 ========

  KPMODE = 1: Band structure calculation
  Number of paths : 4

  List of k paths : 
   1:  G (  0.0000  0.0000  0.0000)  X (  0.5000  0.5000  0.0000) 100
   2:  X (  0.5000  0.5000  1.0000)  K (  0.3750  0.3750  0.7500) 100
   3:  K (  0.3750  0.3750  0.7500)  G (  0.0000  0.0000  0.0000) 100
   4:  G (  0.0000  0.0000  0.0000)  L (  0.5000  0.5000  0.5000) 100

  Number of k points : 400

 Force constant
 ==============

  Reading force constants from the XML file ... done !
  Number of non-zero IFCs for 2 order: 981

  Maximum deviation from the translational invariance: 
   Order 2 :   4.5198e-18


 Dynamical matrix
 ================

  NONANALYTIC = 0 : No non-analytic correction. 


 -----------------------------------------------------------------


 ISMEAR = -1: Tetrahedron method will be used.

 Now, move on to phonon calculations.

 Diagonalizing dynamical matrices for all k points ... done!

 -----------------------------------------------------------------

 Phonon frequencies below:

 # k point     1 : (  0.0000,  0.0000,  0.0000)
   Mode, Frequency 
      1      0.0000 cm^-1  (      0.0000 THz )
      2      0.0000 cm^-1  (      0.0000 THz )
      3      0.0000 cm^-1  (      0.0000 THz )

 # k point     2 : (  0.0051,  0.0051,  0.0000)
   Mode, Frequency 
      1      0.7515 cm^-1  (      0.0225 THz )
      2      0.7515 cm^-1  (      0.0225 THz )
      3      1.0200 cm^-1  (      0.0306 THz )

 # k point     3 : (  0.0101,  0.0101,  0.0000)
   Mode, Frequency 
      1      1.5028 cm^-1  (      0.0451 THz )
      2      1.5028 cm^-1  (      0.0451 THz )
      3      2.0400 cm^-1  (      0.0612 THz )

 # k point     4 : (  0.0152,  0.0152,  0.0000)
   Mode, Frequency 
      1      2.2539 cm^-1  (      0.0676 THz )
      2      2.2539 cm^-1  (      0.0676 THz )
      3      3.0601 cm^-1  (      0.0917 THz )

 # k point     5 : (  0.0202,  0.0202,  0.0000)
   Mode, Frequency 
      1      3.0045 cm^-1  (      0.0901 THz )
      2      3.0045 cm^-1  (      0.0901 THz )
      3      4.0805 cm^-1  (      0.1223 THz )

 # k point     6 : (  0.0253,  0.0253,  0.0000)
   Mode, Frequency 
      1      3.7545 cm^-1  (      0.1126 THz )
      2      3.7545 cm^-1  (      0.1126 THz )
      3      5.1011 cm^-1  (      0.1529 THz )

 # k point     7 : (  0.0303,  0.0303,  0.0000)
   Mode, Frequency 
      1      4.5038 cm^-1  (      0.1350 THz )
      2      4.5038 cm^-1  (      0.1350 THz )
      3      6.1220 cm^-1  (      0.1835 THz )

 # k point     8 : (  0.0354,  0.0354,  0.0000)
   Mode, Frequency 
      1      5.2522 cm^-1  (      0.1575 THz )
      2      5.2522 cm^-1  (      0.1575 THz )
      3      7.1433 cm^-1  (      0.2141 THz )

 # k point     9 : (  0.0404,  0.0404,  0.0000)
   Mode, Frequency 
      1      5.9995 cm^-1  (      0.1799 THz )
      2      5.9995 cm^-1  (      0.1799 THz )
      3      8.1649 cm^-1  (      0.2448 THz )

 # k point    10 : (  0.0455,  0.0455,  0.0000)
   Mode, Frequency 
      1      6.7457 cm^-1  (      0.2022 THz )
      2      6.7457 cm^-1  (      0.2022 THz )
      3      9.1870 cm^-1  (      0.2754 THz )

 # k point    11 : (  0.0505,  0.0505,  0.0000)
   Mode, Frequency 
      1      7.4905 cm^-1  (      0.2246 THz )
      2      7.4905 cm^-1  (      0.2246 THz )
      3     10.2096 cm^-1  (      0.3061 THz )

 # k point    12 : (  0.0556,  0.0556,  0.0000)
   Mode, Frequency 
      1      8.2338 cm^-1  (      0.2468 THz )
      2      8.2338 cm^-1  (      0.2468 THz )
      3     11.2326 cm^-1  (      0.3367 THz )

 # k point    13 : (  0.0606,  0.0606,  0.0000)
   Mode, Frequency 
      1      8.9755 cm^-1  (      0.2691 THz )
      2      8.9755 cm^-1  (      0.2691 THz )
      3     12.2561 cm^-1  (      0.3674 THz )

 # k point    14 : (  0.0657,  0.0657,  0.0000)
   Mode, Frequency 
      1      9.7154 cm^-1  (      0.2913 THz )
      2      9.7154 cm^-1  (      0.2913 THz )
      3     13.2800 cm^-1  (      0.3981 THz )

 # k point    15 : (  0.0707,  0.0707,  0.0000)
   Mode, Frequency 
      1     10.4533 cm^-1  (      0.3134 THz )
      2     10.4533 cm^-1  (      0.3134 THz )
      3     14.3044 cm^-1  (      0.4288 THz )

 # k point    16 : (  0.0758,  0.0758,  0.0000)
   Mode, Frequency 
      1     11.1892 cm^-1  (      0.3354 THz )
      2     11.1892 cm^-1  (      0.3354 THz )
      3     15.3292 cm^-1  (      0.4596 THz )

 # k point    17 : (  0.0808,  0.0808,  0.0000)
   Mode, Frequency 
      1     11.9228 cm^-1  (      0.3574 THz )
      2     11.9228 cm^-1  (      0.3574 THz )
      3     16.3544 cm^-1  (      0.4903 THz )

 # k point    18 : (  0.0859,  0.0859,  0.0000)
   Mode, Frequency 
      1     12.6539 cm^-1  (      0.3794 THz )
      2     12.6539 cm^-1  (      0.3794 THz )
      3     17.3798 cm^-1  (      0.5210 THz )

 # k point    19 : (  0.0909,  0.0909,  0.0000)
   Mode, Frequency 
      1     13.3826 cm^-1  (      0.4012 THz )
      2     13.3826 cm^-1  (      0.4012 THz )
      3     18.4055 cm^-1  (      0.5518 THz )

 # k point    20 : (  0.0960,  0.0960,  0.0000)
   Mode, Frequency 
      1     14.1084 cm^-1  (      0.4230 THz )
      2     14.1084 cm^-1  (      0.4230 THz )
      3     19.4312 cm^-1  (      0.5825 THz )

 # k point    21 : (  0.1010,  0.1010,  0.0000)
   Mode, Frequency 
      1     14.8315 cm^-1  (      0.4446 THz )
      2     14.8315 cm^-1  (      0.4446 THz )
      3     20.4570 cm^-1  (      0.6133 THz )

 # k point    22 : (  0.1061,  0.1061,  0.0000)
   Mode, Frequency 
      1     15.5514 cm^-1  (      0.4662 THz )
      2     15.5514 cm^-1  (      0.4662 THz )
      3     21.4826 cm^-1  (      0.6440 THz )

 # k point    23 : (  0.1111,  0.1111,  0.0000)
   Mode, Frequency 
      1     16.2682 cm^-1  (      0.4877 THz )
      2     16.2682 cm^-1  (      0.4877 THz )
      3     22.5080 cm^-1  (      0.6748 THz )

 # k point    24 : (  0.1162,  0.1162,  0.0000)
   Mode, Frequency 
      1     16.9816 cm^-1  (      0.5091 THz )
      2     16.9816 cm^-1  (      0.5091 THz )
      3     23.5329 cm^-1  (      0.7055 THz )

 # k point    25 : (  0.1212,  0.1212,  0.0000)
   Mode, Frequency 
      1     17.6916 cm^-1  (      0.5304 THz )
      2     17.6916 cm^-1  (      0.5304 THz )
      3     24.5572 cm^-1  (      0.7362 THz )

 # k point    26 : (  0.1263,  0.1263,  0.0000)
   Mode, Frequency 
      1     18.3978 cm^-1  (      0.5516 THz )
      2     18.3978 cm^-1  (      0.5516 THz )
      3     25.5807 cm^-1  (      0.7669 THz )

 # k point    27 : (  0.1313,  0.1313,  0.0000)
   Mode, Frequency 
      1     19.1002 cm^-1  (      0.5726 THz )
      2     19.1002 cm^-1  (      0.5726 THz )
      3     26.6032 cm^-1  (      0.7975 THz )

 # k point    28 : (  0.1364,  0.1364,  0.0000)
   Mode, Frequency 
      1     19.7985 cm^-1  (      0.5935 THz )
      2     19.7985 cm^-1  (      0.5935 THz )
      3     27.6244 cm^-1  (      0.8282 THz )

 # k point    29 : (  0.1414,  0.1414,  0.0000)
   Mode, Frequency 
      1     20.4928 cm^-1  (      0.6144 THz )
      2     20.4928 cm^-1  (      0.6144 THz )
      3     28.6442 cm^-1  (      0.8587 THz )

 # k point    30 : (  0.1465,  0.1465,  0.0000)
   Mode, Frequency 
      1     21.1826 cm^-1  (      0.6350 THz )
      2     21.1826 cm^-1  (      0.6350 THz )
      3     29.6622 cm^-1  (      0.8892 THz )

 # k point    31 : (  0.1515,  0.1515,  0.0000)
   Mode, Frequency 
      1     21.8680 cm^-1  (      0.6556 THz )
      2     21.8680 cm^-1  (      0.6556 THz )
      3     30.6782 cm^-1  (      0.9197 THz )

 # k point    32 : (  0.1566,  0.1566,  0.0000)
   Mode, Frequency 
      1     22.5487 cm^-1  (      0.6760 THz )
      2     22.5487 cm^-1  (      0.6760 THz )
      3     31.6918 cm^-1  (      0.9501 THz )

 # k point    33 : (  0.1616,  0.1616,  0.0000)
   Mode, Frequency 
      1     23.2246 cm^-1  (      0.6963 THz )
      2     23.2246 cm^-1  (      0.6963 THz )
      3     32.7029 cm^-1  (      0.9804 THz )

 # k point    34 : (  0.1667,  0.1667,  0.0000)
   Mode, Frequency 
      1     23.8954 cm^-1  (      0.7164 THz )
      2     23.8954 cm^-1  (      0.7164 THz )
      3     33.7110 cm^-1  (      1.0106 THz )

 # k point    35 : (  0.1717,  0.1717,  0.0000)
   Mode, Frequency 
      1     24.5611 cm^-1  (      0.7363 THz )
      2     24.5611 cm^-1  (      0.7363 THz )
      3     34.7158 cm^-1  (      1.0408 THz )

 # k point    36 : (  0.1768,  0.1768,  0.0000)
   Mode, Frequency 
      1     25.2214 cm^-1  (      0.7561 THz )
      2     25.2214 cm^-1  (      0.7561 THz )
      3     35.7171 cm^-1  (      1.0708 THz )

 # k point    37 : (  0.1818,  0.1818,  0.0000)
   Mode, Frequency 
      1     25.8762 cm^-1  (      0.7758 THz )
      2     25.8762 cm^-1  (      0.7758 THz )
      3     36.7143 cm^-1  (      1.1007 THz )

 # k point    38 : (  0.1869,  0.1869,  0.0000)
   Mode, Frequency 
      1     26.5254 cm^-1  (      0.7952 THz )
      2     26.5254 cm^-1  (      0.7952 THz )
      3     37.7072 cm^-1  (      1.1304 THz )

 # k point    39 : (  0.1919,  0.1919,  0.0000)
   Mode, Frequency 
      1     27.1686 cm^-1  (      0.8145 THz )
      2     27.1686 cm^-1  (      0.8145 THz )
      3     38.6954 cm^-1  (      1.1601 THz )

 # k point    40 : (  0.1970,  0.1970,  0.0000)
   Mode, Frequency 
      1     27.8059 cm^-1  (      0.8336 THz )
      2     27.8059 cm^-1  (      0.8336 THz )
      3     39.6786 cm^-1  (      1.1895 THz )

 # k point    41 : (  0.2020,  0.2020,  0.0000)
   Mode, Frequency 
      1     28.4369 cm^-1  (      0.8525 THz )
      2     28.4369 cm^-1  (      0.8525 THz )
      3     40.6562 cm^-1  (      1.2188 THz )

 # k point    42 : (  0.2071,  0.2071,  0.0000)
   Mode, Frequency 
      1     29.0616 cm^-1  (      0.8712 THz )
      2     29.0616 cm^-1  (      0.8712 THz )
      3     41.6279 cm^-1  (      1.2480 THz )

 # k point    43 : (  0.2121,  0.2121,  0.0000)
   Mode, Frequency 
      1     29.6797 cm^-1  (      0.8898 THz )
      2     29.6797 cm^-1  (      0.8898 THz )
      3     42.5933 cm^-1  (      1.2769 THz )

 # k point    44 : (  0.2172,  0.2172,  0.0000)
   Mode, Frequency 
      1     30.2911 cm^-1  (      0.9081 THz )
      2     30.2911 cm^-1  (      0.9081 THz )
      3     43.5519 cm^-1  (      1.3057 THz )

 # k point    45 : (  0.2222,  0.2222,  0.0000)
   Mode, Frequency 
      1     30.8956 cm^-1  (      0.9262 THz )
      2     30.8956 cm^-1  (      0.9262 THz )
      3     44.5034 cm^-1  (      1.3342 THz )

 # k point    46 : (  0.2273,  0.2273,  0.0000)
   Mode, Frequency 
      1     31.4930 cm^-1  (      0.9441 THz )
      2     31.4930 cm^-1  (      0.9441 THz )
      3     45.4473 cm^-1  (      1.3625 THz )

 # k point    47 : (  0.2323,  0.2323,  0.0000)
   Mode, Frequency 
      1     32.0832 cm^-1  (      0.9618 THz )
      2     32.0832 cm^-1  (      0.9618 THz )
      3     46.3832 cm^-1  (      1.3905 THz )

 # k point    48 : (  0.2374,  0.2374,  0.0000)
   Mode, Frequency 
      1     32.6660 cm^-1  (      0.9793 THz )
      2     32.6660 cm^-1  (      0.9793 THz )
      3     47.3106 cm^-1  (      1.4183 THz )

 # k point    49 : (  0.2424,  0.2424,  0.0000)
   Mode, Frequency 
      1     33.2411 cm^-1  (      0.9965 THz )
      2     33.2411 cm^-1  (      0.9965 THz )
      3     48.2291 cm^-1  (      1.4459 THz )

 # k point    50 : (  0.2475,  0.2475,  0.0000)
   Mode, Frequency 
      1     33.8086 cm^-1  (      1.0136 THz )
      2     33.8086 cm^-1  (      1.0136 THz )
      3     49.1383 cm^-1  (      1.4731 THz )

 # k point    51 : (  0.2525,  0.2525,  0.0000)
   Mode, Frequency 
      1     34.3681 cm^-1  (      1.0303 THz )
      2     34.3681 cm^-1  (      1.0303 THz )
      3     50.0377 cm^-1  (      1.5001 THz )

 # k point    52 : (  0.2576,  0.2576,  0.0000)
   Mode, Frequency 
      1     34.9195 cm^-1  (      1.0469 THz )
      2     34.9195 cm^-1  (      1.0469 THz )
      3     50.9269 cm^-1  (      1.5268 THz )

 # k point    53 : (  0.2626,  0.2626,  0.0000)
   Mode, Frequency 
      1     35.4627 cm^-1  (      1.0631 THz )
      2     35.4627 cm^-1  (      1.0631 THz )
      3     51.8055 cm^-1  (      1.5531 THz )

 # k point    54 : (  0.2677,  0.2677,  0.0000)
   Mode, Frequency 
      1     35.9974 cm^-1  (      1.0792 THz )
      2     35.9974 cm^-1  (      1.0792 THz )
      3     52.6729 cm^-1  (      1.5791 THz )

 # k point    55 : (  0.2727,  0.2727,  0.0000)
   Mode, Frequency 
      1     36.5235 cm^-1  (      1.0949 THz )
      2     36.5235 cm^-1  (      1.0949 THz )
      3     53.5288 cm^-1  (      1.6048 THz )

 # k point    56 : (  0.2778,  0.2778,  0.0000)
   Mode, Frequency 
      1     37.0409 cm^-1  (      1.1105 THz )
      2     37.0409 cm^-1  (      1.1105 THz )
      3     54.3727 cm^-1  (      1.6301 THz )

 # k point    57 : (  0.2828,  0.2828,  0.0000)
   Mode, Frequency 
      1     37.5493 cm^-1  (      1.1257 THz )
      2     37.5493 cm^-1  (      1.1257 THz )
      3     55.2043 cm^-1  (      1.6550 THz )

 # k point    58 : (  0.2879,  0.2879,  0.0000)
   Mode, Frequency 
      1     38.0486 cm^-1  (      1.1407 THz )
      2     38.0486 cm^-1  (      1.1407 THz )
      3     56.0230 cm^-1  (      1.6795 THz )

 # k point    59 : (  0.2929,  0.2929,  0.0000)
   Mode, Frequency 
      1     38.5387 cm^-1  (      1.1554 THz )
      2     38.5387 cm^-1  (      1.1554 THz )
      3     56.8285 cm^-1  (      1.7037 THz )

 # k point    60 : (  0.2980,  0.2980,  0.0000)
   Mode, Frequency 
      1     39.0194 cm^-1  (      1.1698 THz )
      2     39.0194 cm^-1  (      1.1698 THz )
      3     57.6203 cm^-1  (      1.7274 THz )

 # k point    61 : (  0.3030,  0.3030,  0.0000)
   Mode, Frequency 
      1     39.4905 cm^-1  (      1.1839 THz )
      2     39.4905 cm^-1  (      1.1839 THz )
      3     58.3980 cm^-1  (      1.7507 THz )

 # k point    62 : (  0.3081,  0.3081,  0.0000)
   Mode, Frequency 
      1     39.9518 cm^-1  (      1.1977 THz )
      2     39.9518 cm^-1  (      1.1977 THz )
      3     59.1613 cm^-1  (      1.7736 THz )

 # k point    63 : (  0.3131,  0.3131,  0.0000)
   Mode, Frequency 
      1     40.4033 cm^-1  (      1.2113 THz )
      2     40.4033 cm^-1  (      1.2113 THz )
      3     59.9098 cm^-1  (      1.7961 THz )

 # k point    64 : (  0.3182,  0.3182,  0.0000)
   Mode, Frequency 
      1     40.8447 cm^-1  (      1.2245 THz )
      2     40.8447 cm^-1  (      1.2245 THz )
      3     60.6430 cm^-1  (      1.8180 THz )

 # k point    65 : (  0.3232,  0.3232,  0.0000)
   Mode, Frequency 
      1     41.2760 cm^-1  (      1.2374 THz )
      2     41.2760 cm^-1  (      1.2374 THz )
      3     61.3606 cm^-1  (      1.8395 THz )

 # k point    66 : (  0.3283,  0.3283,  0.0000)
   Mode, Frequency 
      1     41.6969 cm^-1  (      1.2500 THz )
      2     41.6969 cm^-1  (      1.2500 THz )
      3     62.0621 cm^-1  (      1.8606 THz )

 # k point    67 : (  0.3333,  0.3333,  0.0000)
   Mode, Frequency 
      1     42.1074 cm^-1  (      1.2623 THz )
      2     42.1074 cm^-1  (      1.2623 THz )
      3     62.7474 cm^-1  (      1.8811 THz )

 # k point    68 : (  0.3384,  0.3384,  0.0000)
   Mode, Frequency 
      1     42.5072 cm^-1  (      1.2743 THz )
      2     42.5072 cm^-1  (      1.2743 THz )
      3     63.4159 cm^-1  (      1.9012 THz )

 # k point    69 : (  0.3434,  0.3434,  0.0000)
   Mode, Frequency 
      1     42.8963 cm^-1  (      1.2860 THz )
      2     42.8963 cm^-1  (      1.2860 THz )
      3     64.0674 cm^-1  (      1.9207 THz )

 # k point    70 : (  0.3485,  0.3485,  0.0000)
   Mode, Frequency 
      1     43.2745 cm^-1  (      1.2973 THz )
      2     43.2745 cm^-1  (      1.2973 THz )
      3     64.7015 cm^-1  (      1.9397 THz )

 # k point    71 : (  0.3535,  0.3535,  0.0000)
   Mode, Frequency 
      1     43.6416 cm^-1  (      1.3083 THz )
      2     43.6416 cm^-1  (      1.3083 THz )
      3     65.3179 cm^-1  (      1.9582 THz )

 # k point    72 : (  0.3586,  0.3586,  0.0000)
   Mode, Frequency 
      1     43.9976 cm^-1  (      1.3190 THz )
      2     43.9976 cm^-1  (      1.3190 THz )
      3     65.9163 cm^-1  (      1.9761 THz )

 # k point    73 : (  0.3636,  0.3636,  0.0000)
   Mode, Frequency 
      1     44.3424 cm^-1  (      1.3294 THz )
      2     44.3424 cm^-1  (      1.3294 THz )
      3     66.4964 cm^-1  (      1.9935 THz )

 # k point    74 : (  0.3687,  0.3687,  0.0000)
   Mode, Frequency 
      1     44.6757 cm^-1  (      1.3393 THz )
      2     44.6757 cm^-1  (      1.3393 THz )
      3     67.0579 cm^-1  (      2.0103 THz )

 # k point    75 : (  0.3737,  0.3737,  0.0000)
   Mode, Frequency 
      1     44.9975 cm^-1  (      1.3490 THz )
      2     44.9975 cm^-1  (      1.3490 THz )
      3     67.6005 cm^-1  (      2.0266 THz )

 # k point    76 : (  0.3788,  0.3788,  0.0000)
   Mode, Frequency 
      1     45.3076 cm^-1  (      1.3583 THz )
      2     45.3076 cm^-1  (      1.3583 THz )
      3     68.1239 cm^-1  (      2.0423 THz )

 # k point    77 : (  0.3838,  0.3838,  0.0000)
   Mode, Frequency 
      1     45.6060 cm^-1  (      1.3672 THz )
      2     45.6060 cm^-1  (      1.3672 THz )
      3     68.6280 cm^-1  (      2.0574 THz )

 # k point    78 : (  0.3889,  0.3889,  0.0000)
   Mode, Frequency 
      1     45.8925 cm^-1  (      1.3758 THz )
      2     45.8925 cm^-1  (      1.3758 THz )
      3     69.1123 cm^-1  (      2.0719 THz )

 # k point    79 : (  0.3939,  0.3939,  0.0000)
   Mode, Frequency 
      1     46.1670 cm^-1  (      1.3841 THz )
      2     46.1670 cm^-1  (      1.3841 THz )
      3     69.5768 cm^-1  (      2.0859 THz )

 # k point    80 : (  0.3990,  0.3990,  0.0000)
   Mode, Frequency 
      1     46.4295 cm^-1  (      1.3919 THz )
      2     46.4295 cm^-1  (      1.3919 THz )
      3     70.0212 cm^-1  (      2.0992 THz )

 # k point    81 : (  0.4040,  0.4040,  0.0000)
   Mode, Frequency 
      1     46.6798 cm^-1  (      1.3994 THz )
      2     46.6798 cm^-1  (      1.3994 THz )
      3     70.4452 cm^-1  (      2.1119 THz )

 # k point    82 : (  0.4091,  0.4091,  0.0000)
   Mode, Frequency 
      1     46.9178 cm^-1  (      1.4066 THz )
      2     46.9178 cm^-1  (      1.4066 THz )
      3     70.8487 cm^-1  (      2.1240 THz )

 # k point    83 : (  0.4141,  0.4141,  0.0000)
   Mode, Frequency 
      1     47.1435 cm^-1  (      1.4133 THz )
      2     47.1435 cm^-1  (      1.4133 THz )
      3     71.2315 cm^-1  (      2.1355 THz )

 # k point    84 : (  0.4192,  0.4192,  0.0000)
   Mode, Frequency 
      1     47.3568 cm^-1  (      1.4197 THz )
      2     47.3568 cm^-1  (      1.4197 THz )
      3     71.5933 cm^-1  (      2.1463 THz )

 # k point    85 : (  0.4242,  0.4242,  0.0000)
   Mode, Frequency 
      1     47.5575 cm^-1  (      1.4257 THz )
      2     47.5575 cm^-1  (      1.4257 THz )
      3     71.9340 cm^-1  (      2.1565 THz )

 # k point    86 : (  0.4293,  0.4293,  0.0000)
   Mode, Frequency 
      1     47.7457 cm^-1  (      1.4314 THz )
      2     47.7457 cm^-1  (      1.4314 THz )
      3     72.2536 cm^-1  (      2.1661 THz )

 # k point    87 : (  0.4343,  0.4343,  0.0000)
   Mode, Frequency 
      1     47.9211 cm^-1  (      1.4366 THz )
      2     47.9211 cm^-1  (      1.4366 THz )
      3     72.5517 cm^-1  (      2.1750 THz )

 # k point    88 : (  0.4394,  0.4394,  0.0000)
   Mode, Frequency 
      1     48.0839 cm^-1  (      1.4415 THz )
      2     48.0839 cm^-1  (      1.4415 THz )
      3     72.8283 cm^-1  (      2.1833 THz )

 # k point    89 : (  0.4444,  0.4444,  0.0000)
   Mode, Frequency 
      1     48.2339 cm^-1  (      1.4460 THz )
      2     48.2339 cm^-1  (      1.4460 THz )
      3     73.0832 cm^-1  (      2.1910 THz )

 # k point    90 : (  0.4495,  0.4495,  0.0000)
   Mode, Frequency 
      1     48.3710 cm^-1  (      1.4501 THz )
      2     48.3710 cm^-1  (      1.4501 THz )
      3     73.3163 cm^-1  (      2.1980 THz )

 # k point    91 : (  0.4545,  0.4545,  0.0000)
   Mode, Frequency 
      1     48.4952 cm^-1  (      1.4538 THz )
      2     48.4952 cm^-1  (      1.4538 THz )
      3     73.5276 cm^-1  (      2.2043 THz )

 # k point    92 : (  0.4596,  0.4596,  0.0000)
   Mode, Frequency 
      1     48.6065 cm^-1  (      1.4572 THz )
      2     48.6065 cm^-1  (      1.4572 THz )
      3     73.7169 cm^-1  (      2.2100 THz )

 # k point    93 : (  0.4646,  0.4646,  0.0000)
   Mode, Frequency 
      1     48.7047 cm^-1  (      1.4601 THz )
      2     48.7047 cm^-1  (      1.4601 THz )
      3     73.8841 cm^-1  (      2.2150 THz )

 # k point    94 : (  0.4697,  0.4697,  0.0000)
   Mode, Frequency 
      1     48.7900 cm^-1  (      1.4627 THz )
      2     48.7900 cm^-1  (      1.4627 THz )
      3     74.0292 cm^-1  (      2.2193 THz )

 # k point    95 : (  0.4747,  0.4747,  0.0000)
   Mode, Frequency 
      1     48.8622 cm^-1  (      1.4649 THz )
      2     48.8622 cm^-1  (      1.4649 THz )
      3     74.1520 cm^-1  (      2.2230 THz )

 # k point    96 : (  0.4798,  0.4798,  0.0000)
   Mode, Frequency 
      1     48.9213 cm^-1  (      1.4666 THz )
      2     48.9213 cm^-1  (      1.4666 THz )
      3     74.2526 cm^-1  (      2.2260 THz )

 # k point    97 : (  0.4848,  0.4848,  0.0000)
   Mode, Frequency 
      1     48.9673 cm^-1  (      1.4680 THz )
      2     48.9673 cm^-1  (      1.4680 THz )
      3     74.3309 cm^-1  (      2.2284 THz )

 # k point    98 : (  0.4899,  0.4899,  0.0000)
   Mode, Frequency 
      1     49.0001 cm^-1  (      1.4690 THz )
      2     49.0001 cm^-1  (      1.4690 THz )
      3     74.3869 cm^-1  (      2.2301 THz )

 # k point    99 : (  0.4949,  0.4949,  0.0000)
   Mode, Frequency 
      1     49.0199 cm^-1  (      1.4696 THz )
      2     49.0199 cm^-1  (      1.4696 THz )
      3     74.4204 cm^-1  (      2.2311 THz )

 # k point   100 : (  0.5000,  0.5000,  0.0000)
   Mode, Frequency 
      1     49.0264 cm^-1  (      1.4698 THz )
      2     49.0264 cm^-1  (      1.4698 THz )
      3     74.4316 cm^-1  (      2.2314 THz )

 # k point   101 : (  0.5000,  0.5000,  1.0000)
   Mode, Frequency 
      1     49.0264 cm^-1  (      1.4698 THz )
      2     49.0264 cm^-1  (      1.4698 THz )
      3     74.4316 cm^-1  (      2.2314 THz )

 # k point   102 : (  0.4987,  0.4987,  0.9975)
   Mode, Frequency 
      1     49.0259 cm^-1  (      1.4698 THz )
      2     49.0277 cm^-1  (      1.4698 THz )
      3     74.4309 cm^-1  (      2.2314 THz )

 # k point   103 : (  0.4975,  0.4975,  0.9949)
   Mode, Frequency 
      1     49.0242 cm^-1  (      1.4697 THz )
      2     49.0313 cm^-1  (      1.4699 THz )
      3     74.4286 cm^-1  (      2.2313 THz )

 # k point   104 : (  0.4962,  0.4962,  0.9924)
   Mode, Frequency 
      1     49.0214 cm^-1  (      1.4696 THz )
      2     49.0373 cm^-1  (      1.4701 THz )
      3     74.4249 cm^-1  (      2.2312 THz )

 # k point   105 : (  0.4949,  0.4949,  0.9899)
   Mode, Frequency 
      1     49.0175 cm^-1  (      1.4695 THz )
      2     49.0458 cm^-1  (      1.4704 THz )
      3     74.4197 cm^-1  (      2.2310 THz )

 # k point   106 : (  0.4937,  0.4937,  0.9874)
   Mode, Frequency 
      1     49.0125 cm^-1  (      1.4694 THz )
      2     49.0567 cm^-1  (      1.4707 THz )
      3     74.4130 cm^-1  (      2.2308 THz )

 # k point   107 : (  0.4924,  0.4924,  0.9848)
   Mode, Frequency 
      1     49.0064 cm^-1  (      1.4692 THz )
      2     49.0700 cm^-1  (      1.4711 THz )
      3     74.4047 cm^-1  (      2.2306 THz )

 # k point   108 : (  0.4912,  0.4912,  0.9823)
   Mode, Frequency 
      1     48.9992 cm^-1  (      1.4690 THz )
      2     49.0857 cm^-1  (      1.4716 THz )
      3     74.3950 cm^-1  (      2.2303 THz )

 # k point   109 : (  0.4899,  0.4899,  0.9798)
   Mode, Frequency 
      1     48.9908 cm^-1  (      1.4687 THz )
      2     49.1038 cm^-1  (      1.4721 THz )
      3     74.3838 cm^-1  (      2.2300 THz )

 # k point   110 : (  0.4886,  0.4886,  0.9773)
   Mode, Frequency 
      1     48.9813 cm^-1  (      1.4684 THz )
      2     49.1243 cm^-1  (      1.4727 THz )
      3     74.3711 cm^-1  (      2.2296 THz )

 # k point   111 : (  0.4874,  0.4874,  0.9747)
   Mode, Frequency 
      1     48.9708 cm^-1  (      1.4681 THz )
      2     49.1472 cm^-1  (      1.4734 THz )
      3     74.3569 cm^-1  (      2.2292 THz )

 # k point   112 : (  0.4861,  0.4861,  0.9722)
   Mode, Frequency 
      1     48.9591 cm^-1  (      1.4678 THz )
      2     49.1725 cm^-1  (      1.4742 THz )
      3     74.3413 cm^-1  (      2.2287 THz )

 # k point   113 : (  0.4848,  0.4848,  0.9697)
   Mode, Frequency 
      1     48.9463 cm^-1  (      1.4674 THz )
      2     49.2002 cm^-1  (      1.4750 THz )
      3     74.3241 cm^-1  (      2.2282 THz )

 # k point   114 : (  0.4836,  0.4836,  0.9672)
   Mode, Frequency 
      1     48.9324 cm^-1  (      1.4670 THz )
      2     49.2302 cm^-1  (      1.4759 THz )
      3     74.3055 cm^-1  (      2.2276 THz )

 # k point   115 : (  0.4823,  0.4823,  0.9646)
   Mode, Frequency 
      1     48.9174 cm^-1  (      1.4665 THz )
      2     49.2625 cm^-1  (      1.4769 THz )
      3     74.2853 cm^-1  (      2.2270 THz )

 # k point   116 : (  0.4811,  0.4811,  0.9621)
   Mode, Frequency 
      1     48.9013 cm^-1  (      1.4660 THz )
      2     49.2972 cm^-1  (      1.4779 THz )
      3     74.2637 cm^-1  (      2.2264 THz )

 # k point   117 : (  0.4798,  0.4798,  0.9596)
   Mode, Frequency 
      1     48.8841 cm^-1  (      1.4655 THz )
      2     49.3342 cm^-1  (      1.4790 THz )
      3     74.2406 cm^-1  (      2.2257 THz )

 # k point   118 : (  0.4785,  0.4785,  0.9571)
   Mode, Frequency 
      1     48.8657 cm^-1  (      1.4650 THz )
      2     49.3736 cm^-1  (      1.4802 THz )
      3     74.2160 cm^-1  (      2.2249 THz )

 # k point   119 : (  0.4773,  0.4773,  0.9545)
   Mode, Frequency 
      1     48.8463 cm^-1  (      1.4644 THz )
      2     49.4152 cm^-1  (      1.4814 THz )
      3     74.1899 cm^-1  (      2.2242 THz )

 # k point   120 : (  0.4760,  0.4760,  0.9520)
   Mode, Frequency 
      1     48.8258 cm^-1  (      1.4638 THz )
      2     49.4591 cm^-1  (      1.4827 THz )
      3     74.1623 cm^-1  (      2.2233 THz )

 # k point   121 : (  0.4747,  0.4747,  0.9495)
   Mode, Frequency 
      1     48.8041 cm^-1  (      1.4631 THz )
      2     49.5053 cm^-1  (      1.4841 THz )
      3     74.1333 cm^-1  (      2.2225 THz )

 # k point   122 : (  0.4735,  0.4735,  0.9470)
   Mode, Frequency 
      1     48.7814 cm^-1  (      1.4624 THz )
      2     49.5537 cm^-1  (      1.4856 THz )
      3     74.1028 cm^-1  (      2.2215 THz )

 # k point   123 : (  0.4722,  0.4722,  0.9444)
   Mode, Frequency 
      1     48.7576 cm^-1  (      1.4617 THz )
      2     49.6044 cm^-1  (      1.4871 THz )
      3     74.0708 cm^-1  (      2.2206 THz )

 # k point   124 : (  0.4710,  0.4710,  0.9419)
   Mode, Frequency 
      1     48.7327 cm^-1  (      1.4610 THz )
      2     49.6572 cm^-1  (      1.4887 THz )
      3     74.0373 cm^-1  (      2.2196 THz )

 # k point   125 : (  0.4697,  0.4697,  0.9394)
   Mode, Frequency 
      1     48.7067 cm^-1  (      1.4602 THz )
      2     49.7123 cm^-1  (      1.4903 THz )
      3     74.0023 cm^-1  (      2.2185 THz )

 # k point   126 : (  0.4684,  0.4684,  0.9369)
   Mode, Frequency 
      1     48.6795 cm^-1  (      1.4594 THz )
      2     49.7696 cm^-1  (      1.4921 THz )
      3     73.9659 cm^-1  (      2.2174 THz )

 # k point   127 : (  0.4672,  0.4672,  0.9343)
   Mode, Frequency 
      1     48.6513 cm^-1  (      1.4585 THz )
      2     49.8290 cm^-1  (      1.4938 THz )
      3     73.9280 cm^-1  (      2.2163 THz )

 # k point   128 : (  0.4659,  0.4659,  0.9318)
   Mode, Frequency 
      1     48.6220 cm^-1  (      1.4577 THz )
      2     49.8905 cm^-1  (      1.4957 THz )
      3     73.8887 cm^-1  (      2.2151 THz )

 # k point   129 : (  0.4646,  0.4646,  0.9293)
   Mode, Frequency 
      1     48.5917 cm^-1  (      1.4567 THz )
      2     49.9541 cm^-1  (      1.4976 THz )
      3     73.8479 cm^-1  (      2.2139 THz )

 # k point   130 : (  0.4634,  0.4634,  0.9268)
   Mode, Frequency 
      1     48.5602 cm^-1  (      1.4558 THz )
      2     50.0199 cm^-1  (      1.4996 THz )
      3     73.8056 cm^-1  (      2.2126 THz )

 # k point   131 : (  0.4621,  0.4621,  0.9242)
   Mode, Frequency 
      1     48.5277 cm^-1  (      1.4548 THz )
      2     50.0877 cm^-1  (      1.5016 THz )
      3     73.7618 cm^-1  (      2.2113 THz )

 # k point   132 : (  0.4609,  0.4609,  0.9217)
   Mode, Frequency 
      1     48.4940 cm^-1  (      1.4538 THz )
      2     50.1575 cm^-1  (      1.5037 THz )
      3     73.7166 cm^-1  (      2.2100 THz )

 # k point   133 : (  0.4596,  0.4596,  0.9192)
   Mode, Frequency 
      1     48.4593 cm^-1  (      1.4528 THz )
      2     50.2294 cm^-1  (      1.5058 THz )
      3     73.6699 cm^-1  (      2.2086 THz )

 # k point   134 : (  0.4583,  0.4583,  0.9167)
   Mode, Frequency 
      1     48.4235 cm^-1  (      1.4517 THz )
      2     50.3033 cm^-1  (      1.5081 THz )
      3     73.6218 cm^-1  (      2.2071 THz )

 # k point   135 : (  0.4571,  0.4571,  0.9141)
   Mode, Frequency 
      1     48.3867 cm^-1  (      1.4506 THz )
      2     50.3791 cm^-1  (      1.5103 THz )
      3     73.5723 cm^-1  (      2.2056 THz )

 # k point   136 : (  0.4558,  0.4558,  0.9116)
   Mode, Frequency 
      1     48.3488 cm^-1  (      1.4495 THz )
      2     50.4569 cm^-1  (      1.5127 THz )
      3     73.5212 cm^-1  (      2.2041 THz )

 # k point   137 : (  0.4545,  0.4545,  0.9091)
   Mode, Frequency 
      1     48.3098 cm^-1  (      1.4483 THz )
      2     50.5366 cm^-1  (      1.5150 THz )
      3     73.4688 cm^-1  (      2.2025 THz )

 # k point   138 : (  0.4533,  0.4533,  0.9066)
   Mode, Frequency 
      1     48.2697 cm^-1  (      1.4471 THz )
      2     50.6181 cm^-1  (      1.5175 THz )
      3     73.4149 cm^-1  (      2.2009 THz )

 # k point   139 : (  0.4520,  0.4520,  0.9040)
   Mode, Frequency 
      1     48.2286 cm^-1  (      1.4459 THz )
      2     50.7016 cm^-1  (      1.5200 THz )
      3     73.3595 cm^-1  (      2.1993 THz )

 # k point   140 : (  0.4508,  0.4508,  0.9015)
   Mode, Frequency 
      1     48.1864 cm^-1  (      1.4446 THz )
      2     50.7868 cm^-1  (      1.5226 THz )
      3     73.3027 cm^-1  (      2.1976 THz )

 # k point   141 : (  0.4495,  0.4495,  0.8990)
   Mode, Frequency 
      1     48.1431 cm^-1  (      1.4433 THz )
      2     50.8739 cm^-1  (      1.5252 THz )
      3     73.2445 cm^-1  (      2.1958 THz )

 # k point   142 : (  0.4482,  0.4482,  0.8965)
   Mode, Frequency 
      1     48.0988 cm^-1  (      1.4420 THz )
      2     50.9627 cm^-1  (      1.5278 THz )
      3     73.1849 cm^-1  (      2.1940 THz )

 # k point   143 : (  0.4470,  0.4470,  0.8939)
   Mode, Frequency 
      1     48.0535 cm^-1  (      1.4406 THz )
      2     51.0533 cm^-1  (      1.5305 THz )
      3     73.1238 cm^-1  (      2.1922 THz )

 # k point   144 : (  0.4457,  0.4457,  0.8914)
   Mode, Frequency 
      1     48.0071 cm^-1  (      1.4392 THz )
      2     51.1456 cm^-1  (      1.5333 THz )
      3     73.0613 cm^-1  (      2.1903 THz )

 # k point   145 : (  0.4444,  0.4444,  0.8889)
   Mode, Frequency 
      1     47.9596 cm^-1  (      1.4378 THz )
      2     51.2396 cm^-1  (      1.5361 THz )
      3     72.9973 cm^-1  (      2.1884 THz )

 # k point   146 : (  0.4432,  0.4432,  0.8864)
   Mode, Frequency 
      1     47.9111 cm^-1  (      1.4363 THz )
      2     51.3352 cm^-1  (      1.5390 THz )
      3     72.9320 cm^-1  (      2.1864 THz )

 # k point   147 : (  0.4419,  0.4419,  0.8838)
   Mode, Frequency 
      1     47.8616 cm^-1  (      1.4349 THz )
      2     51.4324 cm^-1  (      1.5419 THz )
      3     72.8652 cm^-1  (      2.1844 THz )

 # k point   148 : (  0.4407,  0.4407,  0.8813)
   Mode, Frequency 
      1     47.8110 cm^-1  (      1.4333 THz )
      2     51.5312 cm^-1  (      1.5449 THz )
      3     72.7971 cm^-1  (      2.1824 THz )

 # k point   149 : (  0.4394,  0.4394,  0.8788)
   Mode, Frequency 
      1     47.7594 cm^-1  (      1.4318 THz )
      2     51.6315 cm^-1  (      1.5479 THz )
      3     72.7275 cm^-1  (      2.1803 THz )

 # k point   150 : (  0.4381,  0.4381,  0.8763)
   Mode, Frequency 
      1     47.7067 cm^-1  (      1.4302 THz )
      2     51.7334 cm^-1  (      1.5509 THz )
      3     72.6565 cm^-1  (      2.1782 THz )

 # k point   151 : (  0.4369,  0.4369,  0.8737)
   Mode, Frequency 
      1     47.6531 cm^-1  (      1.4286 THz )
      2     51.8367 cm^-1  (      1.5540 THz )
      3     72.5841 cm^-1  (      2.1760 THz )

 # k point   152 : (  0.4356,  0.4356,  0.8712)
   Mode, Frequency 
      1     47.5984 cm^-1  (      1.4270 THz )
      2     51.9415 cm^-1  (      1.5572 THz )
      3     72.5103 cm^-1  (      2.1738 THz )

 # k point   153 : (  0.4343,  0.4343,  0.8687)
   Mode, Frequency 
      1     47.5427 cm^-1  (      1.4253 THz )
      2     52.0477 cm^-1  (      1.5604 THz )
      3     72.4351 cm^-1  (      2.1716 THz )

 # k point   154 : (  0.4331,  0.4331,  0.8662)
   Mode, Frequency 
      1     47.4859 cm^-1  (      1.4236 THz )
      2     52.1553 cm^-1  (      1.5636 THz )
      3     72.3586 cm^-1  (      2.1693 THz )

 # k point   155 : (  0.4318,  0.4318,  0.8636)
   Mode, Frequency 
      1     47.4282 cm^-1  (      1.4219 THz )
      2     52.2642 cm^-1  (      1.5668 THz )
      3     72.2806 cm^-1  (      2.1669 THz )

 # k point   156 : (  0.4306,  0.4306,  0.8611)
   Mode, Frequency 
      1     47.3695 cm^-1  (      1.4201 THz )
      2     52.3744 cm^-1  (      1.5701 THz )
      3     72.2013 cm^-1  (      2.1645 THz )

 # k point   157 : (  0.4293,  0.4293,  0.8586)
   Mode, Frequency 
      1     47.3097 cm^-1  (      1.4183 THz )
      2     52.4858 cm^-1  (      1.5735 THz )
      3     72.1206 cm^-1  (      2.1621 THz )

 # k point   158 : (  0.4280,  0.4280,  0.8561)
   Mode, Frequency 
      1     47.2489 cm^-1  (      1.4165 THz )
      2     52.5985 cm^-1  (      1.5769 THz )
      3     72.0385 cm^-1  (      2.1597 THz )

 # k point   159 : (  0.4268,  0.4268,  0.8535)
   Mode, Frequency 
      1     47.1872 cm^-1  (      1.4146 THz )
      2     52.7124 cm^-1  (      1.5803 THz )
      3     71.9550 cm^-1  (      2.1572 THz )

 # k point   160 : (  0.4255,  0.4255,  0.8510)
   Mode, Frequency 
      1     47.1244 cm^-1  (      1.4128 THz )
      2     52.8275 cm^-1  (      1.5837 THz )
      3     71.8702 cm^-1  (      2.1546 THz )

 # k point   161 : (  0.4242,  0.4242,  0.8485)
   Mode, Frequency 
      1     47.0607 cm^-1  (      1.4108 THz )
      2     52.9436 cm^-1  (      1.5872 THz )
      3     71.7840 cm^-1  (      2.1520 THz )

 # k point   162 : (  0.4230,  0.4230,  0.8460)
   Mode, Frequency 
      1     46.9960 cm^-1  (      1.4089 THz )
      2     53.0609 cm^-1  (      1.5907 THz )
      3     71.6965 cm^-1  (      2.1494 THz )

 # k point   163 : (  0.4217,  0.4217,  0.8434)
   Mode, Frequency 
      1     46.9303 cm^-1  (      1.4069 THz )
      2     53.1792 cm^-1  (      1.5943 THz )
      3     71.6076 cm^-1  (      2.1467 THz )

 # k point   164 : (  0.4205,  0.4205,  0.8409)
   Mode, Frequency 
      1     46.8636 cm^-1  (      1.4049 THz )
      2     53.2984 cm^-1  (      1.5978 THz )
      3     71.5174 cm^-1  (      2.1440 THz )

 # k point   165 : (  0.4192,  0.4192,  0.8384)
   Mode, Frequency 
      1     46.7959 cm^-1  (      1.4029 THz )
      2     53.4187 cm^-1  (      1.6015 THz )
      3     71.4258 cm^-1  (      2.1413 THz )

 # k point   166 : (  0.4179,  0.4179,  0.8359)
   Mode, Frequency 
      1     46.7273 cm^-1  (      1.4008 THz )
      2     53.5398 cm^-1  (      1.6051 THz )
      3     71.3329 cm^-1  (      2.1385 THz )

 # k point   167 : (  0.4167,  0.4167,  0.8333)
   Mode, Frequency 
      1     46.6577 cm^-1  (      1.3988 THz )
      2     53.6619 cm^-1  (      1.6087 THz )
      3     71.2387 cm^-1  (      2.1357 THz )

 # k point   168 : (  0.4154,  0.4154,  0.8308)
   Mode, Frequency 
      1     46.5872 cm^-1  (      1.3966 THz )
      2     53.7848 cm^-1  (      1.6124 THz )
      3     71.1431 cm^-1  (      2.1328 THz )

 # k point   169 : (  0.4141,  0.4141,  0.8283)
   Mode, Frequency 
      1     46.5157 cm^-1  (      1.3945 THz )
      2     53.9085 cm^-1  (      1.6161 THz )
      3     71.0462 cm^-1  (      2.1299 THz )

 # k point   170 : (  0.4129,  0.4129,  0.8258)
   Mode, Frequency 
      1     46.4432 cm^-1  (      1.3923 THz )
      2     54.0330 cm^-1  (      1.6199 THz )
      3     70.9480 cm^-1  (      2.1270 THz )

 # k point   171 : (  0.4116,  0.4116,  0.8232)
   Mode, Frequency 
      1     46.3698 cm^-1  (      1.3901 THz )
      2     54.1582 cm^-1  (      1.6236 THz )
      3     70.8485 cm^-1  (      2.1240 THz )

 # k point   172 : (  0.4104,  0.4104,  0.8207)
   Mode, Frequency 
      1     46.2955 cm^-1  (      1.3879 THz )
      2     54.2841 cm^-1  (      1.6274 THz )
      3     70.7477 cm^-1  (      2.1210 THz )

 # k point   173 : (  0.4091,  0.4091,  0.8182)
   Mode, Frequency 
      1     46.2202 cm^-1  (      1.3856 THz )
      2     54.4106 cm^-1  (      1.6312 THz )
      3     70.6456 cm^-1  (      2.1179 THz )

 # k point   174 : (  0.4078,  0.4078,  0.8157)
   Mode, Frequency 
      1     46.1440 cm^-1  (      1.3834 THz )
      2     54.5377 cm^-1  (      1.6350 THz )
      3     70.5422 cm^-1  (      2.1148 THz )

 # k point   175 : (  0.4066,  0.4066,  0.8131)
   Mode, Frequency 
      1     46.0669 cm^-1  (      1.3811 THz )
      2     54.6654 cm^-1  (      1.6388 THz )
      3     70.4375 cm^-1  (      2.1117 THz )

 # k point   176 : (  0.4053,  0.4053,  0.8106)
   Mode, Frequency 
      1     45.9888 cm^-1  (      1.3787 THz )
      2     54.7937 cm^-1  (      1.6427 THz )
      3     70.3315 cm^-1  (      2.1085 THz )

 # k point   177 : (  0.4040,  0.4040,  0.8081)
   Mode, Frequency 
      1     45.9098 cm^-1  (      1.3763 THz )
      2     54.9224 cm^-1  (      1.6465 THz )
      3     70.2242 cm^-1  (      2.1053 THz )

 # k point   178 : (  0.4028,  0.4028,  0.8056)
   Mode, Frequency 
      1     45.8300 cm^-1  (      1.3739 THz )
      2     55.0515 cm^-1  (      1.6504 THz )
      3     70.1157 cm^-1  (      2.1020 THz )

 # k point   179 : (  0.4015,  0.4015,  0.8030)
   Mode, Frequency 
      1     45.7492 cm^-1  (      1.3715 THz )
      2     55.1811 cm^-1  (      1.6543 THz )
      3     70.0059 cm^-1  (      2.0987 THz )

 # k point   180 : (  0.4003,  0.4003,  0.8005)
   Mode, Frequency 
      1     45.6675 cm^-1  (      1.3691 THz )
      2     55.3110 cm^-1  (      1.6582 THz )
      3     69.8948 cm^-1  (      2.0954 THz )

 # k point   181 : (  0.3990,  0.3990,  0.7980)
   Mode, Frequency 
      1     45.5849 cm^-1  (      1.3666 THz )
      2     55.4412 cm^-1  (      1.6621 THz )
      3     69.7824 cm^-1  (      2.0920 THz )

 # k point   182 : (  0.3977,  0.3977,  0.7955)
   Mode, Frequency 
      1     45.5014 cm^-1  (      1.3641 THz )
      2     55.5717 cm^-1  (      1.6660 THz )
      3     69.6689 cm^-1  (      2.0886 THz )

 # k point   183 : (  0.3965,  0.3965,  0.7929)
   Mode, Frequency 
      1     45.4170 cm^-1  (      1.3616 THz )
      2     55.7025 cm^-1  (      1.6699 THz )
      3     69.5540 cm^-1  (      2.0852 THz )

 # k point   184 : (  0.3952,  0.3952,  0.7904)
   Mode, Frequency 
      1     45.3318 cm^-1  (      1.3590 THz )
      2     55.8334 cm^-1  (      1.6738 THz )
      3     69.4380 cm^-1  (      2.0817 THz )

 # k point   185 : (  0.3939,  0.3939,  0.7879)
   Mode, Frequency 
      1     45.2456 cm^-1  (      1.3564 THz )
      2     55.9645 cm^-1  (      1.6778 THz )
      3     69.3207 cm^-1  (      2.0782 THz )

 # k point   186 : (  0.3927,  0.3927,  0.7854)
   Mode, Frequency 
      1     45.1586 cm^-1  (      1.3538 THz )
      2     56.0957 cm^-1  (      1.6817 THz )
      3     69.2021 cm^-1  (      2.0746 THz )

 # k point   187 : (  0.3914,  0.3914,  0.7828)
   Mode, Frequency 
      1     45.0707 cm^-1  (      1.3512 THz )
      2     56.2270 cm^-1  (      1.6856 THz )
      3     69.0824 cm^-1  (      2.0710 THz )

 # k point   188 : (  0.3902,  0.3902,  0.7803)
   Mode, Frequency 
      1     44.9820 cm^-1  (      1.3485 THz )
      2     56.3583 cm^-1  (      1.6896 THz )
      3     68.9614 cm^-1  (      2.0674 THz )

 # k point   189 : (  0.3889,  0.3889,  0.7778)
   Mode, Frequency 
      1     44.8924 cm^-1  (      1.3458 THz )
      2     56.4896 cm^-1  (      1.6935 THz )
      3     68.8392 cm^-1  (      2.0637 THz )

 # k point   190 : (  0.3876,  0.3876,  0.7753)
   Mode, Frequency 
      1     44.8020 cm^-1  (      1.3431 THz )
      2     56.6208 cm^-1  (      1.6974 THz )
      3     68.7158 cm^-1  (      2.0600 THz )

 # k point   191 : (  0.3864,  0.3864,  0.7727)
   Mode, Frequency 
      1     44.7107 cm^-1  (      1.3404 THz )
      2     56.7520 cm^-1  (      1.7014 THz )
      3     68.5912 cm^-1  (      2.0563 THz )

 # k point   192 : (  0.3851,  0.3851,  0.7702)
   Mode, Frequency 
      1     44.6186 cm^-1  (      1.3376 THz )
      2     56.8830 cm^-1  (      1.7053 THz )
      3     68.4655 cm^-1  (      2.0525 THz )

 # k point   193 : (  0.3838,  0.3838,  0.7677)
   Mode, Frequency 
      1     44.5256 cm^-1  (      1.3348 THz )
      2     57.0138 cm^-1  (      1.7092 THz )
      3     68.3385 cm^-1  (      2.0487 THz )

 # k point   194 : (  0.3826,  0.3826,  0.7652)
   Mode, Frequency 
      1     44.4318 cm^-1  (      1.3320 THz )
      2     57.1444 cm^-1  (      1.7131 THz )
      3     68.2104 cm^-1  (      2.0449 THz )

 # k point   195 : (  0.3813,  0.3813,  0.7626)
   Mode, Frequency 
      1     44.3372 cm^-1  (      1.3292 THz )
      2     57.2748 cm^-1  (      1.7171 THz )
      3     68.0810 cm^-1  (      2.0410 THz )

 # k point   196 : (  0.3801,  0.3801,  0.7601)
   Mode, Frequency 
      1     44.2418 cm^-1  (      1.3263 THz )
      2     57.4049 cm^-1  (      1.7210 THz )
      3     67.9506 cm^-1  (      2.0371 THz )

 # k point   197 : (  0.3788,  0.3788,  0.7576)
   Mode, Frequency 
      1     44.1456 cm^-1  (      1.3235 THz )
      2     57.5346 cm^-1  (      1.7248 THz )
      3     67.8189 cm^-1  (      2.0332 THz )

 # k point   198 : (  0.3775,  0.3775,  0.7551)
   Mode, Frequency 
      1     44.0485 cm^-1  (      1.3205 THz )
      2     57.6639 cm^-1  (      1.7287 THz )
      3     67.6861 cm^-1  (      2.0292 THz )

 # k point   199 : (  0.3763,  0.3763,  0.7525)
   Mode, Frequency 
      1     43.9507 cm^-1  (      1.3176 THz )
      2     57.7928 cm^-1  (      1.7326 THz )
      3     67.5522 cm^-1  (      2.0252 THz )

 # k point   200 : (  0.3750,  0.3750,  0.7500)
   Mode, Frequency 
      1     43.8521 cm^-1  (      1.3147 THz )
      2     57.9213 cm^-1  (      1.7364 THz )
      3     67.4171 cm^-1  (      2.0211 THz )

 # k point   201 : (  0.3750,  0.3750,  0.7500)
   Mode, Frequency 
      1     43.8521 cm^-1  (      1.3147 THz )
      2     57.9213 cm^-1  (      1.7364 THz )
      3     67.4171 cm^-1  (      2.0211 THz )

 # k point   202 : (  0.3712,  0.3712,  0.7424)
   Mode, Frequency 
      1     43.5514 cm^-1  (      1.3056 THz )
      2     58.3034 cm^-1  (      1.7479 THz )
      3     67.0051 cm^-1  (      2.0088 THz )

 # k point   203 : (  0.3674,  0.3674,  0.7348)
   Mode, Frequency 
      1     43.2439 cm^-1  (      1.2964 THz )
      2     58.6799 cm^-1  (      1.7592 THz )
      3     66.5830 cm^-1  (      1.9961 THz )

 # k point   204 : (  0.3636,  0.3636,  0.7273)
   Mode, Frequency 
      1     42.9295 cm^-1  (      1.2870 THz )
      2     59.0496 cm^-1  (      1.7703 THz )
      3     66.1511 cm^-1  (      1.9832 THz )

 # k point   205 : (  0.3598,  0.3598,  0.7197)
   Mode, Frequency 
      1     42.6085 cm^-1  (      1.2774 THz )
      2     59.4115 cm^-1  (      1.7811 THz )
      3     65.7095 cm^-1  (      1.9699 THz )

 # k point   206 : (  0.3561,  0.3561,  0.7121)
   Mode, Frequency 
      1     42.2811 cm^-1  (      1.2676 THz )
      2     59.7646 cm^-1  (      1.7917 THz )
      3     65.2584 cm^-1  (      1.9564 THz )

 # k point   207 : (  0.3523,  0.3523,  0.7045)
   Mode, Frequency 
      1     41.9473 cm^-1  (      1.2575 THz )
      2     60.1077 cm^-1  (      1.8020 THz )
      3     64.7980 cm^-1  (      1.9426 THz )

 # k point   208 : (  0.3485,  0.3485,  0.6970)
   Mode, Frequency 
      1     41.6073 cm^-1  (      1.2474 THz )
      2     60.4398 cm^-1  (      1.8119 THz )
      3     64.3285 cm^-1  (      1.9285 THz )

 # k point   209 : (  0.3447,  0.3447,  0.6894)
   Mode, Frequency 
      1     41.2614 cm^-1  (      1.2370 THz )
      2     60.7599 cm^-1  (      1.8215 THz )
      3     63.8501 cm^-1  (      1.9142 THz )

 # k point   210 : (  0.3409,  0.3409,  0.6818)
   Mode, Frequency 
      1     40.9096 cm^-1  (      1.2264 THz )
      2     61.0671 cm^-1  (      1.8307 THz )
      3     63.3629 cm^-1  (      1.8996 THz )

 # k point   211 : (  0.3371,  0.3371,  0.6742)
   Mode, Frequency 
      1     40.5521 cm^-1  (      1.2157 THz )
      2     61.3603 cm^-1  (      1.8395 THz )
      3     62.8672 cm^-1  (      1.8847 THz )

 # k point   212 : (  0.3333,  0.3333,  0.6667)
   Mode, Frequency 
      1     40.1891 cm^-1  (      1.2048 THz )
      2     61.6385 cm^-1  (      1.8479 THz )
      3     62.3631 cm^-1  (      1.8696 THz )

 # k point   213 : (  0.3295,  0.3295,  0.6591)
   Mode, Frequency 
      1     39.8206 cm^-1  (      1.1938 THz )
      2     61.8507 cm^-1  (      1.8542 THz )
      3     61.9009 cm^-1  (      1.8557 THz )

 # k point   214 : (  0.3258,  0.3258,  0.6515)
   Mode, Frequency 
      1     39.4470 cm^-1  (      1.1826 THz )
      2     61.3304 cm^-1  (      1.8386 THz )
      3     62.1466 cm^-1  (      1.8631 THz )

 # k point   215 : (  0.3220,  0.3220,  0.6439)
   Mode, Frequency 
      1     39.0683 cm^-1  (      1.1712 THz )
      2     60.8022 cm^-1  (      1.8228 THz )
      3     62.3745 cm^-1  (      1.8699 THz )

 # k point   216 : (  0.3182,  0.3182,  0.6364)
   Mode, Frequency 
      1     38.6846 cm^-1  (      1.1597 THz )
      2     60.2664 cm^-1  (      1.8067 THz )
      3     62.5840 cm^-1  (      1.8762 THz )

 # k point   217 : (  0.3144,  0.3144,  0.6288)
   Mode, Frequency 
      1     38.2962 cm^-1  (      1.1481 THz )
      2     59.7231 cm^-1  (      1.7905 THz )
      3     62.7741 cm^-1  (      1.8819 THz )

 # k point   218 : (  0.3106,  0.3106,  0.6212)
   Mode, Frequency 
      1     37.9031 cm^-1  (      1.1363 THz )
      2     59.1725 cm^-1  (      1.7739 THz )
      3     62.9440 cm^-1  (      1.8870 THz )

 # k point   219 : (  0.3068,  0.3068,  0.6136)
   Mode, Frequency 
      1     37.5055 cm^-1  (      1.1244 THz )
      2     58.6148 cm^-1  (      1.7572 THz )
      3     63.0930 cm^-1  (      1.8915 THz )

 # k point   220 : (  0.3030,  0.3030,  0.6061)
   Mode, Frequency 
      1     37.1036 cm^-1  (      1.1123 THz )
      2     58.0501 cm^-1  (      1.7403 THz )
      3     63.2203 cm^-1  (      1.8953 THz )

 # k point   221 : (  0.2992,  0.2992,  0.5985)
   Mode, Frequency 
      1     36.6974 cm^-1  (      1.1002 THz )
      2     57.4787 cm^-1  (      1.7232 THz )
      3     63.3253 cm^-1  (      1.8984 THz )

 # k point   222 : (  0.2955,  0.2955,  0.5909)
   Mode, Frequency 
      1     36.2871 cm^-1  (      1.0879 THz )
      2     56.9006 cm^-1  (      1.7058 THz )
      3     63.4071 cm^-1  (      1.9009 THz )

 # k point   223 : (  0.2917,  0.2917,  0.5833)
   Mode, Frequency 
      1     35.8729 cm^-1  (      1.0754 THz )
      2     56.3160 cm^-1  (      1.6883 THz )
      3     63.4653 cm^-1  (      1.9026 THz )

 # k point   224 : (  0.2879,  0.2879,  0.5758)
   Mode, Frequency 
      1     35.4548 cm^-1  (      1.0629 THz )
      2     55.7251 cm^-1  (      1.6706 THz )
      3     63.4992 cm^-1  (      1.9037 THz )

 # k point   225 : (  0.2841,  0.2841,  0.5682)
   Mode, Frequency 
      1     35.0330 cm^-1  (      1.0503 THz )
      2     55.1280 cm^-1  (      1.6527 THz )
      3     63.5082 cm^-1  (      1.9039 THz )

 # k point   226 : (  0.2803,  0.2803,  0.5606)
   Mode, Frequency 
      1     34.6076 cm^-1  (      1.0375 THz )
      2     54.5249 cm^-1  (      1.6346 THz )
      3     63.4918 cm^-1  (      1.9034 THz )

 # k point   227 : (  0.2765,  0.2765,  0.5530)
   Mode, Frequency 
      1     34.1788 cm^-1  (      1.0247 THz )
      2     53.9160 cm^-1  (      1.6164 THz )
      3     63.4494 cm^-1  (      1.9022 THz )

 # k point   228 : (  0.2727,  0.2727,  0.5455)
   Mode, Frequency 
      1     33.7465 cm^-1  (      1.0117 THz )
      2     53.3012 cm^-1  (      1.5979 THz )
      3     63.3807 cm^-1  (      1.9001 THz )

 # k point   229 : (  0.2689,  0.2689,  0.5379)
   Mode, Frequency 
      1     33.3110 cm^-1  (      0.9986 THz )
      2     52.6809 cm^-1  (      1.5793 THz )
      3     63.2853 cm^-1  (      1.8972 THz )

 # k point   230 : (  0.2652,  0.2652,  0.5303)
   Mode, Frequency 
      1     32.8724 cm^-1  (      0.9855 THz )
      2     52.0552 cm^-1  (      1.5606 THz )
      3     63.1626 cm^-1  (      1.8936 THz )

 # k point   231 : (  0.2614,  0.2614,  0.5227)
   Mode, Frequency 
      1     32.4308 cm^-1  (      0.9723 THz )
      2     51.4240 cm^-1  (      1.5417 THz )
      3     63.0125 cm^-1  (      1.8891 THz )

 # k point   232 : (  0.2576,  0.2576,  0.5152)
   Mode, Frequency 
      1     31.9862 cm^-1  (      0.9589 THz )
      2     50.7877 cm^-1  (      1.5226 THz )
      3     62.8346 cm^-1  (      1.8837 THz )

 # k point   233 : (  0.2538,  0.2538,  0.5076)
   Mode, Frequency 
      1     31.5388 cm^-1  (      0.9455 THz )
      2     50.1462 cm^-1  (      1.5033 THz )
      3     62.6286 cm^-1  (      1.8776 THz )

 # k point   234 : (  0.2500,  0.2500,  0.5000)
   Mode, Frequency 
      1     31.0887 cm^-1  (      0.9320 THz )
      2     49.4998 cm^-1  (      1.4840 THz )
      3     62.3943 cm^-1  (      1.8705 THz )

 # k point   235 : (  0.2462,  0.2462,  0.4924)
   Mode, Frequency 
      1     30.6360 cm^-1  (      0.9184 THz )
      2     48.8484 cm^-1  (      1.4644 THz )
      3     62.1316 cm^-1  (      1.8627 THz )

 # k point   236 : (  0.2424,  0.2424,  0.4848)
   Mode, Frequency 
      1     30.1807 cm^-1  (      0.9048 THz )
      2     48.1923 cm^-1  (      1.4448 THz )
      3     61.8404 cm^-1  (      1.8539 THz )

 # k point   237 : (  0.2386,  0.2386,  0.4773)
   Mode, Frequency 
      1     29.7230 cm^-1  (      0.8911 THz )
      2     47.5315 cm^-1  (      1.4250 THz )
      3     61.5205 cm^-1  (      1.8443 THz )

 # k point   238 : (  0.2348,  0.2348,  0.4697)
   Mode, Frequency 
      1     29.2630 cm^-1  (      0.8773 THz )
      2     46.8662 cm^-1  (      1.4050 THz )
      3     61.1719 cm^-1  (      1.8339 THz )

 # k point   239 : (  0.2311,  0.2311,  0.4621)
   Mode, Frequency 
      1     28.8008 cm^-1  (      0.8634 THz )
      2     46.1963 cm^-1  (      1.3849 THz )
      3     60.7945 cm^-1  (      1.8226 THz )

 # k point   240 : (  0.2273,  0.2273,  0.4545)
   Mode, Frequency 
      1     28.3364 cm^-1  (      0.8495 THz )
      2     45.5221 cm^-1  (      1.3647 THz )
      3     60.3885 cm^-1  (      1.8104 THz )

 # k point   241 : (  0.2235,  0.2235,  0.4470)
   Mode, Frequency 
      1     27.8700 cm^-1  (      0.8355 THz )
      2     44.8436 cm^-1  (      1.3444 THz )
      3     59.9539 cm^-1  (      1.7974 THz )

 # k point   242 : (  0.2197,  0.2197,  0.4394)
   Mode, Frequency 
      1     27.4016 cm^-1  (      0.8215 THz )
      2     44.1609 cm^-1  (      1.3239 THz )
      3     59.4907 cm^-1  (      1.7835 THz )

 # k point   243 : (  0.2159,  0.2159,  0.4318)
   Mode, Frequency 
      1     26.9313 cm^-1  (      0.8074 THz )
      2     43.4741 cm^-1  (      1.3033 THz )
      3     58.9992 cm^-1  (      1.7688 THz )

 # k point   244 : (  0.2121,  0.2121,  0.4242)
   Mode, Frequency 
      1     26.4594 cm^-1  (      0.7932 THz )
      2     42.7832 cm^-1  (      1.2826 THz )
      3     58.4796 cm^-1  (      1.7532 THz )

 # k point   245 : (  0.2083,  0.2083,  0.4167)
   Mode, Frequency 
      1     25.9857 cm^-1  (      0.7790 THz )
      2     42.0884 cm^-1  (      1.2618 THz )
      3     57.9320 cm^-1  (      1.7368 THz )

 # k point   246 : (  0.2045,  0.2045,  0.4091)
   Mode, Frequency 
      1     25.5105 cm^-1  (      0.7648 THz )
      2     41.3897 cm^-1  (      1.2408 THz )
      3     57.3567 cm^-1  (      1.7195 THz )

 # k point   247 : (  0.2008,  0.2008,  0.4015)
   Mode, Frequency 
      1     25.0338 cm^-1  (      0.7505 THz )
      2     40.6872 cm^-1  (      1.2198 THz )
      3     56.7541 cm^-1  (      1.7014 THz )

 # k point   248 : (  0.1970,  0.1970,  0.3939)
   Mode, Frequency 
      1     24.5557 cm^-1  (      0.7362 THz )
      2     39.9810 cm^-1  (      1.1986 THz )
      3     56.1244 cm^-1  (      1.6826 THz )

 # k point   249 : (  0.1932,  0.1932,  0.3864)
   Mode, Frequency 
      1     24.0764 cm^-1  (      0.7218 THz )
      2     39.2712 cm^-1  (      1.1773 THz )
      3     55.4680 cm^-1  (      1.6629 THz )

 # k point   250 : (  0.1894,  0.1894,  0.3788)
   Mode, Frequency 
      1     23.5959 cm^-1  (      0.7074 THz )
      2     38.5578 cm^-1  (      1.1559 THz )
      3     54.7854 cm^-1  (      1.6424 THz )

 # k point   251 : (  0.1856,  0.1856,  0.3712)
   Mode, Frequency 
      1     23.1143 cm^-1  (      0.6930 THz )
      2     37.8409 cm^-1  (      1.1344 THz )
      3     54.0770 cm^-1  (      1.6212 THz )

 # k point   252 : (  0.1818,  0.1818,  0.3636)
   Mode, Frequency 
      1     22.6318 cm^-1  (      0.6785 THz )
      2     37.1206 cm^-1  (      1.1128 THz )
      3     53.3431 cm^-1  (      1.5992 THz )

 # k point   253 : (  0.1780,  0.1780,  0.3561)
   Mode, Frequency 
      1     22.1484 cm^-1  (      0.6640 THz )
      2     36.3969 cm^-1  (      1.0912 THz )
      3     52.5843 cm^-1  (      1.5764 THz )

 # k point   254 : (  0.1742,  0.1742,  0.3485)
   Mode, Frequency 
      1     21.6643 cm^-1  (      0.6495 THz )
      2     35.6699 cm^-1  (      1.0694 THz )
      3     51.8012 cm^-1  (      1.5530 THz )

 # k point   255 : (  0.1705,  0.1705,  0.3409)
   Mode, Frequency 
      1     21.1795 cm^-1  (      0.6349 THz )
      2     34.9398 cm^-1  (      1.0475 THz )
      3     50.9942 cm^-1  (      1.5288 THz )

 # k point   256 : (  0.1667,  0.1667,  0.3333)
   Mode, Frequency 
      1     20.6941 cm^-1  (      0.6204 THz )
      2     34.2065 cm^-1  (      1.0255 THz )
      3     50.1638 cm^-1  (      1.5039 THz )

 # k point   257 : (  0.1629,  0.1629,  0.3258)
   Mode, Frequency 
      1     20.2084 cm^-1  (      0.6058 THz )
      2     33.4702 cm^-1  (      1.0034 THz )
      3     49.3108 cm^-1  (      1.4783 THz )

 # k point   258 : (  0.1591,  0.1591,  0.3182)
   Mode, Frequency 
      1     19.7223 cm^-1  (      0.5913 THz )
      2     32.7309 cm^-1  (      0.9812 THz )
      3     48.4357 cm^-1  (      1.4521 THz )

 # k point   259 : (  0.1553,  0.1553,  0.3106)
   Mode, Frequency 
      1     19.2359 cm^-1  (      0.5767 THz )
      2     31.9887 cm^-1  (      0.9590 THz )
      3     47.5390 cm^-1  (      1.4252 THz )

 # k point   260 : (  0.1515,  0.1515,  0.3030)
   Mode, Frequency 
      1     18.7495 cm^-1  (      0.5621 THz )
      2     31.2437 cm^-1  (      0.9367 THz )
      3     46.6214 cm^-1  (      1.3977 THz )

 # k point   261 : (  0.1477,  0.1477,  0.2955)
   Mode, Frequency 
      1     18.2631 cm^-1  (      0.5475 THz )
      2     30.4959 cm^-1  (      0.9142 THz )
      3     45.6837 cm^-1  (      1.3696 THz )

 # k point   262 : (  0.1439,  0.1439,  0.2879)
   Mode, Frequency 
      1     17.7767 cm^-1  (      0.5329 THz )
      2     29.7455 cm^-1  (      0.8917 THz )
      3     44.7263 cm^-1  (      1.3409 THz )

 # k point   263 : (  0.1402,  0.1402,  0.2803)
   Mode, Frequency 
      1     17.2906 cm^-1  (      0.5184 THz )
      2     28.9924 cm^-1  (      0.8692 THz )
      3     43.7500 cm^-1  (      1.3116 THz )

 # k point   264 : (  0.1364,  0.1364,  0.2727)
   Mode, Frequency 
      1     16.8048 cm^-1  (      0.5038 THz )
      2     28.2368 cm^-1  (      0.8465 THz )
      3     42.7555 cm^-1  (      1.2818 THz )

 # k point   265 : (  0.1326,  0.1326,  0.2652)
   Mode, Frequency 
      1     16.3194 cm^-1  (      0.4892 THz )
      2     27.4788 cm^-1  (      0.8238 THz )
      3     41.7433 cm^-1  (      1.2514 THz )

 # k point   266 : (  0.1288,  0.1288,  0.2576)
   Mode, Frequency 
      1     15.8345 cm^-1  (      0.4747 THz )
      2     26.7185 cm^-1  (      0.8010 THz )
      3     40.7143 cm^-1  (      1.2206 THz )

 # k point   267 : (  0.1250,  0.1250,  0.2500)
   Mode, Frequency 
      1     15.3503 cm^-1  (      0.4602 THz )
      2     25.9558 cm^-1  (      0.7781 THz )
      3     39.6691 cm^-1  (      1.1892 THz )

 # k point   268 : (  0.1212,  0.1212,  0.2424)
   Mode, Frequency 
      1     14.8667 cm^-1  (      0.4457 THz )
      2     25.1909 cm^-1  (      0.7552 THz )
      3     38.6083 cm^-1  (      1.1574 THz )

 # k point   269 : (  0.1174,  0.1174,  0.2348)
   Mode, Frequency 
      1     14.3839 cm^-1  (      0.4312 THz )
      2     24.4239 cm^-1  (      0.7322 THz )
      3     37.5327 cm^-1  (      1.1252 THz )

 # k point   270 : (  0.1136,  0.1136,  0.2273)
   Mode, Frequency 
      1     13.9021 cm^-1  (      0.4168 THz )
      2     23.6549 cm^-1  (      0.7092 THz )
      3     36.4429 cm^-1  (      1.0925 THz )

 # k point   271 : (  0.1098,  0.1098,  0.2197)
   Mode, Frequency 
      1     13.4211 cm^-1  (      0.4024 THz )
      2     22.8839 cm^-1  (      0.6860 THz )
      3     35.3396 cm^-1  (      1.0595 THz )

 # k point   272 : (  0.1061,  0.1061,  0.2121)
   Mode, Frequency 
      1     12.9413 cm^-1  (      0.3880 THz )
      2     22.1110 cm^-1  (      0.6629 THz )
      3     34.2234 cm^-1  (      1.0260 THz )

 # k point   273 : (  0.1023,  0.1023,  0.2045)
   Mode, Frequency 
      1     12.4625 cm^-1  (      0.3736 THz )
      2     21.3363 cm^-1  (      0.6396 THz )
      3     33.0951 cm^-1  (      0.9922 THz )

 # k point   274 : (  0.0985,  0.0985,  0.1970)
   Mode, Frequency 
      1     11.9849 cm^-1  (      0.3593 THz )
      2     20.5598 cm^-1  (      0.6164 THz )
      3     31.9551 cm^-1  (      0.9580 THz )

 # k point   275 : (  0.0947,  0.0947,  0.1894)
   Mode, Frequency 
      1     11.5085 cm^-1  (      0.3450 THz )
      2     19.7817 cm^-1  (      0.5930 THz )
      3     30.8043 cm^-1  (      0.9235 THz )

 # k point   276 : (  0.0909,  0.0909,  0.1818)
   Mode, Frequency 
      1     11.0334 cm^-1  (      0.3308 THz )
      2     19.0021 cm^-1  (      0.5697 THz )
      3     29.6431 cm^-1  (      0.8887 THz )

 # k point   277 : (  0.0871,  0.0871,  0.1742)
   Mode, Frequency 
      1     10.5596 cm^-1  (      0.3166 THz )
      2     18.2209 cm^-1  (      0.5462 THz )
      3     28.4722 cm^-1  (      0.8536 THz )

 # k point   278 : (  0.0833,  0.0833,  0.1667)
   Mode, Frequency 
      1     10.0872 cm^-1  (      0.3024 THz )
      2     17.4383 cm^-1  (      0.5228 THz )
      3     27.2922 cm^-1  (      0.8182 THz )

 # k point   279 : (  0.0795,  0.0795,  0.1591)
   Mode, Frequency 
      1      9.6161 cm^-1  (      0.2883 THz )
      2     16.6544 cm^-1  (      0.4993 THz )
      3     26.1037 cm^-1  (      0.7826 THz )

 # k point   280 : (  0.0758,  0.0758,  0.1515)
   Mode, Frequency 
      1      9.1465 cm^-1  (      0.2742 THz )
      2     15.8691 cm^-1  (      0.4757 THz )
      3     24.9072 cm^-1  (      0.7467 THz )

 # k point   281 : (  0.0720,  0.0720,  0.1439)
   Mode, Frequency 
      1      8.6782 cm^-1  (      0.2602 THz )
      2     15.0827 cm^-1  (      0.4522 THz )
      3     23.7032 cm^-1  (      0.7106 THz )

 # k point   282 : (  0.0682,  0.0682,  0.1364)
   Mode, Frequency 
      1      8.2114 cm^-1  (      0.2462 THz )
      2     14.2952 cm^-1  (      0.4286 THz )
      3     22.4923 cm^-1  (      0.6743 THz )

 # k point   283 : (  0.0644,  0.0644,  0.1288)
   Mode, Frequency 
      1      7.7459 cm^-1  (      0.2322 THz )
      2     13.5066 cm^-1  (      0.4049 THz )
      3     21.2749 cm^-1  (      0.6378 THz )

 # k point   284 : (  0.0606,  0.0606,  0.1212)
   Mode, Frequency 
      1      7.2819 cm^-1  (      0.2183 THz )
      2     12.7170 cm^-1  (      0.3812 THz )
      3     20.0516 cm^-1  (      0.6011 THz )

 # k point   285 : (  0.0568,  0.0568,  0.1136)
   Mode, Frequency 
      1      6.8192 cm^-1  (      0.2044 THz )
      2     11.9264 cm^-1  (      0.3575 THz )
      3     18.8229 cm^-1  (      0.5643 THz )

 # k point   286 : (  0.0530,  0.0530,  0.1061)
   Mode, Frequency 
      1      6.3578 cm^-1  (      0.1906 THz )
      2     11.1351 cm^-1  (      0.3338 THz )
      3     17.5891 cm^-1  (      0.5273 THz )

 # k point   287 : (  0.0492,  0.0492,  0.0985)
   Mode, Frequency 
      1      5.8977 cm^-1  (      0.1768 THz )
      2     10.3429 cm^-1  (      0.3101 THz )
      3     16.3507 cm^-1  (      0.4902 THz )

 # k point   288 : (  0.0455,  0.0455,  0.0909)
   Mode, Frequency 
      1      5.4389 cm^-1  (      0.1631 THz )
      2      9.5500 cm^-1  (      0.2863 THz )
      3     15.1081 cm^-1  (      0.4529 THz )

 # k point   289 : (  0.0417,  0.0417,  0.0833)
   Mode, Frequency 
      1      4.9812 cm^-1  (      0.1493 THz )
      2      8.7564 cm^-1  (      0.2625 THz )
      3     13.8617 cm^-1  (      0.4156 THz )

 # k point   290 : (  0.0379,  0.0379,  0.0758)
   Mode, Frequency 
      1      4.5246 cm^-1  (      0.1356 THz )
      2      7.9623 cm^-1  (      0.2387 THz )
      3     12.6119 cm^-1  (      0.3781 THz )

 # k point   291 : (  0.0341,  0.0341,  0.0682)
   Mode, Frequency 
      1      4.0690 cm^-1  (      0.1220 THz )
      2      7.1676 cm^-1  (      0.2149 THz )
      3     11.3591 cm^-1  (      0.3405 THz )

 # k point   292 : (  0.0303,  0.0303,  0.0606)
   Mode, Frequency 
      1      3.6144 cm^-1  (      0.1084 THz )
      2      6.3724 cm^-1  (      0.1910 THz )
      3     10.1035 cm^-1  (      0.3029 THz )

 # k point   293 : (  0.0265,  0.0265,  0.0530)
   Mode, Frequency 
      1      3.1607 cm^-1  (      0.0948 THz )
      2      5.5768 cm^-1  (      0.1672 THz )
      3      8.8456 cm^-1  (      0.2652 THz )

 # k point   294 : (  0.0227,  0.0227,  0.0455)
   Mode, Frequency 
      1      2.7077 cm^-1  (      0.0812 THz )
      2      4.7808 cm^-1  (      0.1433 THz )
      3      7.5857 cm^-1  (      0.2274 THz )

 # k point   295 : (  0.0189,  0.0189,  0.0379)
   Mode, Frequency 
      1      2.2554 cm^-1  (      0.0676 THz )
      2      3.9845 cm^-1  (      0.1195 THz )
      3      6.3240 cm^-1  (      0.1896 THz )

 # k point   296 : (  0.0152,  0.0152,  0.0303)
   Mode, Frequency 
      1      1.8036 cm^-1  (      0.0541 THz )
      2      3.1879 cm^-1  (      0.0956 THz )
      3      5.0609 cm^-1  (      0.1517 THz )

 # k point   297 : (  0.0114,  0.0114,  0.0227)
   Mode, Frequency 
      1      1.3523 cm^-1  (      0.0405 THz )
      2      2.3911 cm^-1  (      0.0717 THz )
      3      3.7966 cm^-1  (      0.1138 THz )

 # k point   298 : (  0.0076,  0.0076,  0.0152)
   Mode, Frequency 
      1      0.9013 cm^-1  (      0.0270 THz )
      2      1.5941 cm^-1  (      0.0478 THz )
      3      2.5316 cm^-1  (      0.0759 THz )

 # k point   299 : (  0.0038,  0.0038,  0.0076)
   Mode, Frequency 
      1      0.4506 cm^-1  (      0.0135 THz )
      2      0.7971 cm^-1  (      0.0239 THz )
      3      1.2659 cm^-1  (      0.0380 THz )

 # k point   300 : (  0.0000,  0.0000,  0.0000)
   Mode, Frequency 
      1      0.0000 cm^-1  (      0.0000 THz )
      2      0.0000 cm^-1  (      0.0000 THz )
      3      0.0000 cm^-1  (      0.0000 THz )

 # k point   301 : (  0.0000,  0.0000,  0.0000)
   Mode, Frequency 
      1      0.0000 cm^-1  (      0.0000 THz )
      2      0.0000 cm^-1  (      0.0000 THz )
      3      0.0000 cm^-1  (      0.0000 THz )

 # k point   302 : (  0.0051,  0.0051,  0.0051)
   Mode, Frequency 
      1      0.4811 cm^-1  (      0.0144 THz )
      2      0.4811 cm^-1  (      0.0144 THz )
      3      1.0791 cm^-1  (      0.0324 THz )

 # k point   303 : (  0.0101,  0.0101,  0.0101)
   Mode, Frequency 
      1      0.9620 cm^-1  (      0.0288 THz )
      2      0.9620 cm^-1  (      0.0288 THz )
      3      2.1582 cm^-1  (      0.0647 THz )

 # k point   304 : (  0.0152,  0.0152,  0.0152)
   Mode, Frequency 
      1      1.4428 cm^-1  (      0.0433 THz )
      2      1.4428 cm^-1  (      0.0433 THz )
      3      3.2371 cm^-1  (      0.0970 THz )

 # k point   305 : (  0.0202,  0.0202,  0.0202)
   Mode, Frequency 
      1      1.9233 cm^-1  (      0.0577 THz )
      2      1.9233 cm^-1  (      0.0577 THz )
      3      4.3157 cm^-1  (      0.1294 THz )

 # k point   306 : (  0.0253,  0.0253,  0.0253)
   Mode, Frequency 
      1      2.4033 cm^-1  (      0.0721 THz )
      2      2.4033 cm^-1  (      0.0721 THz )
      3      5.3941 cm^-1  (      0.1617 THz )

 # k point   307 : (  0.0303,  0.0303,  0.0303)
   Mode, Frequency 
      1      2.8829 cm^-1  (      0.0864 THz )
      2      2.8829 cm^-1  (      0.0864 THz )
      3      6.4721 cm^-1  (      0.1940 THz )

 # k point   308 : (  0.0354,  0.0354,  0.0354)
   Mode, Frequency 
      1      3.3619 cm^-1  (      0.1008 THz )
      2      3.3619 cm^-1  (      0.1008 THz )
      3      7.5496 cm^-1  (      0.2263 THz )

 # k point   309 : (  0.0404,  0.0404,  0.0404)
   Mode, Frequency 
      1      3.8403 cm^-1  (      0.1151 THz )
      2      3.8403 cm^-1  (      0.1151 THz )
      3      8.6266 cm^-1  (      0.2586 THz )

 # k point   310 : (  0.0455,  0.0455,  0.0455)
   Mode, Frequency 
      1      4.3178 cm^-1  (      0.1294 THz )
      2      4.3178 cm^-1  (      0.1294 THz )
      3      9.7029 cm^-1  (      0.2909 THz )

 # k point   311 : (  0.0505,  0.0505,  0.0505)
   Mode, Frequency 
      1      4.7944 cm^-1  (      0.1437 THz )
      2      4.7944 cm^-1  (      0.1437 THz )
      3     10.7785 cm^-1  (      0.3231 THz )

 # k point   312 : (  0.0556,  0.0556,  0.0556)
   Mode, Frequency 
      1      5.2701 cm^-1  (      0.1580 THz )
      2      5.2701 cm^-1  (      0.1580 THz )
      3     11.8533 cm^-1  (      0.3554 THz )

 # k point   313 : (  0.0606,  0.0606,  0.0606)
   Mode, Frequency 
      1      5.7447 cm^-1  (      0.1722 THz )
      2      5.7447 cm^-1  (      0.1722 THz )
      3     12.9271 cm^-1  (      0.3875 THz )

 # k point   314 : (  0.0657,  0.0657,  0.0657)
   Mode, Frequency 
      1      6.2181 cm^-1  (      0.1864 THz )
      2      6.2181 cm^-1  (      0.1864 THz )
      3     13.9998 cm^-1  (      0.4197 THz )

 # k point   315 : (  0.0707,  0.0707,  0.0707)
   Mode, Frequency 
      1      6.6902 cm^-1  (      0.2006 THz )
      2      6.6902 cm^-1  (      0.2006 THz )
      3     15.0713 cm^-1  (      0.4518 THz )

 # k point   316 : (  0.0758,  0.0758,  0.0758)
   Mode, Frequency 
      1      7.1609 cm^-1  (      0.2147 THz )
      2      7.1609 cm^-1  (      0.2147 THz )
      3     16.1416 cm^-1  (      0.4839 THz )

 # k point   317 : (  0.0808,  0.0808,  0.0808)
   Mode, Frequency 
      1      7.6301 cm^-1  (      0.2287 THz )
      2      7.6301 cm^-1  (      0.2287 THz )
      3     17.2104 cm^-1  (      0.5160 THz )

 # k point   318 : (  0.0859,  0.0859,  0.0859)
   Mode, Frequency 
      1      8.0977 cm^-1  (      0.2428 THz )
      2      8.0977 cm^-1  (      0.2428 THz )
      3     18.2776 cm^-1  (      0.5479 THz )

 # k point   319 : (  0.0909,  0.0909,  0.0909)
   Mode, Frequency 
      1      8.5636 cm^-1  (      0.2567 THz )
      2      8.5636 cm^-1  (      0.2567 THz )
      3     19.3431 cm^-1  (      0.5799 THz )

 # k point   320 : (  0.0960,  0.0960,  0.0960)
   Mode, Frequency 
      1      9.0278 cm^-1  (      0.2706 THz )
      2      9.0278 cm^-1  (      0.2706 THz )
      3     20.4066 cm^-1  (      0.6118 THz )

 # k point   321 : (  0.1010,  0.1010,  0.1010)
   Mode, Frequency 
      1      9.4900 cm^-1  (      0.2845 THz )
      2      9.4900 cm^-1  (      0.2845 THz )
      3     21.4681 cm^-1  (      0.6436 THz )

 # k point   322 : (  0.1061,  0.1061,  0.1061)
   Mode, Frequency 
      1      9.9502 cm^-1  (      0.2983 THz )
      2      9.9502 cm^-1  (      0.2983 THz )
      3     22.5274 cm^-1  (      0.6754 THz )

 # k point   323 : (  0.1111,  0.1111,  0.1111)
   Mode, Frequency 
      1     10.4083 cm^-1  (      0.3120 THz )
      2     10.4083 cm^-1  (      0.3120 THz )
      3     23.5842 cm^-1  (      0.7070 THz )

 # k point   324 : (  0.1162,  0.1162,  0.1162)
   Mode, Frequency 
      1     10.8641 cm^-1  (      0.3257 THz )
      2     10.8641 cm^-1  (      0.3257 THz )
      3     24.6384 cm^-1  (      0.7386 THz )

 # k point   325 : (  0.1212,  0.1212,  0.1212)
   Mode, Frequency 
      1     11.3176 cm^-1  (      0.3393 THz )
      2     11.3176 cm^-1  (      0.3393 THz )
      3     25.6898 cm^-1  (      0.7702 THz )

 # k point   326 : (  0.1263,  0.1263,  0.1263)
   Mode, Frequency 
      1     11.7687 cm^-1  (      0.3528 THz )
      2     11.7687 cm^-1  (      0.3528 THz )
      3     26.7381 cm^-1  (      0.8016 THz )

 # k point   327 : (  0.1313,  0.1313,  0.1313)
   Mode, Frequency 
      1     12.2172 cm^-1  (      0.3663 THz )
      2     12.2172 cm^-1  (      0.3663 THz )
      3     27.7831 cm^-1  (      0.8329 THz )

 # k point   328 : (  0.1364,  0.1364,  0.1364)
   Mode, Frequency 
      1     12.6631 cm^-1  (      0.3796 THz )
      2     12.6631 cm^-1  (      0.3796 THz )
      3     28.8247 cm^-1  (      0.8641 THz )

 # k point   329 : (  0.1414,  0.1414,  0.1414)
   Mode, Frequency 
      1     13.1062 cm^-1  (      0.3929 THz )
      2     13.1062 cm^-1  (      0.3929 THz )
      3     29.8625 cm^-1  (      0.8953 THz )

 # k point   330 : (  0.1465,  0.1465,  0.1465)
   Mode, Frequency 
      1     13.5464 cm^-1  (      0.4061 THz )
      2     13.5464 cm^-1  (      0.4061 THz )
      3     30.8963 cm^-1  (      0.9262 THz )

 # k point   331 : (  0.1515,  0.1515,  0.1515)
   Mode, Frequency 
      1     13.9836 cm^-1  (      0.4192 THz )
      2     13.9836 cm^-1  (      0.4192 THz )
      3     31.9259 cm^-1  (      0.9571 THz )

 # k point   332 : (  0.1566,  0.1566,  0.1566)
   Mode, Frequency 
      1     14.4177 cm^-1  (      0.4322 THz )
      2     14.4177 cm^-1  (      0.4322 THz )
      3     32.9509 cm^-1  (      0.9878 THz )

 # k point   333 : (  0.1616,  0.1616,  0.1616)
   Mode, Frequency 
      1     14.8486 cm^-1  (      0.4451 THz )
      2     14.8486 cm^-1  (      0.4451 THz )
      3     33.9711 cm^-1  (      1.0184 THz )

 # k point   334 : (  0.1667,  0.1667,  0.1667)
   Mode, Frequency 
      1     15.2762 cm^-1  (      0.4580 THz )
      2     15.2762 cm^-1  (      0.4580 THz )
      3     34.9863 cm^-1  (      1.0489 THz )

 # k point   335 : (  0.1717,  0.1717,  0.1717)
   Mode, Frequency 
      1     15.7003 cm^-1  (      0.4707 THz )
      2     15.7003 cm^-1  (      0.4707 THz )
      3     35.9961 cm^-1  (      1.0791 THz )

 # k point   336 : (  0.1768,  0.1768,  0.1768)
   Mode, Frequency 
      1     16.1209 cm^-1  (      0.4833 THz )
      2     16.1209 cm^-1  (      0.4833 THz )
      3     37.0002 cm^-1  (      1.1092 THz )

 # k point   337 : (  0.1818,  0.1818,  0.1818)
   Mode, Frequency 
      1     16.5378 cm^-1  (      0.4958 THz )
      2     16.5378 cm^-1  (      0.4958 THz )
      3     37.9984 cm^-1  (      1.1392 THz )

 # k point   338 : (  0.1869,  0.1869,  0.1869)
   Mode, Frequency 
      1     16.9510 cm^-1  (      0.5082 THz )
      2     16.9510 cm^-1  (      0.5082 THz )
      3     38.9902 cm^-1  (      1.1689 THz )

 # k point   339 : (  0.1919,  0.1919,  0.1919)
   Mode, Frequency 
      1     17.3602 cm^-1  (      0.5204 THz )
      2     17.3602 cm^-1  (      0.5204 THz )
      3     39.9755 cm^-1  (      1.1984 THz )

 # k point   340 : (  0.1970,  0.1970,  0.1970)
   Mode, Frequency 
      1     17.7655 cm^-1  (      0.5326 THz )
      2     17.7655 cm^-1  (      0.5326 THz )
      3     40.9538 cm^-1  (      1.2278 THz )

 # k point   341 : (  0.2020,  0.2020,  0.2020)
   Mode, Frequency 
      1     18.1666 cm^-1  (      0.5446 THz )
      2     18.1666 cm^-1  (      0.5446 THz )
      3     41.9249 cm^-1  (      1.2569 THz )

 # k point   342 : (  0.2071,  0.2071,  0.2071)
   Mode, Frequency 
      1     18.5635 cm^-1  (      0.5565 THz )
      2     18.5635 cm^-1  (      0.5565 THz )
      3     42.8884 cm^-1  (      1.2858 THz )

 # k point   343 : (  0.2121,  0.2121,  0.2121)
   Mode, Frequency 
      1     18.9561 cm^-1  (      0.5683 THz )
      2     18.9561 cm^-1  (      0.5683 THz )
      3     43.8439 cm^-1  (      1.3144 THz )

 # k point   344 : (  0.2172,  0.2172,  0.2172)
   Mode, Frequency 
      1     19.3443 cm^-1  (      0.5799 THz )
      2     19.3443 cm^-1  (      0.5799 THz )
      3     44.7912 cm^-1  (      1.3428 THz )

 # k point   345 : (  0.2222,  0.2222,  0.2222)
   Mode, Frequency 
      1     19.7278 cm^-1  (      0.5914 THz )
      2     19.7278 cm^-1  (      0.5914 THz )
      3     45.7299 cm^-1  (      1.3709 THz )

 # k point   346 : (  0.2273,  0.2273,  0.2273)
   Mode, Frequency 
      1     20.1068 cm^-1  (      0.6028 THz )
      2     20.1068 cm^-1  (      0.6028 THz )
      3     46.6595 cm^-1  (      1.3988 THz )

 # k point   347 : (  0.2323,  0.2323,  0.2323)
   Mode, Frequency 
      1     20.4809 cm^-1  (      0.6140 THz )
      2     20.4809 cm^-1  (      0.6140 THz )
      3     47.5799 cm^-1  (      1.4264 THz )

 # k point   348 : (  0.2374,  0.2374,  0.2374)
   Mode, Frequency 
      1     20.8501 cm^-1  (      0.6251 THz )
      2     20.8501 cm^-1  (      0.6251 THz )
      3     48.4906 cm^-1  (      1.4537 THz )

 # k point   349 : (  0.2424,  0.2424,  0.2424)
   Mode, Frequency 
      1     21.2144 cm^-1  (      0.6360 THz )
      2     21.2144 cm^-1  (      0.6360 THz )
      3     49.3912 cm^-1  (      1.4807 THz )

 # k point   350 : (  0.2475,  0.2475,  0.2475)
   Mode, Frequency 
      1     21.5736 cm^-1  (      0.6468 THz )
      2     21.5736 cm^-1  (      0.6468 THz )
      3     50.2815 cm^-1  (      1.5074 THz )

 # k point   351 : (  0.2525,  0.2525,  0.2525)
   Mode, Frequency 
      1     21.9275 cm^-1  (      0.6574 THz )
      2     21.9275 cm^-1  (      0.6574 THz )
      3     51.1610 cm^-1  (      1.5338 THz )

 # k point   352 : (  0.2576,  0.2576,  0.2576)
   Mode, Frequency 
      1     22.2761 cm^-1  (      0.6678 THz )
      2     22.2761 cm^-1  (      0.6678 THz )
      3     52.0294 cm^-1  (      1.5598 THz )

 # k point   353 : (  0.2626,  0.2626,  0.2626)
   Mode, Frequency 
      1     22.6193 cm^-1  (      0.6781 THz )
      2     22.6193 cm^-1  (      0.6781 THz )
      3     52.8863 cm^-1  (      1.5855 THz )

 # k point   354 : (  0.2677,  0.2677,  0.2677)
   Mode, Frequency 
      1     22.9570 cm^-1  (      0.6882 THz )
      2     22.9570 cm^-1  (      0.6882 THz )
      3     53.7314 cm^-1  (      1.6108 THz )

 # k point   355 : (  0.2727,  0.2727,  0.2727)
   Mode, Frequency 
      1     23.2891 cm^-1  (      0.6982 THz )
      2     23.2891 cm^-1  (      0.6982 THz )
      3     54.5644 cm^-1  (      1.6358 THz )

 # k point   356 : (  0.2778,  0.2778,  0.2778)
   Mode, Frequency 
      1     23.6154 cm^-1  (      0.7080 THz )
      2     23.6154 cm^-1  (      0.7080 THz )
      3     55.3848 cm^-1  (      1.6604 THz )

 # k point   357 : (  0.2828,  0.2828,  0.2828)
   Mode, Frequency 
      1     23.9359 cm^-1  (      0.7176 THz )
      2     23.9359 cm^-1  (      0.7176 THz )
      3     56.1923 cm^-1  (      1.6846 THz )

 # k point   358 : (  0.2879,  0.2879,  0.2879)
   Mode, Frequency 
      1     24.2505 cm^-1  (      0.7270 THz )
      2     24.2505 cm^-1  (      0.7270 THz )
      3     56.9867 cm^-1  (      1.7084 THz )

 # k point   359 : (  0.2929,  0.2929,  0.2929)
   Mode, Frequency 
      1     24.5591 cm^-1  (      0.7363 THz )
      2     24.5591 cm^-1  (      0.7363 THz )
      3     57.7674 cm^-1  (      1.7318 THz )

 # k point   360 : (  0.2980,  0.2980,  0.2980)
   Mode, Frequency 
      1     24.8615 cm^-1  (      0.7453 THz )
      2     24.8615 cm^-1  (      0.7453 THz )
      3     58.5343 cm^-1  (      1.7548 THz )

 # k point   361 : (  0.3030,  0.3030,  0.3030)
   Mode, Frequency 
      1     25.1578 cm^-1  (      0.7542 THz )
      2     25.1578 cm^-1  (      0.7542 THz )
      3     59.2869 cm^-1  (      1.7774 THz )

 # k point   362 : (  0.3081,  0.3081,  0.3081)
   Mode, Frequency 
      1     25.4477 cm^-1  (      0.7629 THz )
      2     25.4477 cm^-1  (      0.7629 THz )
      3     60.0250 cm^-1  (      1.7995 THz )

 # k point   363 : (  0.3131,  0.3131,  0.3131)
   Mode, Frequency 
      1     25.7313 cm^-1  (      0.7714 THz )
      2     25.7313 cm^-1  (      0.7714 THz )
      3     60.7482 cm^-1  (      1.8212 THz )

 # k point   364 : (  0.3182,  0.3182,  0.3182)
   Mode, Frequency 
      1     26.0084 cm^-1  (      0.7797 THz )
      2     26.0084 cm^-1  (      0.7797 THz )
      3     61.4561 cm^-1  (      1.8424 THz )

 # k point   365 : (  0.3232,  0.3232,  0.3232)
   Mode, Frequency 
      1     26.2789 cm^-1  (      0.7878 THz )
      2     26.2789 cm^-1  (      0.7878 THz )
      3     62.1486 cm^-1  (      1.8632 THz )

 # k point   366 : (  0.3283,  0.3283,  0.3283)
   Mode, Frequency 
      1     26.5428 cm^-1  (      0.7957 THz )
      2     26.5428 cm^-1  (      0.7957 THz )
      3     62.8252 cm^-1  (      1.8835 THz )

 # k point   367 : (  0.3333,  0.3333,  0.3333)
   Mode, Frequency 
      1     26.7999 cm^-1  (      0.8034 THz )
      2     26.7999 cm^-1  (      0.8034 THz )
      3     63.4856 cm^-1  (      1.9033 THz )

 # k point   368 : (  0.3384,  0.3384,  0.3384)
   Mode, Frequency 
      1     27.0503 cm^-1  (      0.8109 THz )
      2     27.0503 cm^-1  (      0.8109 THz )
      3     64.1296 cm^-1  (      1.9226 THz )

 # k point   369 : (  0.3434,  0.3434,  0.3434)
   Mode, Frequency 
      1     27.2937 cm^-1  (      0.8182 THz )
      2     27.2937 cm^-1  (      0.8182 THz )
      3     64.7569 cm^-1  (      1.9414 THz )

 # k point   370 : (  0.3485,  0.3485,  0.3485)
   Mode, Frequency 
      1     27.5302 cm^-1  (      0.8253 THz )
      2     27.5302 cm^-1  (      0.8253 THz )
      3     65.3672 cm^-1  (      1.9597 THz )

 # k point   371 : (  0.3535,  0.3535,  0.3535)
   Mode, Frequency 
      1     27.7597 cm^-1  (      0.8322 THz )
      2     27.7597 cm^-1  (      0.8322 THz )
      3     65.9602 cm^-1  (      1.9774 THz )

 # k point   372 : (  0.3586,  0.3586,  0.3586)
   Mode, Frequency 
      1     27.9821 cm^-1  (      0.8389 THz )
      2     27.9821 cm^-1  (      0.8389 THz )
      3     66.5356 cm^-1  (      1.9947 THz )

 # k point   373 : (  0.3636,  0.3636,  0.3636)
   Mode, Frequency 
      1     28.1973 cm^-1  (      0.8453 THz )
      2     28.1973 cm^-1  (      0.8453 THz )
      3     67.0933 cm^-1  (      2.0114 THz )

 # k point   374 : (  0.3687,  0.3687,  0.3687)
   Mode, Frequency 
      1     28.4052 cm^-1  (      0.8516 THz )
      2     28.4052 cm^-1  (      0.8516 THz )
      3     67.6329 cm^-1  (      2.0276 THz )

 # k point   375 : (  0.3737,  0.3737,  0.3737)
   Mode, Frequency 
      1     28.6059 cm^-1  (      0.8576 THz )
      2     28.6059 cm^-1  (      0.8576 THz )
      3     68.1541 cm^-1  (      2.0432 THz )

 # k point   376 : (  0.3788,  0.3788,  0.3788)
   Mode, Frequency 
      1     28.7991 cm^-1  (      0.8634 THz )
      2     28.7991 cm^-1  (      0.8634 THz )
      3     68.6569 cm^-1  (      2.0583 THz )

 # k point   377 : (  0.3838,  0.3838,  0.3838)
   Mode, Frequency 
      1     28.9850 cm^-1  (      0.8689 THz )
      2     28.9850 cm^-1  (      0.8689 THz )
      3     69.1409 cm^-1  (      2.0728 THz )

 # k point   378 : (  0.3889,  0.3889,  0.3889)
   Mode, Frequency 
      1     29.1634 cm^-1  (      0.8743 THz )
      2     29.1634 cm^-1  (      0.8743 THz )
      3     69.6059 cm^-1  (      2.0867 THz )

 # k point   379 : (  0.3939,  0.3939,  0.3939)
   Mode, Frequency 
      1     29.3342 cm^-1  (      0.8794 THz )
      2     29.3342 cm^-1  (      0.8794 THz )
      3     70.0517 cm^-1  (      2.1001 THz )

 # k point   380 : (  0.3990,  0.3990,  0.3990)
   Mode, Frequency 
      1     29.4974 cm^-1  (      0.8843 THz )
      2     29.4974 cm^-1  (      0.8843 THz )
      3     70.4781 cm^-1  (      2.1129 THz )

 # k point   381 : (  0.4040,  0.4040,  0.4040)
   Mode, Frequency 
      1     29.6530 cm^-1  (      0.8890 THz )
      2     29.6530 cm^-1  (      0.8890 THz )
      3     70.8849 cm^-1  (      2.1251 THz )

 # k point   382 : (  0.4091,  0.4091,  0.4091)
   Mode, Frequency 
      1     29.8009 cm^-1  (      0.8934 THz )
      2     29.8009 cm^-1  (      0.8934 THz )
      3     71.2720 cm^-1  (      2.1367 THz )

 # k point   383 : (  0.4141,  0.4141,  0.4141)
   Mode, Frequency 
      1     29.9411 cm^-1  (      0.8976 THz )
      2     29.9411 cm^-1  (      0.8976 THz )
      3     71.6391 cm^-1  (      2.1477 THz )

 # k point   384 : (  0.4192,  0.4192,  0.4192)
   Mode, Frequency 
      1     30.0734 cm^-1  (      0.9016 THz )
      2     30.0734 cm^-1  (      0.9016 THz )
      3     71.9862 cm^-1  (      2.1581 THz )

 # k point   385 : (  0.4242,  0.4242,  0.4242)
   Mode, Frequency 
      1     30.1980 cm^-1  (      0.9053 THz )
      2     30.1980 cm^-1  (      0.9053 THz )
      3     72.3129 cm^-1  (      2.1679 THz )

 # k point   386 : (  0.4293,  0.4293,  0.4293)
   Mode, Frequency 
      1     30.3147 cm^-1  (      0.9088 THz )
      2     30.3147 cm^-1  (      0.9088 THz )
      3     72.6193 cm^-1  (      2.1771 THz )

 # k point   387 : (  0.4343,  0.4343,  0.4343)
   Mode, Frequency 
      1     30.4235 cm^-1  (      0.9121 THz )
      2     30.4235 cm^-1  (      0.9121 THz )
      3     72.9052 cm^-1  (      2.1856 THz )

 # k point   388 : (  0.4394,  0.4394,  0.4394)
   Mode, Frequency 
      1     30.5244 cm^-1  (      0.9151 THz )
      2     30.5244 cm^-1  (      0.9151 THz )
      3     73.1703 cm^-1  (      2.1936 THz )

 # k point   389 : (  0.4444,  0.4444,  0.4444)
   Mode, Frequency 
      1     30.6173 cm^-1  (      0.9179 THz )
      2     30.6173 cm^-1  (      0.9179 THz )
      3     73.4147 cm^-1  (      2.2009 THz )

 # k point   390 : (  0.4495,  0.4495,  0.4495)
   Mode, Frequency 
      1     30.7023 cm^-1  (      0.9204 THz )
      2     30.7023 cm^-1  (      0.9204 THz )
      3     73.6382 cm^-1  (      2.2076 THz )

 # k point   391 : (  0.4545,  0.4545,  0.4545)
   Mode, Frequency 
      1     30.7792 cm^-1  (      0.9227 THz )
      2     30.7792 cm^-1  (      0.9227 THz )
      3     73.8408 cm^-1  (      2.2137 THz )

 # k point   392 : (  0.4596,  0.4596,  0.4596)
   Mode, Frequency 
      1     30.8481 cm^-1  (      0.9248 THz )
      2     30.8481 cm^-1  (      0.9248 THz )
      3     74.0222 cm^-1  (      2.2191 THz )

 # k point   393 : (  0.4646,  0.4646,  0.4646)
   Mode, Frequency 
      1     30.9089 cm^-1  (      0.9266 THz )
      2     30.9089 cm^-1  (      0.9266 THz )
      3     74.1825 cm^-1  (      2.2239 THz )

 # k point   394 : (  0.4697,  0.4697,  0.4697)
   Mode, Frequency 
      1     30.9617 cm^-1  (      0.9282 THz )
      2     30.9617 cm^-1  (      0.9282 THz )
      3     74.3215 cm^-1  (      2.2281 THz )

 # k point   395 : (  0.4747,  0.4747,  0.4747)
   Mode, Frequency 
      1     31.0064 cm^-1  (      0.9295 THz )
      2     31.0064 cm^-1  (      0.9295 THz )
      3     74.4393 cm^-1  (      2.2316 THz )

 # k point   396 : (  0.4798,  0.4798,  0.4798)
   Mode, Frequency 
      1     31.0430 cm^-1  (      0.9306 THz )
      2     31.0430 cm^-1  (      0.9306 THz )
      3     74.5357 cm^-1  (      2.2345 THz )

 # k point   397 : (  0.4848,  0.4848,  0.4848)
   Mode, Frequency 
      1     31.0714 cm^-1  (      0.9315 THz )
      2     31.0714 cm^-1  (      0.9315 THz )
      3     74.6108 cm^-1  (      2.2368 THz )

 # k point   398 : (  0.4899,  0.4899,  0.4899)
   Mode, Frequency 
      1     31.0917 cm^-1  (      0.9321 THz )
      2     31.0917 cm^-1  (      0.9321 THz )
      3     74.6644 cm^-1  (      2.2384 THz )

 # k point   399 : (  0.4949,  0.4949,  0.4949)
   Mode, Frequency 
      1     31.1039 cm^-1  (      0.9325 THz )
      2     31.1039 cm^-1  (      0.9325 THz )
      3     74.6966 cm^-1  (      2.2393 THz )

 # k point   400 : (  0.5000,  0.5000,  0.5000)
   Mode, Frequency 
      1     31.1080 cm^-1  (      0.9326 THz )
      2     31.1080 cm^-1  (      0.9326 THz )
      3     74.7073 cm^-1  (      2.2397 THz )


 -----------------------------------------------------------------

 The following files are created: 
  lj444.bands       : Phonon band structure

 Job finished at Wed Apr 17 11:34:14 2024

