 +-----------------------------------------------------------------+
 +                         Program ANPHON                          +
 +                             Ver.  1.5.0                         +
 +-----------------------------------------------------------------+

 Job started at Wed Apr 17 11:44:20 2024

 The number of MPI processes: 1
 The number of OpenMP threads: 80


 Input variables:
 -----------------------------------------------------------------
 General:
  PREFIX = lj444
  MODE = PHONONS
  FCSXML = /home/emeitz/ALM_Test/lj444.xml

  NKD = 1; KD =   Ar
  MASS =      39.95
  NSYM = 0; TOLERANCE = 0.001; PRINTSYM = 0

  NONANALYTIC = 0

  TMIN = 0; TMAX = 1000; DT = 10
  EMIN = 0; EMAX = 1000; DELTA_E = 10

  ISMEAR = -1; EPSILON = 10

  CLASSICAL = 0
  BCONNECT = 0


 Kpoint:
  KPMODE (1st entry for &kpoint) = 1


 Analysis:
  PRINTVEL = 0
  PRINTVEC = 0
  PRINTXSF = 0

  GRUNEISEN = 0
  NEWFCS = 0


 -----------------------------------------------------------------

                      MODE = phonons                         
                                                             
      Phonon calculation within harmonic approximation       
      Harmonic force constants will be used.                 

 -----------------------------------------------------------------

 Crystal structure
 =================

 Lattice Vectors:

 * Supercell (from /home/emeitz/ALM_Test/lj444.xml )

    3.966006e+01   0.000000e+00   0.000000e+00 : a1
    0.000000e+00   3.966006e+01   0.000000e+00 : a2
    0.000000e+00   0.000000e+00   3.966006e+01 : a3

    1.584260e-01   0.000000e+00   0.000000e+00 : b1
    0.000000e+00   1.584260e-01   0.000000e+00 : b2
    0.000000e+00   0.000000e+00   1.584260e-01 : b3

 * Primitive cell 

    0.000000e+00   4.957507e+00   4.957507e+00 : a1
    4.957507e+00   0.000000e+00   4.957507e+00 : a2
    4.957507e+00   4.957507e+00   0.000000e+00 : a3

   -6.337041e-01   6.337041e-01   6.337041e-01 : b1
    6.337041e-01  -6.337041e-01   6.337041e-01 : b2
    6.337041e-01   6.337041e-01  -6.337041e-01 : b3


  Volume of the primitive cell : 2.436801e+02 (a.u.)^3

  Number of atoms in the supercell     : 256
  Number of atoms in the primitive cell: 1

  Atomic positions in the primitive cell (fractional):
   1:   0.000000e+00   0.000000e+00   0.000000e+00  Ar

  Mass of atomic species (u):
  Ar:   39.950000


 Symmetry
 ========

  NSYM = 0 is given: Trying to find symmetry operations.

  Number of symmetry operations : 48
 k points
 ========

  KPMODE = 1: Band structure calculation
  Number of paths : 4

  List of k paths : 
   1:  G (  0.0000  0.0000  0.0000)  X (  0.5000  0.5000  0.0000) 100
   2:  X (  0.5000  0.5000  1.0000)  K (  0.3750  0.3750  0.7500) 100
   3:  K (  0.3750  0.3750  0.7500)  G (  0.0000  0.0000  0.0000) 100
   4:  G (  0.0000  0.0000  0.0000)  L (  0.5000  0.5000  0.5000) 100

  Number of k points : 400

 Force constant
 ==============

  Reading force constants from the XML file ... done !
  Number of non-zero IFCs for 2 order: 3285

  Maximum deviation from the translational invariance: 
   Order 2 :   2.1049e-18


 Dynamical matrix
 ================

  NONANALYTIC = 0 : No non-analytic correction. 


 -----------------------------------------------------------------


 ISMEAR = -1: Tetrahedron method will be used.

 Now, move on to phonon calculations.

 Diagonalizing dynamical matrices for all k points ... done!

 -----------------------------------------------------------------

 Phonon frequencies below:

 # k point     1 : (  0.0000,  0.0000,  0.0000)
   Mode, Frequency 
      1      0.0000 cm^-1  (      0.0000 THz )
      2      0.0000 cm^-1  (      0.0000 THz )
      3      0.0000 cm^-1  (      0.0000 THz )

 # k point     2 : (  0.0051,  0.0051,  0.0000)
   Mode, Frequency 
      1      0.7565 cm^-1  (      0.0227 THz )
      2      0.7565 cm^-1  (      0.0227 THz )
      3      1.0100 cm^-1  (      0.0303 THz )

 # k point     3 : (  0.0101,  0.0101,  0.0000)
   Mode, Frequency 
      1      1.5127 cm^-1  (      0.0454 THz )
      2      1.5127 cm^-1  (      0.0454 THz )
      3      2.0200 cm^-1  (      0.0606 THz )

 # k point     4 : (  0.0152,  0.0152,  0.0000)
   Mode, Frequency 
      1      2.2686 cm^-1  (      0.0680 THz )
      2      2.2686 cm^-1  (      0.0680 THz )
      3      3.0298 cm^-1  (      0.0908 THz )

 # k point     5 : (  0.0202,  0.0202,  0.0000)
   Mode, Frequency 
      1      3.0238 cm^-1  (      0.0907 THz )
      2      3.0238 cm^-1  (      0.0907 THz )
      3      4.0393 cm^-1  (      0.1211 THz )

 # k point     6 : (  0.0253,  0.0253,  0.0000)
   Mode, Frequency 
      1      3.7783 cm^-1  (      0.1133 THz )
      2      3.7783 cm^-1  (      0.1133 THz )
      3      5.0485 cm^-1  (      0.1514 THz )

 # k point     7 : (  0.0303,  0.0303,  0.0000)
   Mode, Frequency 
      1      4.5317 cm^-1  (      0.1359 THz )
      2      4.5317 cm^-1  (      0.1359 THz )
      3      6.0573 cm^-1  (      0.1816 THz )

 # k point     8 : (  0.0354,  0.0354,  0.0000)
   Mode, Frequency 
      1      5.2838 cm^-1  (      0.1584 THz )
      2      5.2838 cm^-1  (      0.1584 THz )
      3      7.0657 cm^-1  (      0.2118 THz )

 # k point     9 : (  0.0404,  0.0404,  0.0000)
   Mode, Frequency 
      1      6.0346 cm^-1  (      0.1809 THz )
      2      6.0346 cm^-1  (      0.1809 THz )
      3      8.0734 cm^-1  (      0.2420 THz )

 # k point    10 : (  0.0455,  0.0455,  0.0000)
   Mode, Frequency 
      1      6.7837 cm^-1  (      0.2034 THz )
      2      6.7837 cm^-1  (      0.2034 THz )
      3      9.0804 cm^-1  (      0.2722 THz )

 # k point    11 : (  0.0505,  0.0505,  0.0000)
   Mode, Frequency 
      1      7.5310 cm^-1  (      0.2258 THz )
      2      7.5310 cm^-1  (      0.2258 THz )
      3     10.0867 cm^-1  (      0.3024 THz )

 # k point    12 : (  0.0556,  0.0556,  0.0000)
   Mode, Frequency 
      1      8.2763 cm^-1  (      0.2481 THz )
      2      8.2763 cm^-1  (      0.2481 THz )
      3     11.0920 cm^-1  (      0.3325 THz )

 # k point    13 : (  0.0606,  0.0606,  0.0000)
   Mode, Frequency 
      1      9.0194 cm^-1  (      0.2704 THz )
      2      9.0194 cm^-1  (      0.2704 THz )
      3     12.0964 cm^-1  (      0.3626 THz )

 # k point    14 : (  0.0657,  0.0657,  0.0000)
   Mode, Frequency 
      1      9.7600 cm^-1  (      0.2926 THz )
      2      9.7600 cm^-1  (      0.2926 THz )
      3     13.0996 cm^-1  (      0.3927 THz )

 # k point    15 : (  0.0707,  0.0707,  0.0000)
   Mode, Frequency 
      1     10.4980 cm^-1  (      0.3147 THz )
      2     10.4980 cm^-1  (      0.3147 THz )
      3     14.1016 cm^-1  (      0.4228 THz )

 # k point    16 : (  0.0758,  0.0758,  0.0000)
   Mode, Frequency 
      1     11.2332 cm^-1  (      0.3368 THz )
      2     11.2332 cm^-1  (      0.3368 THz )
      3     15.1022 cm^-1  (      0.4528 THz )

 # k point    17 : (  0.0808,  0.0808,  0.0000)
   Mode, Frequency 
      1     11.9654 cm^-1  (      0.3587 THz )
      2     11.9654 cm^-1  (      0.3587 THz )
      3     16.1013 cm^-1  (      0.4827 THz )

 # k point    18 : (  0.0859,  0.0859,  0.0000)
   Mode, Frequency 
      1     12.6943 cm^-1  (      0.3806 THz )
      2     12.6943 cm^-1  (      0.3806 THz )
      3     17.0988 cm^-1  (      0.5126 THz )

 # k point    19 : (  0.0909,  0.0909,  0.0000)
   Mode, Frequency 
      1     13.4199 cm^-1  (      0.4023 THz )
      2     13.4199 cm^-1  (      0.4023 THz )
      3     18.0944 cm^-1  (      0.5425 THz )

 # k point    20 : (  0.0960,  0.0960,  0.0000)
   Mode, Frequency 
      1     14.1419 cm^-1  (      0.4240 THz )
      2     14.1419 cm^-1  (      0.4240 THz )
      3     19.0881 cm^-1  (      0.5722 THz )

 # k point    21 : (  0.1010,  0.1010,  0.0000)
   Mode, Frequency 
      1     14.8601 cm^-1  (      0.4455 THz )
      2     14.8601 cm^-1  (      0.4455 THz )
      3     20.0797 cm^-1  (      0.6020 THz )

 # k point    22 : (  0.1061,  0.1061,  0.0000)
   Mode, Frequency 
      1     15.5744 cm^-1  (      0.4669 THz )
      2     15.5744 cm^-1  (      0.4669 THz )
      3     21.0689 cm^-1  (      0.6316 THz )

 # k point    23 : (  0.1111,  0.1111,  0.0000)
   Mode, Frequency 
      1     16.2845 cm^-1  (      0.4882 THz )
      2     16.2845 cm^-1  (      0.4882 THz )
      3     22.0557 cm^-1  (      0.6612 THz )

 # k point    24 : (  0.1162,  0.1162,  0.0000)
   Mode, Frequency 
      1     16.9904 cm^-1  (      0.5094 THz )
      2     16.9904 cm^-1  (      0.5094 THz )
      3     23.0397 cm^-1  (      0.6907 THz )

 # k point    25 : (  0.1212,  0.1212,  0.0000)
   Mode, Frequency 
      1     17.6917 cm^-1  (      0.5304 THz )
      2     17.6917 cm^-1  (      0.5304 THz )
      3     24.0209 cm^-1  (      0.7201 THz )

 # k point    26 : (  0.1263,  0.1263,  0.0000)
   Mode, Frequency 
      1     18.3883 cm^-1  (      0.5513 THz )
      2     18.3883 cm^-1  (      0.5513 THz )
      3     24.9990 cm^-1  (      0.7495 THz )

 # k point    27 : (  0.1313,  0.1313,  0.0000)
   Mode, Frequency 
      1     19.0800 cm^-1  (      0.5720 THz )
      2     19.0800 cm^-1  (      0.5720 THz )
      3     25.9738 cm^-1  (      0.7787 THz )

 # k point    28 : (  0.1364,  0.1364,  0.0000)
   Mode, Frequency 
      1     19.7668 cm^-1  (      0.5926 THz )
      2     19.7668 cm^-1  (      0.5926 THz )
      3     26.9450 cm^-1  (      0.8078 THz )

 # k point    29 : (  0.1414,  0.1414,  0.0000)
   Mode, Frequency 
      1     20.4483 cm^-1  (      0.6130 THz )
      2     20.4483 cm^-1  (      0.6130 THz )
      3     27.9125 cm^-1  (      0.8368 THz )

 # k point    30 : (  0.1465,  0.1465,  0.0000)
   Mode, Frequency 
      1     21.1244 cm^-1  (      0.6333 THz )
      2     21.1244 cm^-1  (      0.6333 THz )
      3     28.8759 cm^-1  (      0.8657 THz )

 # k point    31 : (  0.1515,  0.1515,  0.0000)
   Mode, Frequency 
      1     21.7950 cm^-1  (      0.6534 THz )
      2     21.7950 cm^-1  (      0.6534 THz )
      3     29.8351 cm^-1  (      0.8944 THz )

 # k point    32 : (  0.1566,  0.1566,  0.0000)
   Mode, Frequency 
      1     22.4599 cm^-1  (      0.6733 THz )
      2     22.4599 cm^-1  (      0.6733 THz )
      3     30.7898 cm^-1  (      0.9231 THz )

 # k point    33 : (  0.1616,  0.1616,  0.0000)
   Mode, Frequency 
      1     23.1189 cm^-1  (      0.6931 THz )
      2     23.1189 cm^-1  (      0.6931 THz )
      3     31.7397 cm^-1  (      0.9515 THz )

 # k point    34 : (  0.1667,  0.1667,  0.0000)
   Mode, Frequency 
      1     23.7719 cm^-1  (      0.7127 THz )
      2     23.7719 cm^-1  (      0.7127 THz )
      3     32.6846 cm^-1  (      0.9799 THz )

 # k point    35 : (  0.1717,  0.1717,  0.0000)
   Mode, Frequency 
      1     24.4187 cm^-1  (      0.7321 THz )
      2     24.4187 cm^-1  (      0.7321 THz )
      3     33.6241 cm^-1  (      1.0080 THz )

 # k point    36 : (  0.1768,  0.1768,  0.0000)
   Mode, Frequency 
      1     25.0591 cm^-1  (      0.7513 THz )
      2     25.0591 cm^-1  (      0.7513 THz )
      3     34.5580 cm^-1  (      1.0360 THz )

 # k point    37 : (  0.1818,  0.1818,  0.0000)
   Mode, Frequency 
      1     25.6930 cm^-1  (      0.7703 THz )
      2     25.6930 cm^-1  (      0.7703 THz )
      3     35.4860 cm^-1  (      1.0638 THz )

 # k point    38 : (  0.1869,  0.1869,  0.0000)
   Mode, Frequency 
      1     26.3203 cm^-1  (      0.7891 THz )
      2     26.3203 cm^-1  (      0.7891 THz )
      3     36.4078 cm^-1  (      1.0915 THz )

 # k point    39 : (  0.1919,  0.1919,  0.0000)
   Mode, Frequency 
      1     26.9407 cm^-1  (      0.8077 THz )
      2     26.9407 cm^-1  (      0.8077 THz )
      3     37.3232 cm^-1  (      1.1189 THz )

 # k point    40 : (  0.1970,  0.1970,  0.0000)
   Mode, Frequency 
      1     27.5542 cm^-1  (      0.8261 THz )
      2     27.5542 cm^-1  (      0.8261 THz )
      3     38.2317 cm^-1  (      1.1462 THz )

 # k point    41 : (  0.2020,  0.2020,  0.0000)
   Mode, Frequency 
      1     28.1605 cm^-1  (      0.8442 THz )
      2     28.1605 cm^-1  (      0.8442 THz )
      3     39.1331 cm^-1  (      1.1732 THz )

 # k point    42 : (  0.2071,  0.2071,  0.0000)
   Mode, Frequency 
      1     28.7596 cm^-1  (      0.8622 THz )
      2     28.7596 cm^-1  (      0.8622 THz )
      3     40.0271 cm^-1  (      1.2000 THz )

 # k point    43 : (  0.2121,  0.2121,  0.0000)
   Mode, Frequency 
      1     29.3513 cm^-1  (      0.8799 THz )
      2     29.3513 cm^-1  (      0.8799 THz )
      3     40.9134 cm^-1  (      1.2266 THz )

 # k point    44 : (  0.2172,  0.2172,  0.0000)
   Mode, Frequency 
      1     29.9355 cm^-1  (      0.8974 THz )
      2     29.9355 cm^-1  (      0.8974 THz )
      3     41.7916 cm^-1  (      1.2529 THz )

 # k point    45 : (  0.2222,  0.2222,  0.0000)
   Mode, Frequency 
      1     30.5120 cm^-1  (      0.9147 THz )
      2     30.5120 cm^-1  (      0.9147 THz )
      3     42.6614 cm^-1  (      1.2790 THz )

 # k point    46 : (  0.2273,  0.2273,  0.0000)
   Mode, Frequency 
      1     31.0806 cm^-1  (      0.9318 THz )
      2     31.0806 cm^-1  (      0.9318 THz )
      3     43.5226 cm^-1  (      1.3048 THz )

 # k point    47 : (  0.2323,  0.2323,  0.0000)
   Mode, Frequency 
      1     31.6414 cm^-1  (      0.9486 THz )
      2     31.6414 cm^-1  (      0.9486 THz )
      3     44.3747 cm^-1  (      1.3303 THz )

 # k point    48 : (  0.2374,  0.2374,  0.0000)
   Mode, Frequency 
      1     32.1940 cm^-1  (      0.9652 THz )
      2     32.1940 cm^-1  (      0.9652 THz )
      3     45.2174 cm^-1  (      1.3556 THz )

 # k point    49 : (  0.2424,  0.2424,  0.0000)
   Mode, Frequency 
      1     32.7385 cm^-1  (      0.9815 THz )
      2     32.7385 cm^-1  (      0.9815 THz )
      3     46.0505 cm^-1  (      1.3806 THz )

 # k point    50 : (  0.2475,  0.2475,  0.0000)
   Mode, Frequency 
      1     33.2746 cm^-1  (      0.9975 THz )
      2     33.2746 cm^-1  (      0.9975 THz )
      3     46.8736 cm^-1  (      1.4052 THz )

 # k point    51 : (  0.2525,  0.2525,  0.0000)
   Mode, Frequency 
      1     33.8023 cm^-1  (      1.0134 THz )
      2     33.8023 cm^-1  (      1.0134 THz )
      3     47.6864 cm^-1  (      1.4296 THz )

 # k point    52 : (  0.2576,  0.2576,  0.0000)
   Mode, Frequency 
      1     34.3213 cm^-1  (      1.0289 THz )
      2     34.3213 cm^-1  (      1.0289 THz )
      3     48.4885 cm^-1  (      1.4536 THz )

 # k point    53 : (  0.2626,  0.2626,  0.0000)
   Mode, Frequency 
      1     34.8317 cm^-1  (      1.0442 THz )
      2     34.8317 cm^-1  (      1.0442 THz )
      3     49.2796 cm^-1  (      1.4774 THz )

 # k point    54 : (  0.2677,  0.2677,  0.0000)
   Mode, Frequency 
      1     35.3333 cm^-1  (      1.0593 THz )
      2     35.3333 cm^-1  (      1.0593 THz )
      3     50.0595 cm^-1  (      1.5007 THz )

 # k point    55 : (  0.2727,  0.2727,  0.0000)
   Mode, Frequency 
      1     35.8259 cm^-1  (      1.0740 THz )
      2     35.8259 cm^-1  (      1.0740 THz )
      3     50.8277 cm^-1  (      1.5238 THz )

 # k point    56 : (  0.2778,  0.2778,  0.0000)
   Mode, Frequency 
      1     36.3095 cm^-1  (      1.0885 THz )
      2     36.3095 cm^-1  (      1.0885 THz )
      3     51.5840 cm^-1  (      1.5465 THz )

 # k point    57 : (  0.2828,  0.2828,  0.0000)
   Mode, Frequency 
      1     36.7839 cm^-1  (      1.1028 THz )
      2     36.7839 cm^-1  (      1.1028 THz )
      3     52.3281 cm^-1  (      1.5688 THz )

 # k point    58 : (  0.2879,  0.2879,  0.0000)
   Mode, Frequency 
      1     37.2490 cm^-1  (      1.1167 THz )
      2     37.2490 cm^-1  (      1.1167 THz )
      3     53.0597 cm^-1  (      1.5907 THz )

 # k point    59 : (  0.2929,  0.2929,  0.0000)
   Mode, Frequency 
      1     37.7047 cm^-1  (      1.1304 THz )
      2     37.7047 cm^-1  (      1.1304 THz )
      3     53.7783 cm^-1  (      1.6122 THz )

 # k point    60 : (  0.2980,  0.2980,  0.0000)
   Mode, Frequency 
      1     38.1510 cm^-1  (      1.1437 THz )
      2     38.1510 cm^-1  (      1.1437 THz )
      3     54.4839 cm^-1  (      1.6334 THz )

 # k point    61 : (  0.3030,  0.3030,  0.0000)
   Mode, Frequency 
      1     38.5877 cm^-1  (      1.1568 THz )
      2     38.5877 cm^-1  (      1.1568 THz )
      3     55.1760 cm^-1  (      1.6541 THz )

 # k point    62 : (  0.3081,  0.3081,  0.0000)
   Mode, Frequency 
      1     39.0147 cm^-1  (      1.1696 THz )
      2     39.0147 cm^-1  (      1.1696 THz )
      3     55.8543 cm^-1  (      1.6745 THz )

 # k point    63 : (  0.3131,  0.3131,  0.0000)
   Mode, Frequency 
      1     39.4318 cm^-1  (      1.1821 THz )
      2     39.4318 cm^-1  (      1.1821 THz )
      3     56.5187 cm^-1  (      1.6944 THz )

 # k point    64 : (  0.3182,  0.3182,  0.0000)
   Mode, Frequency 
      1     39.8391 cm^-1  (      1.1943 THz )
      2     39.8391 cm^-1  (      1.1943 THz )
      3     57.1687 cm^-1  (      1.7139 THz )

 # k point    65 : (  0.3232,  0.3232,  0.0000)
   Mode, Frequency 
      1     40.2364 cm^-1  (      1.2063 THz )
      2     40.2364 cm^-1  (      1.2063 THz )
      3     57.8042 cm^-1  (      1.7329 THz )

 # k point    66 : (  0.3283,  0.3283,  0.0000)
   Mode, Frequency 
      1     40.6237 cm^-1  (      1.2179 THz )
      2     40.6237 cm^-1  (      1.2179 THz )
      3     58.4248 cm^-1  (      1.7515 THz )

 # k point    67 : (  0.3333,  0.3333,  0.0000)
   Mode, Frequency 
      1     41.0007 cm^-1  (      1.2292 THz )
      2     41.0007 cm^-1  (      1.2292 THz )
      3     59.0303 cm^-1  (      1.7697 THz )

 # k point    68 : (  0.3384,  0.3384,  0.0000)
   Mode, Frequency 
      1     41.3675 cm^-1  (      1.2402 THz )
      2     41.3675 cm^-1  (      1.2402 THz )
      3     59.6205 cm^-1  (      1.7874 THz )

 # k point    69 : (  0.3434,  0.3434,  0.0000)
   Mode, Frequency 
      1     41.7240 cm^-1  (      1.2509 THz )
      2     41.7240 cm^-1  (      1.2509 THz )
      3     60.1951 cm^-1  (      1.8046 THz )

 # k point    70 : (  0.3485,  0.3485,  0.0000)
   Mode, Frequency 
      1     42.0700 cm^-1  (      1.2612 THz )
      2     42.0700 cm^-1  (      1.2612 THz )
      3     60.7538 cm^-1  (      1.8214 THz )

 # k point    71 : (  0.3535,  0.3535,  0.0000)
   Mode, Frequency 
      1     42.4055 cm^-1  (      1.2713 THz )
      2     42.4055 cm^-1  (      1.2713 THz )
      3     61.2965 cm^-1  (      1.8376 THz )

 # k point    72 : (  0.3586,  0.3586,  0.0000)
   Mode, Frequency 
      1     42.7304 cm^-1  (      1.2810 THz )
      2     42.7304 cm^-1  (      1.2810 THz )
      3     61.8228 cm^-1  (      1.8534 THz )

 # k point    73 : (  0.3636,  0.3636,  0.0000)
   Mode, Frequency 
      1     43.0446 cm^-1  (      1.2904 THz )
      2     43.0446 cm^-1  (      1.2904 THz )
      3     62.3326 cm^-1  (      1.8687 THz )

 # k point    74 : (  0.3687,  0.3687,  0.0000)
   Mode, Frequency 
      1     43.3481 cm^-1  (      1.2995 THz )
      2     43.3481 cm^-1  (      1.2995 THz )
      3     62.8258 cm^-1  (      1.8835 THz )

 # k point    75 : (  0.3737,  0.3737,  0.0000)
   Mode, Frequency 
      1     43.6408 cm^-1  (      1.3083 THz )
      2     43.6408 cm^-1  (      1.3083 THz )
      3     63.3019 cm^-1  (      1.8977 THz )

 # k point    76 : (  0.3788,  0.3788,  0.0000)
   Mode, Frequency 
      1     43.9226 cm^-1  (      1.3168 THz )
      2     43.9226 cm^-1  (      1.3168 THz )
      3     63.7610 cm^-1  (      1.9115 THz )

 # k point    77 : (  0.3838,  0.3838,  0.0000)
   Mode, Frequency 
      1     44.1934 cm^-1  (      1.3249 THz )
      2     44.1934 cm^-1  (      1.3249 THz )
      3     64.2027 cm^-1  (      1.9247 THz )

 # k point    78 : (  0.3889,  0.3889,  0.0000)
   Mode, Frequency 
      1     44.4532 cm^-1  (      1.3327 THz )
      2     44.4532 cm^-1  (      1.3327 THz )
      3     64.6270 cm^-1  (      1.9375 THz )

 # k point    79 : (  0.3939,  0.3939,  0.0000)
   Mode, Frequency 
      1     44.7019 cm^-1  (      1.3401 THz )
      2     44.7019 cm^-1  (      1.3401 THz )
      3     65.0335 cm^-1  (      1.9497 THz )

 # k point    80 : (  0.3990,  0.3990,  0.0000)
   Mode, Frequency 
      1     44.9394 cm^-1  (      1.3473 THz )
      2     44.9394 cm^-1  (      1.3473 THz )
      3     65.4223 cm^-1  (      1.9613 THz )

 # k point    81 : (  0.4040,  0.4040,  0.0000)
   Mode, Frequency 
      1     45.1658 cm^-1  (      1.3540 THz )
      2     45.1658 cm^-1  (      1.3540 THz )
      3     65.7930 cm^-1  (      1.9724 THz )

 # k point    82 : (  0.4091,  0.4091,  0.0000)
   Mode, Frequency 
      1     45.3809 cm^-1  (      1.3605 THz )
      2     45.3809 cm^-1  (      1.3605 THz )
      3     66.1457 cm^-1  (      1.9830 THz )

 # k point    83 : (  0.4141,  0.4141,  0.0000)
   Mode, Frequency 
      1     45.5846 cm^-1  (      1.3666 THz )
      2     45.5846 cm^-1  (      1.3666 THz )
      3     66.4800 cm^-1  (      1.9930 THz )

 # k point    84 : (  0.4192,  0.4192,  0.0000)
   Mode, Frequency 
      1     45.7770 cm^-1  (      1.3724 THz )
      2     45.7770 cm^-1  (      1.3724 THz )
      3     66.7960 cm^-1  (      2.0025 THz )

 # k point    85 : (  0.4242,  0.4242,  0.0000)
   Mode, Frequency 
      1     45.9580 cm^-1  (      1.3778 THz )
      2     45.9580 cm^-1  (      1.3778 THz )
      3     67.0934 cm^-1  (      2.0114 THz )

 # k point    86 : (  0.4293,  0.4293,  0.0000)
   Mode, Frequency 
      1     46.1275 cm^-1  (      1.3829 THz )
      2     46.1275 cm^-1  (      1.3829 THz )
      3     67.3722 cm^-1  (      2.0198 THz )

 # k point    87 : (  0.4343,  0.4343,  0.0000)
   Mode, Frequency 
      1     46.2855 cm^-1  (      1.3876 THz )
      2     46.2855 cm^-1  (      1.3876 THz )
      3     67.6322 cm^-1  (      2.0276 THz )

 # k point    88 : (  0.4394,  0.4394,  0.0000)
   Mode, Frequency 
      1     46.4320 cm^-1  (      1.3920 THz )
      2     46.4320 cm^-1  (      1.3920 THz )
      3     67.8733 cm^-1  (      2.0348 THz )

 # k point    89 : (  0.4444,  0.4444,  0.0000)
   Mode, Frequency 
      1     46.5669 cm^-1  (      1.3960 THz )
      2     46.5669 cm^-1  (      1.3960 THz )
      3     68.0955 cm^-1  (      2.0415 THz )

 # k point    90 : (  0.4495,  0.4495,  0.0000)
   Mode, Frequency 
      1     46.6901 cm^-1  (      1.3997 THz )
      2     46.6901 cm^-1  (      1.3997 THz )
      3     68.2987 cm^-1  (      2.0475 THz )

 # k point    91 : (  0.4545,  0.4545,  0.0000)
   Mode, Frequency 
      1     46.8018 cm^-1  (      1.4031 THz )
      2     46.8018 cm^-1  (      1.4031 THz )
      3     68.4828 cm^-1  (      2.0531 THz )

 # k point    92 : (  0.4596,  0.4596,  0.0000)
   Mode, Frequency 
      1     46.9017 cm^-1  (      1.4061 THz )
      2     46.9017 cm^-1  (      1.4061 THz )
      3     68.6476 cm^-1  (      2.0580 THz )

 # k point    93 : (  0.4646,  0.4646,  0.0000)
   Mode, Frequency 
      1     46.9900 cm^-1  (      1.4087 THz )
      2     46.9900 cm^-1  (      1.4087 THz )
      3     68.7933 cm^-1  (      2.0624 THz )

 # k point    94 : (  0.4697,  0.4697,  0.0000)
   Mode, Frequency 
      1     47.0665 cm^-1  (      1.4110 THz )
      2     47.0665 cm^-1  (      1.4110 THz )
      3     68.9196 cm^-1  (      2.0662 THz )

 # k point    95 : (  0.4747,  0.4747,  0.0000)
   Mode, Frequency 
      1     47.1313 cm^-1  (      1.4130 THz )
      2     47.1313 cm^-1  (      1.4130 THz )
      3     69.0265 cm^-1  (      2.0694 THz )

 # k point    96 : (  0.4798,  0.4798,  0.0000)
   Mode, Frequency 
      1     47.1843 cm^-1  (      1.4146 THz )
      2     47.1843 cm^-1  (      1.4146 THz )
      3     69.1141 cm^-1  (      2.0720 THz )

 # k point    97 : (  0.4848,  0.4848,  0.0000)
   Mode, Frequency 
      1     47.2256 cm^-1  (      1.4158 THz )
      2     47.2256 cm^-1  (      1.4158 THz )
      3     69.1823 cm^-1  (      2.0740 THz )

 # k point    98 : (  0.4899,  0.4899,  0.0000)
   Mode, Frequency 
      1     47.2551 cm^-1  (      1.4167 THz )
      2     47.2551 cm^-1  (      1.4167 THz )
      3     69.2309 cm^-1  (      2.0755 THz )

 # k point    99 : (  0.4949,  0.4949,  0.0000)
   Mode, Frequency 
      1     47.2728 cm^-1  (      1.4172 THz )
      2     47.2728 cm^-1  (      1.4172 THz )
      3     69.2602 cm^-1  (      2.0764 THz )

 # k point   100 : (  0.5000,  0.5000,  0.0000)
   Mode, Frequency 
      1     47.2787 cm^-1  (      1.4174 THz )
      2     47.2787 cm^-1  (      1.4174 THz )
      3     69.2699 cm^-1  (      2.0767 THz )

 # k point   101 : (  0.5000,  0.5000,  1.0000)
   Mode, Frequency 
      1     47.2787 cm^-1  (      1.4174 THz )
      2     47.2787 cm^-1  (      1.4174 THz )
      3     69.2699 cm^-1  (      2.0767 THz )

 # k point   102 : (  0.4987,  0.4987,  0.9975)
   Mode, Frequency 
      1     47.2782 cm^-1  (      1.4174 THz )
      2     47.2799 cm^-1  (      1.4174 THz )
      3     69.2693 cm^-1  (      2.0766 THz )

 # k point   103 : (  0.4975,  0.4975,  0.9949)
   Mode, Frequency 
      1     47.2768 cm^-1  (      1.4173 THz )
      2     47.2837 cm^-1  (      1.4175 THz )
      3     69.2676 cm^-1  (      2.0766 THz )

 # k point   104 : (  0.4962,  0.4962,  0.9924)
   Mode, Frequency 
      1     47.2745 cm^-1  (      1.4173 THz )
      2     47.2901 cm^-1  (      1.4177 THz )
      3     69.2648 cm^-1  (      2.0765 THz )

 # k point   105 : (  0.4949,  0.4949,  0.9899)
   Mode, Frequency 
      1     47.2713 cm^-1  (      1.4172 THz )
      2     47.2989 cm^-1  (      1.4180 THz )
      3     69.2608 cm^-1  (      2.0764 THz )

 # k point   106 : (  0.4937,  0.4937,  0.9874)
   Mode, Frequency 
      1     47.2672 cm^-1  (      1.4170 THz )
      2     47.3103 cm^-1  (      1.4183 THz )
      3     69.2557 cm^-1  (      2.0762 THz )

 # k point   107 : (  0.4924,  0.4924,  0.9848)
   Mode, Frequency 
      1     47.2621 cm^-1  (      1.4169 THz )
      2     47.3242 cm^-1  (      1.4187 THz )
      3     69.2495 cm^-1  (      2.0760 THz )

 # k point   108 : (  0.4912,  0.4912,  0.9823)
   Mode, Frequency 
      1     47.2561 cm^-1  (      1.4167 THz )
      2     47.3406 cm^-1  (      1.4192 THz )
      3     69.2421 cm^-1  (      2.0758 THz )

 # k point   109 : (  0.4899,  0.4899,  0.9798)
   Mode, Frequency 
      1     47.2492 cm^-1  (      1.4165 THz )
      2     47.3595 cm^-1  (      1.4198 THz )
      3     69.2336 cm^-1  (      2.0756 THz )

 # k point   110 : (  0.4886,  0.4886,  0.9773)
   Mode, Frequency 
      1     47.2414 cm^-1  (      1.4163 THz )
      2     47.3809 cm^-1  (      1.4204 THz )
      3     69.2240 cm^-1  (      2.0753 THz )

 # k point   111 : (  0.4874,  0.4874,  0.9747)
   Mode, Frequency 
      1     47.2327 cm^-1  (      1.4160 THz )
      2     47.4048 cm^-1  (      1.4212 THz )
      3     69.2132 cm^-1  (      2.0750 THz )

 # k point   112 : (  0.4861,  0.4861,  0.9722)
   Mode, Frequency 
      1     47.2231 cm^-1  (      1.4157 THz )
      2     47.4311 cm^-1  (      1.4219 THz )
      3     69.2013 cm^-1  (      2.0746 THz )

 # k point   113 : (  0.4848,  0.4848,  0.9697)
   Mode, Frequency 
      1     47.2125 cm^-1  (      1.4154 THz )
      2     47.4600 cm^-1  (      1.4228 THz )
      3     69.1883 cm^-1  (      2.0742 THz )

 # k point   114 : (  0.4836,  0.4836,  0.9672)
   Mode, Frequency 
      1     47.2010 cm^-1  (      1.4151 THz )
      2     47.4912 cm^-1  (      1.4238 THz )
      3     69.1741 cm^-1  (      2.0738 THz )

 # k point   115 : (  0.4823,  0.4823,  0.9646)
   Mode, Frequency 
      1     47.1886 cm^-1  (      1.4147 THz )
      2     47.5249 cm^-1  (      1.4248 THz )
      3     69.1588 cm^-1  (      2.0733 THz )

 # k point   116 : (  0.4811,  0.4811,  0.9621)
   Mode, Frequency 
      1     47.1753 cm^-1  (      1.4143 THz )
      2     47.5610 cm^-1  (      1.4258 THz )
      3     69.1424 cm^-1  (      2.0728 THz )

 # k point   117 : (  0.4798,  0.4798,  0.9596)
   Mode, Frequency 
      1     47.1611 cm^-1  (      1.4139 THz )
      2     47.5995 cm^-1  (      1.4270 THz )
      3     69.1248 cm^-1  (      2.0723 THz )

 # k point   118 : (  0.4785,  0.4785,  0.9571)
   Mode, Frequency 
      1     47.1459 cm^-1  (      1.4134 THz )
      2     47.6404 cm^-1  (      1.4282 THz )
      3     69.1061 cm^-1  (      2.0717 THz )

 # k point   119 : (  0.4773,  0.4773,  0.9545)
   Mode, Frequency 
      1     47.1299 cm^-1  (      1.4129 THz )
      2     47.6837 cm^-1  (      1.4295 THz )
      3     69.0863 cm^-1  (      2.0712 THz )

 # k point   120 : (  0.4760,  0.4760,  0.9520)
   Mode, Frequency 
      1     47.1129 cm^-1  (      1.4124 THz )
      2     47.7293 cm^-1  (      1.4309 THz )
      3     69.0653 cm^-1  (      2.0705 THz )

 # k point   121 : (  0.4747,  0.4747,  0.9495)
   Mode, Frequency 
      1     47.0950 cm^-1  (      1.4119 THz )
      2     47.7772 cm^-1  (      1.4323 THz )
      3     69.0432 cm^-1  (      2.0699 THz )

 # k point   122 : (  0.4735,  0.4735,  0.9470)
   Mode, Frequency 
      1     47.0762 cm^-1  (      1.4113 THz )
      2     47.8274 cm^-1  (      1.4338 THz )
      3     69.0200 cm^-1  (      2.0692 THz )

 # k point   123 : (  0.4722,  0.4722,  0.9444)
   Mode, Frequency 
      1     47.0565 cm^-1  (      1.4107 THz )
      2     47.8799 cm^-1  (      1.4354 THz )
      3     68.9956 cm^-1  (      2.0684 THz )

 # k point   124 : (  0.4710,  0.4710,  0.9419)
   Mode, Frequency 
      1     47.0359 cm^-1  (      1.4101 THz )
      2     47.9346 cm^-1  (      1.4370 THz )
      3     68.9701 cm^-1  (      2.0677 THz )

 # k point   125 : (  0.4697,  0.4697,  0.9394)
   Mode, Frequency 
      1     47.0143 cm^-1  (      1.4095 THz )
      2     47.9916 cm^-1  (      1.4388 THz )
      3     68.9435 cm^-1  (      2.0669 THz )

 # k point   126 : (  0.4684,  0.4684,  0.9369)
   Mode, Frequency 
      1     46.9919 cm^-1  (      1.4088 THz )
      2     48.0508 cm^-1  (      1.4405 THz )
      3     68.9158 cm^-1  (      2.0660 THz )

 # k point   127 : (  0.4672,  0.4672,  0.9343)
   Mode, Frequency 
      1     46.9685 cm^-1  (      1.4081 THz )
      2     48.1121 cm^-1  (      1.4424 THz )
      3     68.8869 cm^-1  (      2.0652 THz )

 # k point   128 : (  0.4659,  0.4659,  0.9318)
   Mode, Frequency 
      1     46.9443 cm^-1  (      1.4074 THz )
      2     48.1756 cm^-1  (      1.4443 THz )
      3     68.8569 cm^-1  (      2.0643 THz )

 # k point   129 : (  0.4646,  0.4646,  0.9293)
   Mode, Frequency 
      1     46.9191 cm^-1  (      1.4066 THz )
      2     48.2412 cm^-1  (      1.4462 THz )
      3     68.8258 cm^-1  (      2.0633 THz )

 # k point   130 : (  0.4634,  0.4634,  0.9268)
   Mode, Frequency 
      1     46.8930 cm^-1  (      1.4058 THz )
      2     48.3089 cm^-1  (      1.4483 THz )
      3     68.7935 cm^-1  (      2.0624 THz )

 # k point   131 : (  0.4621,  0.4621,  0.9242)
   Mode, Frequency 
      1     46.8661 cm^-1  (      1.4050 THz )
      2     48.3786 cm^-1  (      1.4504 THz )
      3     68.7601 cm^-1  (      2.0614 THz )

 # k point   132 : (  0.4609,  0.4609,  0.9217)
   Mode, Frequency 
      1     46.8382 cm^-1  (      1.4042 THz )
      2     48.4504 cm^-1  (      1.4525 THz )
      3     68.7256 cm^-1  (      2.0603 THz )

 # k point   133 : (  0.4596,  0.4596,  0.9192)
   Mode, Frequency 
      1     46.8094 cm^-1  (      1.4033 THz )
      2     48.5242 cm^-1  (      1.4547 THz )
      3     68.6900 cm^-1  (      2.0593 THz )

 # k point   134 : (  0.4583,  0.4583,  0.9167)
   Mode, Frequency 
      1     46.7797 cm^-1  (      1.4024 THz )
      2     48.5999 cm^-1  (      1.4570 THz )
      3     68.6532 cm^-1  (      2.0582 THz )

 # k point   135 : (  0.4571,  0.4571,  0.9141)
   Mode, Frequency 
      1     46.7491 cm^-1  (      1.4015 THz )
      2     48.6776 cm^-1  (      1.4593 THz )
      3     68.6153 cm^-1  (      2.0570 THz )

 # k point   136 : (  0.4558,  0.4558,  0.9116)
   Mode, Frequency 
      1     46.7177 cm^-1  (      1.4006 THz )
      2     48.7571 cm^-1  (      1.4617 THz )
      3     68.5763 cm^-1  (      2.0559 THz )

 # k point   137 : (  0.4545,  0.4545,  0.9091)
   Mode, Frequency 
      1     46.6853 cm^-1  (      1.3996 THz )
      2     48.8385 cm^-1  (      1.4641 THz )
      3     68.5362 cm^-1  (      2.0547 THz )

 # k point   138 : (  0.4533,  0.4533,  0.9066)
   Mode, Frequency 
      1     46.6520 cm^-1  (      1.3986 THz )
      2     48.9218 cm^-1  (      1.4666 THz )
      3     68.4949 cm^-1  (      2.0534 THz )

 # k point   139 : (  0.4520,  0.4520,  0.9040)
   Mode, Frequency 
      1     46.6178 cm^-1  (      1.3976 THz )
      2     49.0068 cm^-1  (      1.4692 THz )
      3     68.4525 cm^-1  (      2.0522 THz )

 # k point   140 : (  0.4508,  0.4508,  0.9015)
   Mode, Frequency 
      1     46.5828 cm^-1  (      1.3965 THz )
      2     49.0936 cm^-1  (      1.4718 THz )
      3     68.4090 cm^-1  (      2.0509 THz )

 # k point   141 : (  0.4495,  0.4495,  0.8990)
   Mode, Frequency 
      1     46.5468 cm^-1  (      1.3954 THz )
      2     49.1821 cm^-1  (      1.4744 THz )
      3     68.3644 cm^-1  (      2.0495 THz )

 # k point   142 : (  0.4482,  0.4482,  0.8965)
   Mode, Frequency 
      1     46.5099 cm^-1  (      1.3943 THz )
      2     49.2723 cm^-1  (      1.4771 THz )
      3     68.3187 cm^-1  (      2.0481 THz )

 # k point   143 : (  0.4470,  0.4470,  0.8939)
   Mode, Frequency 
      1     46.4722 cm^-1  (      1.3932 THz )
      2     49.3641 cm^-1  (      1.4799 THz )
      3     68.2718 cm^-1  (      2.0467 THz )

 # k point   144 : (  0.4457,  0.4457,  0.8914)
   Mode, Frequency 
      1     46.4336 cm^-1  (      1.3920 THz )
      2     49.4575 cm^-1  (      1.4827 THz )
      3     68.2238 cm^-1  (      2.0453 THz )

 # k point   145 : (  0.4444,  0.4444,  0.8889)
   Mode, Frequency 
      1     46.3941 cm^-1  (      1.3909 THz )
      2     49.5525 cm^-1  (      1.4855 THz )
      3     68.1747 cm^-1  (      2.0438 THz )

 # k point   146 : (  0.4432,  0.4432,  0.8864)
   Mode, Frequency 
      1     46.3537 cm^-1  (      1.3896 THz )
      2     49.6490 cm^-1  (      1.4884 THz )
      3     68.1245 cm^-1  (      2.0423 THz )

 # k point   147 : (  0.4419,  0.4419,  0.8838)
   Mode, Frequency 
      1     46.3124 cm^-1  (      1.3884 THz )
      2     49.7470 cm^-1  (      1.4914 THz )
      3     68.0731 cm^-1  (      2.0408 THz )

 # k point   148 : (  0.4407,  0.4407,  0.8813)
   Mode, Frequency 
      1     46.2702 cm^-1  (      1.3871 THz )
      2     49.8464 cm^-1  (      1.4944 THz )
      3     68.0207 cm^-1  (      2.0392 THz )

 # k point   149 : (  0.4394,  0.4394,  0.8788)
   Mode, Frequency 
      1     46.2271 cm^-1  (      1.3859 THz )
      2     49.9472 cm^-1  (      1.4974 THz )
      3     67.9671 cm^-1  (      2.0376 THz )

 # k point   150 : (  0.4381,  0.4381,  0.8763)
   Mode, Frequency 
      1     46.1832 cm^-1  (      1.3845 THz )
      2     50.0494 cm^-1  (      1.5004 THz )
      3     67.9124 cm^-1  (      2.0360 THz )

 # k point   151 : (  0.4369,  0.4369,  0.8737)
   Mode, Frequency 
      1     46.1384 cm^-1  (      1.3832 THz )
      2     50.1529 cm^-1  (      1.5035 THz )
      3     67.8566 cm^-1  (      2.0343 THz )

 # k point   152 : (  0.4356,  0.4356,  0.8712)
   Mode, Frequency 
      1     46.0927 cm^-1  (      1.3818 THz )
      2     50.2577 cm^-1  (      1.5067 THz )
      3     67.7997 cm^-1  (      2.0326 THz )

 # k point   153 : (  0.4343,  0.4343,  0.8687)
   Mode, Frequency 
      1     46.0462 cm^-1  (      1.3804 THz )
      2     50.3638 cm^-1  (      1.5099 THz )
      3     67.7417 cm^-1  (      2.0308 THz )

 # k point   154 : (  0.4331,  0.4331,  0.8662)
   Mode, Frequency 
      1     45.9987 cm^-1  (      1.3790 THz )
      2     50.4710 cm^-1  (      1.5131 THz )
      3     67.6826 cm^-1  (      2.0291 THz )

 # k point   155 : (  0.4318,  0.4318,  0.8636)
   Mode, Frequency 
      1     45.9504 cm^-1  (      1.3776 THz )
      2     50.5793 cm^-1  (      1.5163 THz )
      3     67.6223 cm^-1  (      2.0273 THz )

 # k point   156 : (  0.4306,  0.4306,  0.8611)
   Mode, Frequency 
      1     45.9013 cm^-1  (      1.3761 THz )
      2     50.6888 cm^-1  (      1.5196 THz )
      3     67.5610 cm^-1  (      2.0254 THz )

 # k point   157 : (  0.4293,  0.4293,  0.8586)
   Mode, Frequency 
      1     45.8512 cm^-1  (      1.3746 THz )
      2     50.7994 cm^-1  (      1.5229 THz )
      3     67.4985 cm^-1  (      2.0236 THz )

 # k point   158 : (  0.4280,  0.4280,  0.8561)
   Mode, Frequency 
      1     45.8003 cm^-1  (      1.3731 THz )
      2     50.9109 cm^-1  (      1.5263 THz )
      3     67.4349 cm^-1  (      2.0216 THz )

 # k point   159 : (  0.4268,  0.4268,  0.8535)
   Mode, Frequency 
      1     45.7486 cm^-1  (      1.3715 THz )
      2     51.0235 cm^-1  (      1.5296 THz )
      3     67.3703 cm^-1  (      2.0197 THz )

 # k point   160 : (  0.4255,  0.4255,  0.8510)
   Mode, Frequency 
      1     45.6959 cm^-1  (      1.3699 THz )
      2     51.1370 cm^-1  (      1.5330 THz )
      3     67.3045 cm^-1  (      2.0177 THz )

 # k point   161 : (  0.4242,  0.4242,  0.8485)
   Mode, Frequency 
      1     45.6425 cm^-1  (      1.3683 THz )
      2     51.2513 cm^-1  (      1.5365 THz )
      3     67.2376 cm^-1  (      2.0157 THz )

 # k point   162 : (  0.4230,  0.4230,  0.8460)
   Mode, Frequency 
      1     45.5881 cm^-1  (      1.3667 THz )
      2     51.3666 cm^-1  (      1.5399 THz )
      3     67.1696 cm^-1  (      2.0137 THz )

 # k point   163 : (  0.4217,  0.4217,  0.8434)
   Mode, Frequency 
      1     45.5329 cm^-1  (      1.3650 THz )
      2     51.4826 cm^-1  (      1.5434 THz )
      3     67.1005 cm^-1  (      2.0116 THz )

 # k point   164 : (  0.4205,  0.4205,  0.8409)
   Mode, Frequency 
      1     45.4769 cm^-1  (      1.3634 THz )
      2     51.5994 cm^-1  (      1.5469 THz )
      3     67.0303 cm^-1  (      2.0095 THz )

 # k point   165 : (  0.4192,  0.4192,  0.8384)
   Mode, Frequency 
      1     45.4200 cm^-1  (      1.3617 THz )
      2     51.7169 cm^-1  (      1.5504 THz )
      3     66.9590 cm^-1  (      2.0074 THz )

 # k point   166 : (  0.4179,  0.4179,  0.8359)
   Mode, Frequency 
      1     45.3622 cm^-1  (      1.3599 THz )
      2     51.8351 cm^-1  (      1.5540 THz )
      3     66.8867 cm^-1  (      2.0052 THz )

 # k point   167 : (  0.4167,  0.4167,  0.8333)
   Mode, Frequency 
      1     45.3036 cm^-1  (      1.3582 THz )
      2     51.9539 cm^-1  (      1.5575 THz )
      3     66.8132 cm^-1  (      2.0030 THz )

 # k point   168 : (  0.4154,  0.4154,  0.8308)
   Mode, Frequency 
      1     45.2442 cm^-1  (      1.3564 THz )
      2     52.0733 cm^-1  (      1.5611 THz )
      3     66.7386 cm^-1  (      2.0008 THz )

 # k point   169 : (  0.4141,  0.4141,  0.8283)
   Mode, Frequency 
      1     45.1839 cm^-1  (      1.3546 THz )
      2     52.1933 cm^-1  (      1.5647 THz )
      3     66.6629 cm^-1  (      1.9985 THz )

 # k point   170 : (  0.4129,  0.4129,  0.8258)
   Mode, Frequency 
      1     45.1228 cm^-1  (      1.3527 THz )
      2     52.3137 cm^-1  (      1.5683 THz )
      3     66.5862 cm^-1  (      1.9962 THz )

 # k point   171 : (  0.4116,  0.4116,  0.8232)
   Mode, Frequency 
      1     45.0609 cm^-1  (      1.3509 THz )
      2     52.4347 cm^-1  (      1.5720 THz )
      3     66.5083 cm^-1  (      1.9939 THz )

 # k point   172 : (  0.4104,  0.4104,  0.8207)
   Mode, Frequency 
      1     44.9981 cm^-1  (      1.3490 THz )
      2     52.5560 cm^-1  (      1.5756 THz )
      3     66.4294 cm^-1  (      1.9915 THz )

 # k point   173 : (  0.4091,  0.4091,  0.8182)
   Mode, Frequency 
      1     44.9345 cm^-1  (      1.3471 THz )
      2     52.6777 cm^-1  (      1.5792 THz )
      3     66.3493 cm^-1  (      1.9891 THz )

 # k point   174 : (  0.4078,  0.4078,  0.8157)
   Mode, Frequency 
      1     44.8700 cm^-1  (      1.3452 THz )
      2     52.7997 cm^-1  (      1.5829 THz )
      3     66.2682 cm^-1  (      1.9867 THz )

 # k point   175 : (  0.4066,  0.4066,  0.8131)
   Mode, Frequency 
      1     44.8047 cm^-1  (      1.3432 THz )
      2     52.9220 cm^-1  (      1.5866 THz )
      3     66.1860 cm^-1  (      1.9842 THz )

 # k point   176 : (  0.4053,  0.4053,  0.8106)
   Mode, Frequency 
      1     44.7386 cm^-1  (      1.3412 THz )
      2     53.0446 cm^-1  (      1.5902 THz )
      3     66.1027 cm^-1  (      1.9817 THz )

 # k point   177 : (  0.4040,  0.4040,  0.8081)
   Mode, Frequency 
      1     44.6717 cm^-1  (      1.3392 THz )
      2     53.1673 cm^-1  (      1.5939 THz )
      3     66.0183 cm^-1  (      1.9792 THz )

 # k point   178 : (  0.4028,  0.4028,  0.8056)
   Mode, Frequency 
      1     44.6040 cm^-1  (      1.3372 THz )
      2     53.2902 cm^-1  (      1.5976 THz )
      3     65.9329 cm^-1  (      1.9766 THz )

 # k point   179 : (  0.4015,  0.4015,  0.8030)
   Mode, Frequency 
      1     44.5354 cm^-1  (      1.3351 THz )
      2     53.4132 cm^-1  (      1.6013 THz )
      3     65.8464 cm^-1  (      1.9740 THz )

 # k point   180 : (  0.4003,  0.4003,  0.8005)
   Mode, Frequency 
      1     44.4660 cm^-1  (      1.3331 THz )
      2     53.5363 cm^-1  (      1.6050 THz )
      3     65.7587 cm^-1  (      1.9714 THz )

 # k point   181 : (  0.3990,  0.3990,  0.7980)
   Mode, Frequency 
      1     44.3958 cm^-1  (      1.3310 THz )
      2     53.6594 cm^-1  (      1.6087 THz )
      3     65.6701 cm^-1  (      1.9687 THz )

 # k point   182 : (  0.3977,  0.3977,  0.7955)
   Mode, Frequency 
      1     44.3249 cm^-1  (      1.3288 THz )
      2     53.7825 cm^-1  (      1.6124 THz )
      3     65.5803 cm^-1  (      1.9660 THz )

 # k point   183 : (  0.3965,  0.3965,  0.7929)
   Mode, Frequency 
      1     44.2531 cm^-1  (      1.3267 THz )
      2     53.9056 cm^-1  (      1.6160 THz )
      3     65.4895 cm^-1  (      1.9633 THz )

 # k point   184 : (  0.3952,  0.3952,  0.7904)
   Mode, Frequency 
      1     44.1804 cm^-1  (      1.3245 THz )
      2     54.0285 cm^-1  (      1.6197 THz )
      3     65.3975 cm^-1  (      1.9606 THz )

 # k point   185 : (  0.3939,  0.3939,  0.7879)
   Mode, Frequency 
      1     44.1070 cm^-1  (      1.3223 THz )
      2     54.1513 cm^-1  (      1.6234 THz )
      3     65.3046 cm^-1  (      1.9578 THz )

 # k point   186 : (  0.3927,  0.3927,  0.7854)
   Mode, Frequency 
      1     44.0328 cm^-1  (      1.3201 THz )
      2     54.2739 cm^-1  (      1.6271 THz )
      3     65.2105 cm^-1  (      1.9550 THz )

 # k point   187 : (  0.3914,  0.3914,  0.7828)
   Mode, Frequency 
      1     43.9578 cm^-1  (      1.3178 THz )
      2     54.3964 cm^-1  (      1.6308 THz )
      3     65.1154 cm^-1  (      1.9521 THz )

 # k point   188 : (  0.3902,  0.3902,  0.7803)
   Mode, Frequency 
      1     43.8820 cm^-1  (      1.3156 THz )
      2     54.5185 cm^-1  (      1.6344 THz )
      3     65.0192 cm^-1  (      1.9492 THz )

 # k point   189 : (  0.3889,  0.3889,  0.7778)
   Mode, Frequency 
      1     43.8055 cm^-1  (      1.3133 THz )
      2     54.6403 cm^-1  (      1.6381 THz )
      3     64.9220 cm^-1  (      1.9463 THz )

 # k point   190 : (  0.3876,  0.3876,  0.7753)
   Mode, Frequency 
      1     43.7281 cm^-1  (      1.3109 THz )
      2     54.7618 cm^-1  (      1.6417 THz )
      3     64.8237 cm^-1  (      1.9434 THz )

 # k point   191 : (  0.3864,  0.3864,  0.7727)
   Mode, Frequency 
      1     43.6499 cm^-1  (      1.3086 THz )
      2     54.8829 cm^-1  (      1.6453 THz )
      3     64.7243 cm^-1  (      1.9404 THz )

 # k point   192 : (  0.3851,  0.3851,  0.7702)
   Mode, Frequency 
      1     43.5710 cm^-1  (      1.3062 THz )
      2     55.0036 cm^-1  (      1.6490 THz )
      3     64.6239 cm^-1  (      1.9374 THz )

 # k point   193 : (  0.3838,  0.3838,  0.7677)
   Mode, Frequency 
      1     43.4913 cm^-1  (      1.3038 THz )
      2     55.1239 cm^-1  (      1.6526 THz )
      3     64.5224 cm^-1  (      1.9343 THz )

 # k point   194 : (  0.3826,  0.3826,  0.7652)
   Mode, Frequency 
      1     43.4108 cm^-1  (      1.3014 THz )
      2     55.2436 cm^-1  (      1.6562 THz )
      3     64.4199 cm^-1  (      1.9313 THz )

 # k point   195 : (  0.3813,  0.3813,  0.7626)
   Mode, Frequency 
      1     43.3296 cm^-1  (      1.2990 THz )
      2     55.3628 cm^-1  (      1.6597 THz )
      3     64.3163 cm^-1  (      1.9282 THz )

 # k point   196 : (  0.3801,  0.3801,  0.7601)
   Mode, Frequency 
      1     43.2475 cm^-1  (      1.2965 THz )
      2     55.4814 cm^-1  (      1.6633 THz )
      3     64.2117 cm^-1  (      1.9250 THz )

 # k point   197 : (  0.3788,  0.3788,  0.7576)
   Mode, Frequency 
      1     43.1648 cm^-1  (      1.2940 THz )
      2     55.5994 cm^-1  (      1.6668 THz )
      3     64.1060 cm^-1  (      1.9219 THz )

 # k point   198 : (  0.3775,  0.3775,  0.7551)
   Mode, Frequency 
      1     43.0812 cm^-1  (      1.2915 THz )
      2     55.7167 cm^-1  (      1.6703 THz )
      3     63.9993 cm^-1  (      1.9187 THz )

 # k point   199 : (  0.3763,  0.3763,  0.7525)
   Mode, Frequency 
      1     42.9969 cm^-1  (      1.2890 THz )
      2     55.8334 cm^-1  (      1.6738 THz )
      3     63.8915 cm^-1  (      1.9154 THz )

 # k point   200 : (  0.3750,  0.3750,  0.7500)
   Mode, Frequency 
      1     42.9118 cm^-1  (      1.2865 THz )
      2     55.9493 cm^-1  (      1.6773 THz )
      3     63.7827 cm^-1  (      1.9122 THz )

 # k point   201 : (  0.3750,  0.3750,  0.7500)
   Mode, Frequency 
      1     42.9118 cm^-1  (      1.2865 THz )
      2     55.9493 cm^-1  (      1.6773 THz )
      3     63.7827 cm^-1  (      1.9122 THz )

 # k point   202 : (  0.3712,  0.3712,  0.7424)
   Mode, Frequency 
      1     42.6521 cm^-1  (      1.2787 THz )
      2     56.2923 cm^-1  (      1.6876 THz )
      3     63.4501 cm^-1  (      1.9022 THz )

 # k point   203 : (  0.3674,  0.3674,  0.7348)
   Mode, Frequency 
      1     42.3857 cm^-1  (      1.2707 THz )
      2     56.6274 cm^-1  (      1.6976 THz )
      3     63.1082 cm^-1  (      1.8919 THz )

 # k point   204 : (  0.3636,  0.3636,  0.7273)
   Mode, Frequency 
      1     42.1128 cm^-1  (      1.2625 THz )
      2     56.9536 cm^-1  (      1.7074 THz )
      3     62.7570 cm^-1  (      1.8814 THz )

 # k point   205 : (  0.3598,  0.3598,  0.7197)
   Mode, Frequency 
      1     41.8333 cm^-1  (      1.2541 THz )
      2     57.2701 cm^-1  (      1.7169 THz )
      3     62.3967 cm^-1  (      1.8706 THz )

 # k point   206 : (  0.3561,  0.3561,  0.7121)
   Mode, Frequency 
      1     41.5474 cm^-1  (      1.2456 THz )
      2     57.5759 cm^-1  (      1.7261 THz )
      3     62.0273 cm^-1  (      1.8595 THz )

 # k point   207 : (  0.3523,  0.3523,  0.7045)
   Mode, Frequency 
      1     41.2552 cm^-1  (      1.2368 THz )
      2     57.8702 cm^-1  (      1.7349 THz )
      3     61.6489 cm^-1  (      1.8482 THz )

 # k point   208 : (  0.3485,  0.3485,  0.6970)
   Mode, Frequency 
      1     40.9567 cm^-1  (      1.2279 THz )
      2     58.1520 cm^-1  (      1.7434 THz )
      3     61.2615 cm^-1  (      1.8366 THz )

 # k point   209 : (  0.3447,  0.3447,  0.6894)
   Mode, Frequency 
      1     40.6522 cm^-1  (      1.2187 THz )
      2     58.4207 cm^-1  (      1.7514 THz )
      3     60.8652 cm^-1  (      1.8247 THz )

 # k point   210 : (  0.3409,  0.3409,  0.6818)
   Mode, Frequency 
      1     40.3416 cm^-1  (      1.2094 THz )
      2     58.6753 cm^-1  (      1.7590 THz )
      3     60.4601 cm^-1  (      1.8125 THz )

 # k point   211 : (  0.3371,  0.3371,  0.6742)
   Mode, Frequency 
      1     40.0252 cm^-1  (      1.1999 THz )
      2     58.9152 cm^-1  (      1.7662 THz )
      3     60.0463 cm^-1  (      1.8001 THz )

 # k point   212 : (  0.3333,  0.3333,  0.6667)
   Mode, Frequency 
      1     39.7029 cm^-1  (      1.1903 THz )
      2     59.1396 cm^-1  (      1.7730 THz )
      3     59.6239 cm^-1  (      1.7875 THz )

 # k point   213 : (  0.3295,  0.3295,  0.6591)
   Mode, Frequency 
      1     39.3749 cm^-1  (      1.1804 THz )
      2     59.1928 cm^-1  (      1.7746 THz )
      3     59.3478 cm^-1  (      1.7792 THz )

 # k point   214 : (  0.3258,  0.3258,  0.6515)
   Mode, Frequency 
      1     39.0413 cm^-1  (      1.1704 THz )
      2     58.7533 cm^-1  (      1.7614 THz )
      3     59.5391 cm^-1  (      1.7849 THz )

 # k point   215 : (  0.3220,  0.3220,  0.6439)
   Mode, Frequency 
      1     38.7022 cm^-1  (      1.1603 THz )
      2     58.3054 cm^-1  (      1.7480 THz )
      3     59.7130 cm^-1  (      1.7902 THz )

 # k point   216 : (  0.3182,  0.3182,  0.6364)
   Mode, Frequency 
      1     38.3578 cm^-1  (      1.1499 THz )
      2     57.8492 cm^-1  (      1.7343 THz )
      3     59.8687 cm^-1  (      1.7948 THz )

 # k point   217 : (  0.3144,  0.3144,  0.6288)
   Mode, Frequency 
      1     38.0080 cm^-1  (      1.1395 THz )
      2     57.3847 cm^-1  (      1.7204 THz )
      3     60.0058 cm^-1  (      1.7989 THz )

 # k point   218 : (  0.3106,  0.3106,  0.6212)
   Mode, Frequency 
      1     37.6531 cm^-1  (      1.1288 THz )
      2     56.9122 cm^-1  (      1.7062 THz )
      3     60.1236 cm^-1  (      1.8025 THz )

 # k point   219 : (  0.3068,  0.3068,  0.6136)
   Mode, Frequency 
      1     37.2932 cm^-1  (      1.1180 THz )
      2     56.4315 cm^-1  (      1.6918 THz )
      3     60.2216 cm^-1  (      1.8054 THz )

 # k point   220 : (  0.3030,  0.3030,  0.6061)
   Mode, Frequency 
      1     36.9283 cm^-1  (      1.1071 THz )
      2     55.9430 cm^-1  (      1.6771 THz )
      3     60.2994 cm^-1  (      1.8077 THz )

 # k point   221 : (  0.2992,  0.2992,  0.5985)
   Mode, Frequency 
      1     36.5586 cm^-1  (      1.0960 THz )
      2     55.4465 cm^-1  (      1.6622 THz )
      3     60.3565 cm^-1  (      1.8094 THz )

 # k point   222 : (  0.2955,  0.2955,  0.5909)
   Mode, Frequency 
      1     36.1841 cm^-1  (      1.0848 THz )
      2     54.9424 cm^-1  (      1.6471 THz )
      3     60.3924 cm^-1  (      1.8105 THz )

 # k point   223 : (  0.2917,  0.2917,  0.5833)
   Mode, Frequency 
      1     35.8051 cm^-1  (      1.0734 THz )
      2     54.4305 cm^-1  (      1.6318 THz )
      3     60.4068 cm^-1  (      1.8109 THz )

 # k point   224 : (  0.2879,  0.2879,  0.5758)
   Mode, Frequency 
      1     35.4215 cm^-1  (      1.0619 THz )
      2     53.9111 cm^-1  (      1.6162 THz )
      3     60.3992 cm^-1  (      1.8107 THz )

 # k point   225 : (  0.2841,  0.2841,  0.5682)
   Mode, Frequency 
      1     35.0336 cm^-1  (      1.0503 THz )
      2     53.3843 cm^-1  (      1.6004 THz )
      3     60.3693 cm^-1  (      1.8098 THz )

 # k point   226 : (  0.2803,  0.2803,  0.5606)
   Mode, Frequency 
      1     34.6414 cm^-1  (      1.0385 THz )
      2     52.8501 cm^-1  (      1.5844 THz )
      3     60.3168 cm^-1  (      1.8083 THz )

 # k point   227 : (  0.2765,  0.2765,  0.5530)
   Mode, Frequency 
      1     34.2451 cm^-1  (      1.0266 THz )
      2     52.3086 cm^-1  (      1.5682 THz )
      3     60.2414 cm^-1  (      1.8060 THz )

 # k point   228 : (  0.2727,  0.2727,  0.5455)
   Mode, Frequency 
      1     33.8447 cm^-1  (      1.0146 THz )
      2     51.7600 cm^-1  (      1.5517 THz )
      3     60.1428 cm^-1  (      1.8030 THz )

 # k point   229 : (  0.2689,  0.2689,  0.5379)
   Mode, Frequency 
      1     33.4404 cm^-1  (      1.0025 THz )
      2     51.2043 cm^-1  (      1.5351 THz )
      3     60.0209 cm^-1  (      1.7994 THz )

 # k point   230 : (  0.2652,  0.2652,  0.5303)
   Mode, Frequency 
      1     33.0323 cm^-1  (      0.9903 THz )
      2     50.6417 cm^-1  (      1.5182 THz )
      3     59.8752 cm^-1  (      1.7950 THz )

 # k point   231 : (  0.2614,  0.2614,  0.5227)
   Mode, Frequency 
      1     32.6205 cm^-1  (      0.9779 THz )
      2     50.0723 cm^-1  (      1.5011 THz )
      3     59.7058 cm^-1  (      1.7899 THz )

 # k point   232 : (  0.2576,  0.2576,  0.5152)
   Mode, Frequency 
      1     32.2051 cm^-1  (      0.9655 THz )
      2     49.4961 cm^-1  (      1.4839 THz )
      3     59.5124 cm^-1  (      1.7841 THz )

 # k point   233 : (  0.2538,  0.2538,  0.5076)
   Mode, Frequency 
      1     31.7861 cm^-1  (      0.9529 THz )
      2     48.9133 cm^-1  (      1.4664 THz )
      3     59.2949 cm^-1  (      1.7776 THz )

 # k point   234 : (  0.2500,  0.2500,  0.5000)
   Mode, Frequency 
      1     31.3639 cm^-1  (      0.9403 THz )
      2     48.3239 cm^-1  (      1.4487 THz )
      3     59.0531 cm^-1  (      1.7704 THz )

 # k point   235 : (  0.2462,  0.2462,  0.4924)
   Mode, Frequency 
      1     30.9383 cm^-1  (      0.9275 THz )
      2     47.7281 cm^-1  (      1.4309 THz )
      3     58.7871 cm^-1  (      1.7624 THz )

 # k point   236 : (  0.2424,  0.2424,  0.4848)
   Mode, Frequency 
      1     30.5096 cm^-1  (      0.9147 THz )
      2     47.1261 cm^-1  (      1.4128 THz )
      3     58.4967 cm^-1  (      1.7537 THz )

 # k point   237 : (  0.2386,  0.2386,  0.4773)
   Mode, Frequency 
      1     30.0778 cm^-1  (      0.9017 THz )
      2     46.5178 cm^-1  (      1.3946 THz )
      3     58.1818 cm^-1  (      1.7442 THz )

 # k point   238 : (  0.2348,  0.2348,  0.4697)
   Mode, Frequency 
      1     29.6431 cm^-1  (      0.8887 THz )
      2     45.9034 cm^-1  (      1.3761 THz )
      3     57.8426 cm^-1  (      1.7341 THz )

 # k point   239 : (  0.2311,  0.2311,  0.4621)
   Mode, Frequency 
      1     29.2055 cm^-1  (      0.8756 THz )
      2     45.2830 cm^-1  (      1.3575 THz )
      3     57.4790 cm^-1  (      1.7232 THz )

 # k point   240 : (  0.2273,  0.2273,  0.4545)
   Mode, Frequency 
      1     28.7652 cm^-1  (      0.8624 THz )
      2     44.6567 cm^-1  (      1.3388 THz )
      3     57.0910 cm^-1  (      1.7115 THz )

 # k point   241 : (  0.2235,  0.2235,  0.4470)
   Mode, Frequency 
      1     28.3222 cm^-1  (      0.8491 THz )
      2     44.0246 cm^-1  (      1.3198 THz )
      3     56.6787 cm^-1  (      1.6992 THz )

 # k point   242 : (  0.2197,  0.2197,  0.4394)
   Mode, Frequency 
      1     27.8767 cm^-1  (      0.8357 THz )
      2     43.3868 cm^-1  (      1.3007 THz )
      3     56.2421 cm^-1  (      1.6861 THz )

 # k point   243 : (  0.2159,  0.2159,  0.4318)
   Mode, Frequency 
      1     27.4287 cm^-1  (      0.8223 THz )
      2     42.7435 cm^-1  (      1.2814 THz )
      3     55.7814 cm^-1  (      1.6723 THz )

 # k point   244 : (  0.2121,  0.2121,  0.4242)
   Mode, Frequency 
      1     26.9783 cm^-1  (      0.8088 THz )
      2     42.0947 cm^-1  (      1.2620 THz )
      3     55.2967 cm^-1  (      1.6578 THz )

 # k point   245 : (  0.2083,  0.2083,  0.4167)
   Mode, Frequency 
      1     26.5257 cm^-1  (      0.7952 THz )
      2     41.4405 cm^-1  (      1.2424 THz )
      3     54.7881 cm^-1  (      1.6425 THz )

 # k point   246 : (  0.2045,  0.2045,  0.4091)
   Mode, Frequency 
      1     26.0709 cm^-1  (      0.7816 THz )
      2     40.7810 cm^-1  (      1.2226 THz )
      3     54.2559 cm^-1  (      1.6266 THz )

 # k point   247 : (  0.2008,  0.2008,  0.4015)
   Mode, Frequency 
      1     25.6141 cm^-1  (      0.7679 THz )
      2     40.1164 cm^-1  (      1.2027 THz )
      3     53.7001 cm^-1  (      1.6099 THz )

 # k point   248 : (  0.1970,  0.1970,  0.3939)
   Mode, Frequency 
      1     25.1552 cm^-1  (      0.7541 THz )
      2     39.4466 cm^-1  (      1.1826 THz )
      3     53.1209 cm^-1  (      1.5925 THz )

 # k point   249 : (  0.1932,  0.1932,  0.3864)
   Mode, Frequency 
      1     24.6944 cm^-1  (      0.7403 THz )
      2     38.7720 cm^-1  (      1.1624 THz )
      3     52.5187 cm^-1  (      1.5745 THz )

 # k point   250 : (  0.1894,  0.1894,  0.3788)
   Mode, Frequency 
      1     24.2318 cm^-1  (      0.7265 THz )
      2     38.0924 cm^-1  (      1.1420 THz )
      3     51.8936 cm^-1  (      1.5557 THz )

 # k point   251 : (  0.1856,  0.1856,  0.3712)
   Mode, Frequency 
      1     23.7674 cm^-1  (      0.7125 THz )
      2     37.4081 cm^-1  (      1.1215 THz )
      3     51.2458 cm^-1  (      1.5363 THz )

 # k point   252 : (  0.1818,  0.1818,  0.3636)
   Mode, Frequency 
      1     23.3014 cm^-1  (      0.6986 THz )
      2     36.7191 cm^-1  (      1.1008 THz )
      3     50.5757 cm^-1  (      1.5162 THz )

 # k point   253 : (  0.1780,  0.1780,  0.3561)
   Mode, Frequency 
      1     22.8338 cm^-1  (      0.6845 THz )
      2     36.0255 cm^-1  (      1.0800 THz )
      3     49.8836 cm^-1  (      1.4955 THz )

 # k point   254 : (  0.1742,  0.1742,  0.3485)
   Mode, Frequency 
      1     22.3646 cm^-1  (      0.6705 THz )
      2     35.3275 cm^-1  (      1.0591 THz )
      3     49.1696 cm^-1  (      1.4741 THz )

 # k point   255 : (  0.1705,  0.1705,  0.3409)
   Mode, Frequency 
      1     21.8940 cm^-1  (      0.6564 THz )
      2     34.6250 cm^-1  (      1.0380 THz )
      3     48.4342 cm^-1  (      1.4520 THz )

 # k point   256 : (  0.1667,  0.1667,  0.3333)
   Mode, Frequency 
      1     21.4220 cm^-1  (      0.6422 THz )
      2     33.9183 cm^-1  (      1.0168 THz )
      3     47.6777 cm^-1  (      1.4293 THz )

 # k point   257 : (  0.1629,  0.1629,  0.3258)
   Mode, Frequency 
      1     20.9487 cm^-1  (      0.6280 THz )
      2     33.2074 cm^-1  (      0.9955 THz )
      3     46.9004 cm^-1  (      1.4060 THz )

 # k point   258 : (  0.1591,  0.1591,  0.3182)
   Mode, Frequency 
      1     20.4742 cm^-1  (      0.6138 THz )
      2     32.4924 cm^-1  (      0.9741 THz )
      3     46.1027 cm^-1  (      1.3821 THz )

 # k point   259 : (  0.1553,  0.1553,  0.3106)
   Mode, Frequency 
      1     19.9985 cm^-1  (      0.5995 THz )
      2     31.7734 cm^-1  (      0.9525 THz )
      3     45.2849 cm^-1  (      1.3576 THz )

 # k point   260 : (  0.1515,  0.1515,  0.3030)
   Mode, Frequency 
      1     19.5217 cm^-1  (      0.5852 THz )
      2     31.0505 cm^-1  (      0.9309 THz )
      3     44.4474 cm^-1  (      1.3325 THz )

 # k point   261 : (  0.1477,  0.1477,  0.2955)
   Mode, Frequency 
      1     19.0438 cm^-1  (      0.5709 THz )
      2     30.3238 cm^-1  (      0.9091 THz )
      3     43.5906 cm^-1  (      1.3068 THz )

 # k point   262 : (  0.1439,  0.1439,  0.2879)
   Mode, Frequency 
      1     18.5649 cm^-1  (      0.5566 THz )
      2     29.5934 cm^-1  (      0.8872 THz )
      3     42.7150 cm^-1  (      1.2806 THz )

 # k point   263 : (  0.1402,  0.1402,  0.2803)
   Mode, Frequency 
      1     18.0851 cm^-1  (      0.5422 THz )
      2     28.8594 cm^-1  (      0.8652 THz )
      3     41.8208 cm^-1  (      1.2538 THz )

 # k point   264 : (  0.1364,  0.1364,  0.2727)
   Mode, Frequency 
      1     17.6043 cm^-1  (      0.5278 THz )
      2     28.1218 cm^-1  (      0.8431 THz )
      3     40.9086 cm^-1  (      1.2264 THz )

 # k point   265 : (  0.1326,  0.1326,  0.2652)
   Mode, Frequency 
      1     17.1228 cm^-1  (      0.5133 THz )
      2     27.3808 cm^-1  (      0.8209 THz )
      3     39.9787 cm^-1  (      1.1985 THz )

 # k point   266 : (  0.1288,  0.1288,  0.2576)
   Mode, Frequency 
      1     16.6404 cm^-1  (      0.4989 THz )
      2     26.6364 cm^-1  (      0.7985 THz )
      3     39.0316 cm^-1  (      1.1701 THz )

 # k point   267 : (  0.1250,  0.1250,  0.2500)
   Mode, Frequency 
      1     16.1573 cm^-1  (      0.4844 THz )
      2     25.8888 cm^-1  (      0.7761 THz )
      3     38.0678 cm^-1  (      1.1412 THz )

 # k point   268 : (  0.1212,  0.1212,  0.2424)
   Mode, Frequency 
      1     15.6734 cm^-1  (      0.4699 THz )
      2     25.1380 cm^-1  (      0.7536 THz )
      3     37.0876 cm^-1  (      1.1119 THz )

 # k point   269 : (  0.1174,  0.1174,  0.2348)
   Mode, Frequency 
      1     15.1890 cm^-1  (      0.4554 THz )
      2     24.3841 cm^-1  (      0.7310 THz )
      3     36.0916 cm^-1  (      1.0820 THz )

 # k point   270 : (  0.1136,  0.1136,  0.2273)
   Mode, Frequency 
      1     14.7038 cm^-1  (      0.4408 THz )
      2     23.6273 cm^-1  (      0.7083 THz )
      3     35.0802 cm^-1  (      1.0517 THz )

 # k point   271 : (  0.1098,  0.1098,  0.2197)
   Mode, Frequency 
      1     14.2182 cm^-1  (      0.4262 THz )
      2     22.8675 cm^-1  (      0.6856 THz )
      3     34.0539 cm^-1  (      1.0209 THz )

 # k point   272 : (  0.1061,  0.1061,  0.2121)
   Mode, Frequency 
      1     13.7319 cm^-1  (      0.4117 THz )
      2     22.1050 cm^-1  (      0.6627 THz )
      3     33.0131 cm^-1  (      0.9897 THz )

 # k point   273 : (  0.1023,  0.1023,  0.2045)
   Mode, Frequency 
      1     13.2452 cm^-1  (      0.3971 THz )
      2     21.3398 cm^-1  (      0.6397 THz )
      3     31.9583 cm^-1  (      0.9581 THz )

 # k point   274 : (  0.0985,  0.0985,  0.1970)
   Mode, Frequency 
      1     12.7579 cm^-1  (      0.3825 THz )
      2     20.5719 cm^-1  (      0.6167 THz )
      3     30.8901 cm^-1  (      0.9261 THz )

 # k point   275 : (  0.0947,  0.0947,  0.1894)
   Mode, Frequency 
      1     12.2703 cm^-1  (      0.3679 THz )
      2     19.8015 cm^-1  (      0.5936 THz )
      3     29.8088 cm^-1  (      0.8936 THz )

 # k point   276 : (  0.0909,  0.0909,  0.1818)
   Mode, Frequency 
      1     11.7822 cm^-1  (      0.3532 THz )
      2     19.0287 cm^-1  (      0.5705 THz )
      3     28.7149 cm^-1  (      0.8609 THz )

 # k point   277 : (  0.0871,  0.0871,  0.1742)
   Mode, Frequency 
      1     11.2937 cm^-1  (      0.3386 THz )
      2     18.2536 cm^-1  (      0.5472 THz )
      3     27.6091 cm^-1  (      0.8277 THz )

 # k point   278 : (  0.0833,  0.0833,  0.1667)
   Mode, Frequency 
      1     10.8049 cm^-1  (      0.3239 THz )
      2     17.4762 cm^-1  (      0.5239 THz )
      3     26.4917 cm^-1  (      0.7942 THz )

 # k point   279 : (  0.0795,  0.0795,  0.1591)
   Mode, Frequency 
      1     10.3157 cm^-1  (      0.3093 THz )
      2     16.6967 cm^-1  (      0.5006 THz )
      3     25.3632 cm^-1  (      0.7604 THz )

 # k point   280 : (  0.0758,  0.0758,  0.1515)
   Mode, Frequency 
      1      9.8262 cm^-1  (      0.2946 THz )
      2     15.9151 cm^-1  (      0.4771 THz )
      3     24.2242 cm^-1  (      0.7262 THz )

 # k point   281 : (  0.0720,  0.0720,  0.1439)
   Mode, Frequency 
      1      9.3365 cm^-1  (      0.2799 THz )
      2     15.1316 cm^-1  (      0.4536 THz )
      3     23.0751 cm^-1  (      0.6918 THz )

 # k point   282 : (  0.0682,  0.0682,  0.1364)
   Mode, Frequency 
      1      8.8465 cm^-1  (      0.2652 THz )
      2     14.3462 cm^-1  (      0.4301 THz )
      3     21.9165 cm^-1  (      0.6570 THz )

 # k point   283 : (  0.0644,  0.0644,  0.1288)
   Mode, Frequency 
      1      8.3562 cm^-1  (      0.2505 THz )
      2     13.5590 cm^-1  (      0.4065 THz )
      3     20.7488 cm^-1  (      0.6220 THz )

 # k point   284 : (  0.0606,  0.0606,  0.1212)
   Mode, Frequency 
      1      7.8657 cm^-1  (      0.2358 THz )
      2     12.7702 cm^-1  (      0.3828 THz )
      3     19.5726 cm^-1  (      0.5868 THz )

 # k point   285 : (  0.0568,  0.0568,  0.1136)
   Mode, Frequency 
      1      7.3750 cm^-1  (      0.2211 THz )
      2     11.9797 cm^-1  (      0.3591 THz )
      3     18.3883 cm^-1  (      0.5513 THz )

 # k point   286 : (  0.0530,  0.0530,  0.1061)
   Mode, Frequency 
      1      6.8841 cm^-1  (      0.2064 THz )
      2     11.1878 cm^-1  (      0.3354 THz )
      3     17.1965 cm^-1  (      0.5155 THz )

 # k point   287 : (  0.0492,  0.0492,  0.0985)
   Mode, Frequency 
      1      6.3930 cm^-1  (      0.1917 THz )
      2     10.3945 cm^-1  (      0.3116 THz )
      3     15.9976 cm^-1  (      0.4796 THz )

 # k point   288 : (  0.0455,  0.0455,  0.0909)
   Mode, Frequency 
      1      5.9018 cm^-1  (      0.1769 THz )
      2      9.5999 cm^-1  (      0.2878 THz )
      3     14.7921 cm^-1  (      0.4435 THz )

 # k point   289 : (  0.0417,  0.0417,  0.0833)
   Mode, Frequency 
      1      5.4105 cm^-1  (      0.1622 THz )
      2      8.8041 cm^-1  (      0.2639 THz )
      3     13.5807 cm^-1  (      0.4071 THz )

 # k point   290 : (  0.0379,  0.0379,  0.0758)
   Mode, Frequency 
      1      4.9190 cm^-1  (      0.1475 THz )
      2      8.0073 cm^-1  (      0.2401 THz )
      3     12.3637 cm^-1  (      0.3707 THz )

 # k point   291 : (  0.0341,  0.0341,  0.0682)
   Mode, Frequency 
      1      4.4274 cm^-1  (      0.1327 THz )
      2      7.2094 cm^-1  (      0.2161 THz )
      3     11.1416 cm^-1  (      0.3340 THz )

 # k point   292 : (  0.0303,  0.0303,  0.0606)
   Mode, Frequency 
      1      3.9357 cm^-1  (      0.1180 THz )
      2      6.4106 cm^-1  (      0.1922 THz )
      3      9.9151 cm^-1  (      0.2972 THz )

 # k point   293 : (  0.0265,  0.0265,  0.0530)
   Mode, Frequency 
      1      3.4439 cm^-1  (      0.1032 THz )
      2      5.6110 cm^-1  (      0.1682 THz )
      3      8.6845 cm^-1  (      0.2604 THz )

 # k point   294 : (  0.0227,  0.0227,  0.0455)
   Mode, Frequency 
      1      2.9521 cm^-1  (      0.0885 THz )
      2      4.8108 cm^-1  (      0.1442 THz )
      3      7.4504 cm^-1  (      0.2234 THz )

 # k point   295 : (  0.0189,  0.0189,  0.0379)
   Mode, Frequency 
      1      2.4602 cm^-1  (      0.0738 THz )
      2      4.0099 cm^-1  (      0.1202 THz )
      3      6.2133 cm^-1  (      0.1863 THz )

 # k point   296 : (  0.0152,  0.0152,  0.0303)
   Mode, Frequency 
      1      1.9682 cm^-1  (      0.0590 THz )
      2      3.2085 cm^-1  (      0.0962 THz )
      3      4.9736 cm^-1  (      0.1491 THz )

 # k point   297 : (  0.0114,  0.0114,  0.0227)
   Mode, Frequency 
      1      1.4762 cm^-1  (      0.0443 THz )
      2      2.4067 cm^-1  (      0.0722 THz )
      3      3.7320 cm^-1  (      0.1119 THz )

 # k point   298 : (  0.0076,  0.0076,  0.0152)
   Mode, Frequency 
      1      0.9841 cm^-1  (      0.0295 THz )
      2      1.6047 cm^-1  (      0.0481 THz )
      3      2.4888 cm^-1  (      0.0746 THz )

 # k point   299 : (  0.0038,  0.0038,  0.0076)
   Mode, Frequency 
      1      0.4921 cm^-1  (      0.0148 THz )
      2      0.8024 cm^-1  (      0.0241 THz )
      3      1.2447 cm^-1  (      0.0373 THz )

 # k point   300 : (  0.0000,  0.0000,  0.0000)
   Mode, Frequency 
      1      0.0000 cm^-1  (      0.0000 THz )
      2      0.0000 cm^-1  (      0.0000 THz )
      3      0.0000 cm^-1  (      0.0000 THz )

 # k point   301 : (  0.0000,  0.0000,  0.0000)
   Mode, Frequency 
      1      0.0000 cm^-1  (      0.0000 THz )
      2      0.0000 cm^-1  (      0.0000 THz )
      3      0.0000 cm^-1  (      0.0000 THz )

 # k point   302 : (  0.0051,  0.0051,  0.0051)
   Mode, Frequency 
      1      0.5007 cm^-1  (      0.0150 THz )
      2      0.5007 cm^-1  (      0.0150 THz )
      3      1.0593 cm^-1  (      0.0318 THz )

 # k point   303 : (  0.0101,  0.0101,  0.0101)
   Mode, Frequency 
      1      1.0012 cm^-1  (      0.0300 THz )
      2      1.0012 cm^-1  (      0.0300 THz )
      3      2.1184 cm^-1  (      0.0635 THz )

 # k point   304 : (  0.0152,  0.0152,  0.0152)
   Mode, Frequency 
      1      1.5015 cm^-1  (      0.0450 THz )
      2      1.5015 cm^-1  (      0.0450 THz )
      3      3.1771 cm^-1  (      0.0952 THz )

 # k point   305 : (  0.0202,  0.0202,  0.0202)
   Mode, Frequency 
      1      2.0014 cm^-1  (      0.0600 THz )
      2      2.0014 cm^-1  (      0.0600 THz )
      3      4.2352 cm^-1  (      0.1270 THz )

 # k point   306 : (  0.0253,  0.0253,  0.0253)
   Mode, Frequency 
      1      2.5008 cm^-1  (      0.0750 THz )
      2      2.5008 cm^-1  (      0.0750 THz )
      3      5.2924 cm^-1  (      0.1587 THz )

 # k point   307 : (  0.0303,  0.0303,  0.0303)
   Mode, Frequency 
      1      2.9995 cm^-1  (      0.0899 THz )
      2      2.9995 cm^-1  (      0.0899 THz )
      3      6.3486 cm^-1  (      0.1903 THz )

 # k point   308 : (  0.0354,  0.0354,  0.0354)
   Mode, Frequency 
      1      3.4974 cm^-1  (      0.1049 THz )
      2      3.4974 cm^-1  (      0.1049 THz )
      3      7.4036 cm^-1  (      0.2220 THz )

 # k point   309 : (  0.0404,  0.0404,  0.0404)
   Mode, Frequency 
      1      3.9945 cm^-1  (      0.1198 THz )
      2      3.9945 cm^-1  (      0.1198 THz )
      3      8.4571 cm^-1  (      0.2535 THz )

 # k point   310 : (  0.0455,  0.0455,  0.0455)
   Mode, Frequency 
      1      4.4905 cm^-1  (      0.1346 THz )
      2      4.4905 cm^-1  (      0.1346 THz )
      3      9.5090 cm^-1  (      0.2851 THz )

 # k point   311 : (  0.0505,  0.0505,  0.0505)
   Mode, Frequency 
      1      4.9853 cm^-1  (      0.1495 THz )
      2      4.9853 cm^-1  (      0.1495 THz )
      3     10.5590 cm^-1  (      0.3165 THz )

 # k point   312 : (  0.0556,  0.0556,  0.0556)
   Mode, Frequency 
      1      5.4789 cm^-1  (      0.1643 THz )
      2      5.4789 cm^-1  (      0.1643 THz )
      3     11.6069 cm^-1  (      0.3480 THz )

 # k point   313 : (  0.0606,  0.0606,  0.0606)
   Mode, Frequency 
      1      5.9710 cm^-1  (      0.1790 THz )
      2      5.9710 cm^-1  (      0.1790 THz )
      3     12.6525 cm^-1  (      0.3793 THz )

 # k point   314 : (  0.0657,  0.0657,  0.0657)
   Mode, Frequency 
      1      6.4616 cm^-1  (      0.1937 THz )
      2      6.4616 cm^-1  (      0.1937 THz )
      3     13.6956 cm^-1  (      0.4106 THz )

 # k point   315 : (  0.0707,  0.0707,  0.0707)
   Mode, Frequency 
      1      6.9505 cm^-1  (      0.2084 THz )
      2      6.9505 cm^-1  (      0.2084 THz )
      3     14.7360 cm^-1  (      0.4418 THz )

 # k point   316 : (  0.0758,  0.0758,  0.0758)
   Mode, Frequency 
      1      7.4376 cm^-1  (      0.2230 THz )
      2      7.4376 cm^-1  (      0.2230 THz )
      3     15.7735 cm^-1  (      0.4729 THz )

 # k point   317 : (  0.0808,  0.0808,  0.0808)
   Mode, Frequency 
      1      7.9228 cm^-1  (      0.2375 THz )
      2      7.9228 cm^-1  (      0.2375 THz )
      3     16.8079 cm^-1  (      0.5039 THz )

 # k point   318 : (  0.0859,  0.0859,  0.0859)
   Mode, Frequency 
      1      8.4059 cm^-1  (      0.2520 THz )
      2      8.4059 cm^-1  (      0.2520 THz )
      3     17.8389 cm^-1  (      0.5348 THz )

 # k point   319 : (  0.0909,  0.0909,  0.0909)
   Mode, Frequency 
      1      8.8869 cm^-1  (      0.2664 THz )
      2      8.8869 cm^-1  (      0.2664 THz )
      3     18.8663 cm^-1  (      0.5656 THz )

 # k point   320 : (  0.0960,  0.0960,  0.0960)
   Mode, Frequency 
      1      9.3656 cm^-1  (      0.2808 THz )
      2      9.3656 cm^-1  (      0.2808 THz )
      3     19.8899 cm^-1  (      0.5963 THz )

 # k point   321 : (  0.1010,  0.1010,  0.1010)
   Mode, Frequency 
      1      9.8418 cm^-1  (      0.2951 THz )
      2      9.8418 cm^-1  (      0.2951 THz )
      3     20.9095 cm^-1  (      0.6269 THz )

 # k point   322 : (  0.1061,  0.1061,  0.1061)
   Mode, Frequency 
      1     10.3155 cm^-1  (      0.3093 THz )
      2     10.3155 cm^-1  (      0.3093 THz )
      3     21.9249 cm^-1  (      0.6573 THz )

 # k point   323 : (  0.1111,  0.1111,  0.1111)
   Mode, Frequency 
      1     10.7866 cm^-1  (      0.3234 THz )
      2     10.7866 cm^-1  (      0.3234 THz )
      3     22.9358 cm^-1  (      0.6876 THz )

 # k point   324 : (  0.1162,  0.1162,  0.1162)
   Mode, Frequency 
      1     11.2548 cm^-1  (      0.3374 THz )
      2     11.2548 cm^-1  (      0.3374 THz )
      3     23.9421 cm^-1  (      0.7178 THz )

 # k point   325 : (  0.1212,  0.1212,  0.1212)
   Mode, Frequency 
      1     11.7202 cm^-1  (      0.3514 THz )
      2     11.7202 cm^-1  (      0.3514 THz )
      3     24.9434 cm^-1  (      0.7478 THz )

 # k point   326 : (  0.1263,  0.1263,  0.1263)
   Mode, Frequency 
      1     12.1825 cm^-1  (      0.3652 THz )
      2     12.1825 cm^-1  (      0.3652 THz )
      3     25.9396 cm^-1  (      0.7776 THz )

 # k point   327 : (  0.1313,  0.1313,  0.1313)
   Mode, Frequency 
      1     12.6417 cm^-1  (      0.3790 THz )
      2     12.6417 cm^-1  (      0.3790 THz )
      3     26.9304 cm^-1  (      0.8074 THz )

 # k point   328 : (  0.1364,  0.1364,  0.1364)
   Mode, Frequency 
      1     13.0976 cm^-1  (      0.3927 THz )
      2     13.0976 cm^-1  (      0.3927 THz )
      3     27.9157 cm^-1  (      0.8369 THz )

 # k point   329 : (  0.1414,  0.1414,  0.1414)
   Mode, Frequency 
      1     13.5502 cm^-1  (      0.4062 THz )
      2     13.5502 cm^-1  (      0.4062 THz )
      3     28.8951 cm^-1  (      0.8663 THz )

 # k point   330 : (  0.1465,  0.1465,  0.1465)
   Mode, Frequency 
      1     13.9993 cm^-1  (      0.4197 THz )
      2     13.9993 cm^-1  (      0.4197 THz )
      3     29.8684 cm^-1  (      0.8954 THz )

 # k point   331 : (  0.1515,  0.1515,  0.1515)
   Mode, Frequency 
      1     14.4447 cm^-1  (      0.4330 THz )
      2     14.4447 cm^-1  (      0.4330 THz )
      3     30.8355 cm^-1  (      0.9244 THz )

 # k point   332 : (  0.1566,  0.1566,  0.1566)
   Mode, Frequency 
      1     14.8865 cm^-1  (      0.4463 THz )
      2     14.8865 cm^-1  (      0.4463 THz )
      3     31.7961 cm^-1  (      0.9532 THz )

 # k point   333 : (  0.1616,  0.1616,  0.1616)
   Mode, Frequency 
      1     15.3244 cm^-1  (      0.4594 THz )
      2     15.3244 cm^-1  (      0.4594 THz )
      3     32.7499 cm^-1  (      0.9818 THz )

 # k point   334 : (  0.1667,  0.1667,  0.1667)
   Mode, Frequency 
      1     15.7584 cm^-1  (      0.4724 THz )
      2     15.7584 cm^-1  (      0.4724 THz )
      3     33.6967 cm^-1  (      1.0102 THz )

 # k point   335 : (  0.1717,  0.1717,  0.1717)
   Mode, Frequency 
      1     16.1884 cm^-1  (      0.4853 THz )
      2     16.1884 cm^-1  (      0.4853 THz )
      3     34.6363 cm^-1  (      1.0384 THz )

 # k point   336 : (  0.1768,  0.1768,  0.1768)
   Mode, Frequency 
      1     16.6141 cm^-1  (      0.4981 THz )
      2     16.6141 cm^-1  (      0.4981 THz )
      3     35.5684 cm^-1  (      1.0663 THz )

 # k point   337 : (  0.1818,  0.1818,  0.1818)
   Mode, Frequency 
      1     17.0357 cm^-1  (      0.5107 THz )
      2     17.0357 cm^-1  (      0.5107 THz )
      3     36.4927 cm^-1  (      1.0940 THz )

 # k point   338 : (  0.1869,  0.1869,  0.1869)
   Mode, Frequency 
      1     17.4528 cm^-1  (      0.5232 THz )
      2     17.4528 cm^-1  (      0.5232 THz )
      3     37.4092 cm^-1  (      1.1215 THz )

 # k point   339 : (  0.1919,  0.1919,  0.1919)
   Mode, Frequency 
      1     17.8655 cm^-1  (      0.5356 THz )
      2     17.8655 cm^-1  (      0.5356 THz )
      3     38.3174 cm^-1  (      1.1487 THz )

 # k point   340 : (  0.1970,  0.1970,  0.1970)
   Mode, Frequency 
      1     18.2736 cm^-1  (      0.5478 THz )
      2     18.2736 cm^-1  (      0.5478 THz )
      3     39.2172 cm^-1  (      1.1757 THz )

 # k point   341 : (  0.2020,  0.2020,  0.2020)
   Mode, Frequency 
      1     18.6771 cm^-1  (      0.5599 THz )
      2     18.6771 cm^-1  (      0.5599 THz )
      3     40.1083 cm^-1  (      1.2024 THz )

 # k point   342 : (  0.2071,  0.2071,  0.2071)
   Mode, Frequency 
      1     19.0757 cm^-1  (      0.5719 THz )
      2     19.0757 cm^-1  (      0.5719 THz )
      3     40.9905 cm^-1  (      1.2289 THz )

 # k point   343 : (  0.2121,  0.2121,  0.2121)
   Mode, Frequency 
      1     19.4695 cm^-1  (      0.5837 THz )
      2     19.4695 cm^-1  (      0.5837 THz )
      3     41.8636 cm^-1  (      1.2550 THz )

 # k point   344 : (  0.2172,  0.2172,  0.2172)
   Mode, Frequency 
      1     19.8583 cm^-1  (      0.5953 THz )
      2     19.8583 cm^-1  (      0.5953 THz )
      3     42.7272 cm^-1  (      1.2809 THz )

 # k point   345 : (  0.2222,  0.2222,  0.2222)
   Mode, Frequency 
      1     20.2421 cm^-1  (      0.6068 THz )
      2     20.2421 cm^-1  (      0.6068 THz )
      3     43.5811 cm^-1  (      1.3065 THz )

 # k point   346 : (  0.2273,  0.2273,  0.2273)
   Mode, Frequency 
      1     20.6206 cm^-1  (      0.6182 THz )
      2     20.6206 cm^-1  (      0.6182 THz )
      3     44.4252 cm^-1  (      1.3318 THz )

 # k point   347 : (  0.2323,  0.2323,  0.2323)
   Mode, Frequency 
      1     20.9939 cm^-1  (      0.6294 THz )
      2     20.9939 cm^-1  (      0.6294 THz )
      3     45.2591 cm^-1  (      1.3568 THz )

 # k point   348 : (  0.2374,  0.2374,  0.2374)
   Mode, Frequency 
      1     21.3619 cm^-1  (      0.6404 THz )
      2     21.3619 cm^-1  (      0.6404 THz )
      3     46.0826 cm^-1  (      1.3815 THz )

 # k point   349 : (  0.2424,  0.2424,  0.2424)
   Mode, Frequency 
      1     21.7244 cm^-1  (      0.6513 THz )
      2     21.7244 cm^-1  (      0.6513 THz )
      3     46.8955 cm^-1  (      1.4059 THz )

 # k point   350 : (  0.2475,  0.2475,  0.2475)
   Mode, Frequency 
      1     22.0814 cm^-1  (      0.6620 THz )
      2     22.0814 cm^-1  (      0.6620 THz )
      3     47.6975 cm^-1  (      1.4299 THz )

 # k point   351 : (  0.2525,  0.2525,  0.2525)
   Mode, Frequency 
      1     22.4328 cm^-1  (      0.6725 THz )
      2     22.4328 cm^-1  (      0.6725 THz )
      3     48.4884 cm^-1  (      1.4536 THz )

 # k point   352 : (  0.2576,  0.2576,  0.2576)
   Mode, Frequency 
      1     22.7785 cm^-1  (      0.6829 THz )
      2     22.7785 cm^-1  (      0.6829 THz )
      3     49.2679 cm^-1  (      1.4770 THz )

 # k point   353 : (  0.2626,  0.2626,  0.2626)
   Mode, Frequency 
      1     23.1184 cm^-1  (      0.6931 THz )
      2     23.1184 cm^-1  (      0.6931 THz )
      3     50.0358 cm^-1  (      1.5000 THz )

 # k point   354 : (  0.2677,  0.2677,  0.2677)
   Mode, Frequency 
      1     23.4524 cm^-1  (      0.7031 THz )
      2     23.4524 cm^-1  (      0.7031 THz )
      3     50.7919 cm^-1  (      1.5227 THz )

 # k point   355 : (  0.2727,  0.2727,  0.2727)
   Mode, Frequency 
      1     23.7805 cm^-1  (      0.7129 THz )
      2     23.7805 cm^-1  (      0.7129 THz )
      3     51.5359 cm^-1  (      1.5450 THz )

 # k point   356 : (  0.2778,  0.2778,  0.2778)
   Mode, Frequency 
      1     24.1025 cm^-1  (      0.7226 THz )
      2     24.1025 cm^-1  (      0.7226 THz )
      3     52.2676 cm^-1  (      1.5669 THz )

 # k point   357 : (  0.2828,  0.2828,  0.2828)
   Mode, Frequency 
      1     24.4185 cm^-1  (      0.7320 THz )
      2     24.4185 cm^-1  (      0.7320 THz )
      3     52.9867 cm^-1  (      1.5885 THz )

 # k point   358 : (  0.2879,  0.2879,  0.2879)
   Mode, Frequency 
      1     24.7282 cm^-1  (      0.7413 THz )
      2     24.7282 cm^-1  (      0.7413 THz )
      3     53.6931 cm^-1  (      1.6097 THz )

 # k point   359 : (  0.2929,  0.2929,  0.2929)
   Mode, Frequency 
      1     25.0317 cm^-1  (      0.7504 THz )
      2     25.0317 cm^-1  (      0.7504 THz )
      3     54.3864 cm^-1  (      1.6305 THz )

 # k point   360 : (  0.2980,  0.2980,  0.2980)
   Mode, Frequency 
      1     25.3289 cm^-1  (      0.7593 THz )
      2     25.3289 cm^-1  (      0.7593 THz )
      3     55.0665 cm^-1  (      1.6509 THz )

 # k point   361 : (  0.3030,  0.3030,  0.3030)
   Mode, Frequency 
      1     25.6196 cm^-1  (      0.7681 THz )
      2     25.6196 cm^-1  (      0.7681 THz )
      3     55.7331 cm^-1  (      1.6708 THz )

 # k point   362 : (  0.3081,  0.3081,  0.3081)
   Mode, Frequency 
      1     25.9039 cm^-1  (      0.7766 THz )
      2     25.9039 cm^-1  (      0.7766 THz )
      3     56.3860 cm^-1  (      1.6904 THz )

 # k point   363 : (  0.3131,  0.3131,  0.3131)
   Mode, Frequency 
      1     26.1817 cm^-1  (      0.7849 THz )
      2     26.1817 cm^-1  (      0.7849 THz )
      3     57.0250 cm^-1  (      1.7096 THz )

 # k point   364 : (  0.3182,  0.3182,  0.3182)
   Mode, Frequency 
      1     26.4528 cm^-1  (      0.7930 THz )
      2     26.4528 cm^-1  (      0.7930 THz )
      3     57.6498 cm^-1  (      1.7283 THz )

 # k point   365 : (  0.3232,  0.3232,  0.3232)
   Mode, Frequency 
      1     26.7173 cm^-1  (      0.8010 THz )
      2     26.7173 cm^-1  (      0.8010 THz )
      3     58.2603 cm^-1  (      1.7466 THz )

 # k point   366 : (  0.3283,  0.3283,  0.3283)
   Mode, Frequency 
      1     26.9750 cm^-1  (      0.8087 THz )
      2     26.9750 cm^-1  (      0.8087 THz )
      3     58.8562 cm^-1  (      1.7645 THz )

 # k point   367 : (  0.3333,  0.3333,  0.3333)
   Mode, Frequency 
      1     27.2259 cm^-1  (      0.8162 THz )
      2     27.2259 cm^-1  (      0.8162 THz )
      3     59.4374 cm^-1  (      1.7819 THz )

 # k point   368 : (  0.3384,  0.3384,  0.3384)
   Mode, Frequency 
      1     27.4700 cm^-1  (      0.8235 THz )
      2     27.4700 cm^-1  (      0.8235 THz )
      3     60.0036 cm^-1  (      1.7989 THz )

 # k point   369 : (  0.3434,  0.3434,  0.3434)
   Mode, Frequency 
      1     27.7072 cm^-1  (      0.8306 THz )
      2     27.7072 cm^-1  (      0.8306 THz )
      3     60.5546 cm^-1  (      1.8154 THz )

 # k point   370 : (  0.3485,  0.3485,  0.3485)
   Mode, Frequency 
      1     27.9374 cm^-1  (      0.8375 THz )
      2     27.9374 cm^-1  (      0.8375 THz )
      3     61.0902 cm^-1  (      1.8314 THz )

 # k point   371 : (  0.3535,  0.3535,  0.3535)
   Mode, Frequency 
      1     28.1606 cm^-1  (      0.8442 THz )
      2     28.1606 cm^-1  (      0.8442 THz )
      3     61.6103 cm^-1  (      1.8470 THz )

 # k point   372 : (  0.3586,  0.3586,  0.3586)
   Mode, Frequency 
      1     28.3767 cm^-1  (      0.8507 THz )
      2     28.3767 cm^-1  (      0.8507 THz )
      3     62.1146 cm^-1  (      1.8621 THz )

 # k point   373 : (  0.3636,  0.3636,  0.3636)
   Mode, Frequency 
      1     28.5857 cm^-1  (      0.8570 THz )
      2     28.5857 cm^-1  (      0.8570 THz )
      3     62.6029 cm^-1  (      1.8768 THz )

 # k point   374 : (  0.3687,  0.3687,  0.3687)
   Mode, Frequency 
      1     28.7875 cm^-1  (      0.8630 THz )
      2     28.7875 cm^-1  (      0.8630 THz )
      3     63.0752 cm^-1  (      1.8909 THz )

 # k point   375 : (  0.3737,  0.3737,  0.3737)
   Mode, Frequency 
      1     28.9821 cm^-1  (      0.8689 THz )
      2     28.9821 cm^-1  (      0.8689 THz )
      3     63.5311 cm^-1  (      1.9046 THz )

 # k point   376 : (  0.3788,  0.3788,  0.3788)
   Mode, Frequency 
      1     29.1694 cm^-1  (      0.8745 THz )
      2     29.1694 cm^-1  (      0.8745 THz )
      3     63.9706 cm^-1  (      1.9178 THz )

 # k point   377 : (  0.3838,  0.3838,  0.3838)
   Mode, Frequency 
      1     29.3494 cm^-1  (      0.8799 THz )
      2     29.3494 cm^-1  (      0.8799 THz )
      3     64.3935 cm^-1  (      1.9305 THz )

 # k point   378 : (  0.3889,  0.3889,  0.3889)
   Mode, Frequency 
      1     29.5221 cm^-1  (      0.8850 THz )
      2     29.5221 cm^-1  (      0.8850 THz )
      3     64.7996 cm^-1  (      1.9426 THz )

 # k point   379 : (  0.3939,  0.3939,  0.3939)
   Mode, Frequency 
      1     29.6874 cm^-1  (      0.8900 THz )
      2     29.6874 cm^-1  (      0.8900 THz )
      3     65.1887 cm^-1  (      1.9543 THz )

 # k point   380 : (  0.3990,  0.3990,  0.3990)
   Mode, Frequency 
      1     29.8452 cm^-1  (      0.8947 THz )
      2     29.8452 cm^-1  (      0.8947 THz )
      3     65.5608 cm^-1  (      1.9655 THz )

 # k point   381 : (  0.4040,  0.4040,  0.4040)
   Mode, Frequency 
      1     29.9956 cm^-1  (      0.8992 THz )
      2     29.9956 cm^-1  (      0.8992 THz )
      3     65.9156 cm^-1  (      1.9761 THz )

 # k point   382 : (  0.4091,  0.4091,  0.4091)
   Mode, Frequency 
      1     30.1384 cm^-1  (      0.9035 THz )
      2     30.1384 cm^-1  (      0.9035 THz )
      3     66.2531 cm^-1  (      1.9862 THz )

 # k point   383 : (  0.4141,  0.4141,  0.4141)
   Mode, Frequency 
      1     30.2738 cm^-1  (      0.9076 THz )
      2     30.2738 cm^-1  (      0.9076 THz )
      3     66.5731 cm^-1  (      1.9958 THz )

 # k point   384 : (  0.4192,  0.4192,  0.4192)
   Mode, Frequency 
      1     30.4015 cm^-1  (      0.9114 THz )
      2     30.4015 cm^-1  (      0.9114 THz )
      3     66.8755 cm^-1  (      2.0049 THz )

 # k point   385 : (  0.4242,  0.4242,  0.4242)
   Mode, Frequency 
      1     30.5217 cm^-1  (      0.9150 THz )
      2     30.5217 cm^-1  (      0.9150 THz )
      3     67.1601 cm^-1  (      2.0134 THz )

 # k point   386 : (  0.4293,  0.4293,  0.4293)
   Mode, Frequency 
      1     30.6343 cm^-1  (      0.9184 THz )
      2     30.6343 cm^-1  (      0.9184 THz )
      3     67.4269 cm^-1  (      2.0214 THz )

 # k point   387 : (  0.4343,  0.4343,  0.4343)
   Mode, Frequency 
      1     30.7392 cm^-1  (      0.9215 THz )
      2     30.7392 cm^-1  (      0.9215 THz )
      3     67.6758 cm^-1  (      2.0289 THz )

 # k point   388 : (  0.4394,  0.4394,  0.4394)
   Mode, Frequency 
      1     30.8364 cm^-1  (      0.9245 THz )
      2     30.8364 cm^-1  (      0.9245 THz )
      3     67.9066 cm^-1  (      2.0358 THz )

 # k point   389 : (  0.4444,  0.4444,  0.4444)
   Mode, Frequency 
      1     30.9259 cm^-1  (      0.9271 THz )
      2     30.9259 cm^-1  (      0.9271 THz )
      3     68.1193 cm^-1  (      2.0422 THz )

 # k point   390 : (  0.4495,  0.4495,  0.4495)
   Mode, Frequency 
      1     31.0077 cm^-1  (      0.9296 THz )
      2     31.0077 cm^-1  (      0.9296 THz )
      3     68.3138 cm^-1  (      2.0480 THz )

 # k point   391 : (  0.4545,  0.4545,  0.4545)
   Mode, Frequency 
      1     31.0818 cm^-1  (      0.9318 THz )
      2     31.0818 cm^-1  (      0.9318 THz )
      3     68.4900 cm^-1  (      2.0533 THz )

 # k point   392 : (  0.4596,  0.4596,  0.4596)
   Mode, Frequency 
      1     31.1481 cm^-1  (      0.9338 THz )
      2     31.1481 cm^-1  (      0.9338 THz )
      3     68.6478 cm^-1  (      2.0580 THz )

 # k point   393 : (  0.4646,  0.4646,  0.4646)
   Mode, Frequency 
      1     31.2067 cm^-1  (      0.9356 THz )
      2     31.2067 cm^-1  (      0.9356 THz )
      3     68.7872 cm^-1  (      2.0622 THz )

 # k point   394 : (  0.4697,  0.4697,  0.4697)
   Mode, Frequency 
      1     31.2575 cm^-1  (      0.9371 THz )
      2     31.2575 cm^-1  (      0.9371 THz )
      3     68.9082 cm^-1  (      2.0658 THz )

 # k point   395 : (  0.4747,  0.4747,  0.4747)
   Mode, Frequency 
      1     31.3005 cm^-1  (      0.9384 THz )
      2     31.3005 cm^-1  (      0.9384 THz )
      3     69.0106 cm^-1  (      2.0689 THz )

 # k point   396 : (  0.4798,  0.4798,  0.4798)
   Mode, Frequency 
      1     31.3356 cm^-1  (      0.9394 THz )
      2     31.3356 cm^-1  (      0.9394 THz )
      3     69.0944 cm^-1  (      2.0714 THz )

 # k point   397 : (  0.4848,  0.4848,  0.4848)
   Mode, Frequency 
      1     31.3630 cm^-1  (      0.9402 THz )
      2     31.3630 cm^-1  (      0.9402 THz )
      3     69.1597 cm^-1  (      2.0734 THz )

 # k point   398 : (  0.4899,  0.4899,  0.4899)
   Mode, Frequency 
      1     31.3826 cm^-1  (      0.9408 THz )
      2     31.3826 cm^-1  (      0.9408 THz )
      3     69.2063 cm^-1  (      2.0748 THz )

 # k point   399 : (  0.4949,  0.4949,  0.4949)
   Mode, Frequency 
      1     31.3943 cm^-1  (      0.9412 THz )
      2     31.3943 cm^-1  (      0.9412 THz )
      3     69.2343 cm^-1  (      2.0756 THz )

 # k point   400 : (  0.5000,  0.5000,  0.5000)
   Mode, Frequency 
      1     31.3982 cm^-1  (      0.9413 THz )
      2     31.3982 cm^-1  (      0.9413 THz )
      3     69.2436 cm^-1  (      2.0759 THz )


 -----------------------------------------------------------------

 The following files are created: 
  lj444.bands       : Phonon band structure

 Job finished at Wed Apr 17 11:44:20 2024

