 +-----------------------------------------------------------------+
 +                         Program ANPHON                          +
 +                             Ver.  1.5.0                         +
 +-----------------------------------------------------------------+

 Job started at Wed Apr 17 11:34:57 2024

 The number of MPI processes: 1
 The number of OpenMP threads: 80


 Input variables:
 -----------------------------------------------------------------
 General:
  PREFIX = lj444
  MODE = PHONONS
  FCSXML = /home/emeitz/ALM_Test/lj444.xml

  NKD = 1; KD =   Ar
  MASS =      39.95
  NSYM = 0; TOLERANCE = 0.001; PRINTSYM = 0

  NONANALYTIC = 0

  TMIN = 0; TMAX = 1000; DT = 10
  EMIN = 0; EMAX = 1000; DELTA_E = 10

  ISMEAR = -1; EPSILON = 10

  CLASSICAL = 0
  BCONNECT = 0


 Kpoint:
  KPMODE (1st entry for &kpoint) = 1


 Analysis:
  PRINTVEL = 0
  PRINTVEC = 0
  PRINTXSF = 0

  GRUNEISEN = 0
  NEWFCS = 0


 -----------------------------------------------------------------

                      MODE = phonons                         
                                                             
      Phonon calculation within harmonic approximation       
      Harmonic force constants will be used.                 

 -----------------------------------------------------------------

 Crystal structure
 =================

 Lattice Vectors:

 * Supercell (from /home/emeitz/ALM_Test/lj444.xml )

    3.966006e+01   0.000000e+00   0.000000e+00 : a1
    0.000000e+00   3.966006e+01   0.000000e+00 : a2
    0.000000e+00   0.000000e+00   3.966006e+01 : a3

    1.584260e-01   0.000000e+00   0.000000e+00 : b1
    0.000000e+00   1.584260e-01   0.000000e+00 : b2
    0.000000e+00   0.000000e+00   1.584260e-01 : b3

 * Primitive cell 

    0.000000e+00   4.957507e+00   4.957507e+00 : a1
    4.957507e+00   0.000000e+00   4.957507e+00 : a2
    4.957507e+00   4.957507e+00   0.000000e+00 : a3

   -6.337041e-01   6.337041e-01   6.337041e-01 : b1
    6.337041e-01  -6.337041e-01   6.337041e-01 : b2
    6.337041e-01   6.337041e-01  -6.337041e-01 : b3


  Volume of the primitive cell : 2.436801e+02 (a.u.)^3

  Number of atoms in the supercell     : 256
  Number of atoms in the primitive cell: 1

  Atomic positions in the primitive cell (fractional):
   1:   0.000000e+00   0.000000e+00   0.000000e+00  Ar

  Mass of atomic species (u):
  Ar:   39.950000


 Symmetry
 ========

  NSYM = 0 is given: Trying to find symmetry operations.

  Number of symmetry operations : 48
 k points
 ========

  KPMODE = 1: Band structure calculation
  Number of paths : 4

  List of k paths : 
   1:  G (  0.0000  0.0000  0.0000)  X (  0.5000  0.5000  0.0000) 100
   2:  X (  0.5000  0.5000  1.0000)  K (  0.3750  0.3750  0.7500) 100
   3:  K (  0.3750  0.3750  0.7500)  G (  0.0000  0.0000  0.0000) 100
   4:  G (  0.0000  0.0000  0.0000)  L (  0.5000  0.5000  0.5000) 100

  Number of k points : 400

 Force constant
 ==============

  Reading force constants from the XML file ... done !
  Number of non-zero IFCs for 2 order: 783

  Maximum deviation from the translational invariance: 
   Order 2 :   2.1337e-18


 Dynamical matrix
 ================

  NONANALYTIC = 0 : No non-analytic correction. 


 -----------------------------------------------------------------


 ISMEAR = -1: Tetrahedron method will be used.

 Now, move on to phonon calculations.

 Diagonalizing dynamical matrices for all k points ... done!

 -----------------------------------------------------------------

 Phonon frequencies below:

 # k point     1 : (  0.0000,  0.0000,  0.0000)
   Mode, Frequency 
      1      0.0000 cm^-1  (      0.0000 THz )
      2      0.0000 cm^-1  (      0.0000 THz )
      3      0.0000 cm^-1  (      0.0000 THz )

 # k point     2 : (  0.0051,  0.0051,  0.0000)
   Mode, Frequency 
      1      0.8156 cm^-1  (      0.0245 THz )
      2      0.9180 cm^-1  (      0.0275 THz )
      3      1.2307 cm^-1  (      0.0369 THz )

 # k point     3 : (  0.0101,  0.0101,  0.0000)
   Mode, Frequency 
      1      1.6994 cm^-1  (      0.0509 THz )
      2      1.8033 cm^-1  (      0.0541 THz )
      3      2.4389 cm^-1  (      0.0731 THz )

 # k point     4 : (  0.0152,  0.0152,  0.0000)
   Mode, Frequency 
      1      2.5777 cm^-1  (      0.0773 THz )
      2      2.6854 cm^-1  (      0.0805 THz )
      3      3.6514 cm^-1  (      0.1095 THz )

 # k point     5 : (  0.0202,  0.0202,  0.0000)
   Mode, Frequency 
      1      3.4536 cm^-1  (      0.1035 THz )
      2      3.5664 cm^-1  (      0.1069 THz )
      3      4.8648 cm^-1  (      0.1458 THz )

 # k point     6 : (  0.0253,  0.0253,  0.0000)
   Mode, Frequency 
      1      4.3275 cm^-1  (      0.1297 THz )
      2      4.4467 cm^-1  (      0.1333 THz )
      3      6.0780 cm^-1  (      0.1822 THz )

 # k point     7 : (  0.0303,  0.0303,  0.0000)
   Mode, Frequency 
      1      5.1996 cm^-1  (      0.1559 THz )
      2      5.3261 cm^-1  (      0.1597 THz )
      3      7.2906 cm^-1  (      0.2186 THz )

 # k point     8 : (  0.0354,  0.0354,  0.0000)
   Mode, Frequency 
      1      6.0699 cm^-1  (      0.1820 THz )
      2      6.2044 cm^-1  (      0.1860 THz )
      3      8.5024 cm^-1  (      0.2549 THz )

 # k point     9 : (  0.0404,  0.0404,  0.0000)
   Mode, Frequency 
      1      6.9380 cm^-1  (      0.2080 THz )
      2      7.0814 cm^-1  (      0.2123 THz )
      3      9.7130 cm^-1  (      0.2912 THz )

 # k point    10 : (  0.0455,  0.0455,  0.0000)
   Mode, Frequency 
      1      7.8040 cm^-1  (      0.2340 THz )
      2      7.9567 cm^-1  (      0.2385 THz )
      3     10.9224 cm^-1  (      0.3274 THz )

 # k point    11 : (  0.0505,  0.0505,  0.0000)
   Mode, Frequency 
      1      8.6677 cm^-1  (      0.2599 THz )
      2      8.8301 cm^-1  (      0.2647 THz )
      3     12.1303 cm^-1  (      0.3637 THz )

 # k point    12 : (  0.0556,  0.0556,  0.0000)
   Mode, Frequency 
      1      9.5289 cm^-1  (      0.2857 THz )
      2      9.7014 cm^-1  (      0.2908 THz )
      3     13.3364 cm^-1  (      0.3998 THz )

 # k point    13 : (  0.0606,  0.0606,  0.0000)
   Mode, Frequency 
      1     10.3874 cm^-1  (      0.3114 THz )
      2     10.5702 cm^-1  (      0.3169 THz )
      3     14.5407 cm^-1  (      0.4359 THz )

 # k point    14 : (  0.0657,  0.0657,  0.0000)
   Mode, Frequency 
      1     11.2429 cm^-1  (      0.3371 THz )
      2     11.4364 cm^-1  (      0.3429 THz )
      3     15.7429 cm^-1  (      0.4720 THz )

 # k point    15 : (  0.0707,  0.0707,  0.0000)
   Mode, Frequency 
      1     12.0954 cm^-1  (      0.3626 THz )
      2     12.2997 cm^-1  (      0.3687 THz )
      3     16.9428 cm^-1  (      0.5079 THz )

 # k point    16 : (  0.0758,  0.0758,  0.0000)
   Mode, Frequency 
      1     12.9446 cm^-1  (      0.3881 THz )
      2     13.1599 cm^-1  (      0.3945 THz )
      3     18.1402 cm^-1  (      0.5438 THz )

 # k point    17 : (  0.0808,  0.0808,  0.0000)
   Mode, Frequency 
      1     13.7903 cm^-1  (      0.4134 THz )
      2     14.0166 cm^-1  (      0.4202 THz )
      3     19.3349 cm^-1  (      0.5796 THz )

 # k point    18 : (  0.0859,  0.0859,  0.0000)
   Mode, Frequency 
      1     14.6323 cm^-1  (      0.4387 THz )
      2     14.8698 cm^-1  (      0.4458 THz )
      3     20.5267 cm^-1  (      0.6154 THz )

 # k point    19 : (  0.0909,  0.0909,  0.0000)
   Mode, Frequency 
      1     15.4704 cm^-1  (      0.4638 THz )
      2     15.7191 cm^-1  (      0.4712 THz )
      3     21.7153 cm^-1  (      0.6510 THz )

 # k point    20 : (  0.0960,  0.0960,  0.0000)
   Mode, Frequency 
      1     16.3043 cm^-1  (      0.4888 THz )
      2     16.5643 cm^-1  (      0.4966 THz )
      3     22.9006 cm^-1  (      0.6865 THz )

 # k point    21 : (  0.1010,  0.1010,  0.0000)
   Mode, Frequency 
      1     17.1340 cm^-1  (      0.5137 THz )
      2     17.4053 cm^-1  (      0.5218 THz )
      3     24.0823 cm^-1  (      0.7220 THz )

 # k point    22 : (  0.1061,  0.1061,  0.0000)
   Mode, Frequency 
      1     17.9590 cm^-1  (      0.5384 THz )
      2     18.2417 cm^-1  (      0.5469 THz )
      3     25.2602 cm^-1  (      0.7573 THz )

 # k point    23 : (  0.1111,  0.1111,  0.0000)
   Mode, Frequency 
      1     18.7794 cm^-1  (      0.5630 THz )
      2     19.0734 cm^-1  (      0.5718 THz )
      3     26.4340 cm^-1  (      0.7925 THz )

 # k point    24 : (  0.1162,  0.1162,  0.0000)
   Mode, Frequency 
      1     19.5948 cm^-1  (      0.5874 THz )
      2     19.9002 cm^-1  (      0.5966 THz )
      3     27.6035 cm^-1  (      0.8275 THz )

 # k point    25 : (  0.1212,  0.1212,  0.0000)
   Mode, Frequency 
      1     20.4051 cm^-1  (      0.6117 THz )
      2     20.7217 cm^-1  (      0.6212 THz )
      3     28.7684 cm^-1  (      0.8625 THz )

 # k point    26 : (  0.1263,  0.1263,  0.0000)
   Mode, Frequency 
      1     21.2100 cm^-1  (      0.6359 THz )
      2     21.5379 cm^-1  (      0.6457 THz )
      3     29.9285 cm^-1  (      0.8972 THz )

 # k point    27 : (  0.1313,  0.1313,  0.0000)
   Mode, Frequency 
      1     22.0093 cm^-1  (      0.6598 THz )
      2     22.3486 cm^-1  (      0.6700 THz )
      3     31.0835 cm^-1  (      0.9319 THz )

 # k point    28 : (  0.1364,  0.1364,  0.0000)
   Mode, Frequency 
      1     22.8029 cm^-1  (      0.6836 THz )
      2     23.1534 cm^-1  (      0.6941 THz )
      3     32.2332 cm^-1  (      0.9663 THz )

 # k point    29 : (  0.1414,  0.1414,  0.0000)
   Mode, Frequency 
      1     23.5906 cm^-1  (      0.7072 THz )
      2     23.9522 cm^-1  (      0.7181 THz )
      3     33.3772 cm^-1  (      1.0006 THz )

 # k point    30 : (  0.1465,  0.1465,  0.0000)
   Mode, Frequency 
      1     24.3721 cm^-1  (      0.7307 THz )
      2     24.7448 cm^-1  (      0.7418 THz )
      3     34.5153 cm^-1  (      1.0347 THz )

 # k point    31 : (  0.1515,  0.1515,  0.0000)
   Mode, Frequency 
      1     25.1472 cm^-1  (      0.7539 THz )
      2     25.5311 cm^-1  (      0.7654 THz )
      3     35.6472 cm^-1  (      1.0687 THz )

 # k point    32 : (  0.1566,  0.1566,  0.0000)
   Mode, Frequency 
      1     25.9159 cm^-1  (      0.7769 THz )
      2     26.3107 cm^-1  (      0.7888 THz )
      3     36.7726 cm^-1  (      1.1024 THz )

 # k point    33 : (  0.1616,  0.1616,  0.0000)
   Mode, Frequency 
      1     26.6778 cm^-1  (      0.7998 THz )
      2     27.0836 cm^-1  (      0.8119 THz )
      3     37.8912 cm^-1  (      1.1360 THz )

 # k point    34 : (  0.1667,  0.1667,  0.0000)
   Mode, Frequency 
      1     27.4328 cm^-1  (      0.8224 THz )
      2     27.8494 cm^-1  (      0.8349 THz )
      3     39.0027 cm^-1  (      1.1693 THz )

 # k point    35 : (  0.1717,  0.1717,  0.0000)
   Mode, Frequency 
      1     28.1807 cm^-1  (      0.8448 THz )
      2     28.6081 cm^-1  (      0.8576 THz )
      3     40.1068 cm^-1  (      1.2024 THz )

 # k point    36 : (  0.1768,  0.1768,  0.0000)
   Mode, Frequency 
      1     28.9213 cm^-1  (      0.8670 THz )
      2     29.3594 cm^-1  (      0.8802 THz )
      3     41.2032 cm^-1  (      1.2352 THz )

 # k point    37 : (  0.1818,  0.1818,  0.0000)
   Mode, Frequency 
      1     29.6544 cm^-1  (      0.8890 THz )
      2     30.1032 cm^-1  (      0.9025 THz )
      3     42.2916 cm^-1  (      1.2679 THz )

 # k point    38 : (  0.1869,  0.1869,  0.0000)
   Mode, Frequency 
      1     30.3800 cm^-1  (      0.9108 THz )
      2     30.8392 cm^-1  (      0.9245 THz )
      3     43.3716 cm^-1  (      1.3002 THz )

 # k point    39 : (  0.1919,  0.1919,  0.0000)
   Mode, Frequency 
      1     31.0977 cm^-1  (      0.9323 THz )
      2     31.5674 cm^-1  (      0.9464 THz )
      3     44.4429 cm^-1  (      1.3324 THz )

 # k point    40 : (  0.1970,  0.1970,  0.0000)
   Mode, Frequency 
      1     31.8074 cm^-1  (      0.9536 THz )
      2     32.2874 cm^-1  (      0.9680 THz )
      3     45.5053 cm^-1  (      1.3642 THz )

 # k point    41 : (  0.2020,  0.2020,  0.0000)
   Mode, Frequency 
      1     32.5089 cm^-1  (      0.9746 THz )
      2     32.9992 cm^-1  (      0.9893 THz )
      3     46.5583 cm^-1  (      1.3958 THz )

 # k point    42 : (  0.2071,  0.2071,  0.0000)
   Mode, Frequency 
      1     33.2022 cm^-1  (      0.9954 THz )
      2     33.7025 cm^-1  (      1.0104 THz )
      3     47.6016 cm^-1  (      1.4271 THz )

 # k point    43 : (  0.2121,  0.2121,  0.0000)
   Mode, Frequency 
      1     33.8869 cm^-1  (      1.0159 THz )
      2     34.3973 cm^-1  (      1.0312 THz )
      3     48.6350 cm^-1  (      1.4580 THz )

 # k point    44 : (  0.2172,  0.2172,  0.0000)
   Mode, Frequency 
      1     34.5629 cm^-1  (      1.0362 THz )
      2     35.0832 cm^-1  (      1.0518 THz )
      3     49.6580 cm^-1  (      1.4887 THz )

 # k point    45 : (  0.2222,  0.2222,  0.0000)
   Mode, Frequency 
      1     35.2301 cm^-1  (      1.0562 THz )
      2     35.7602 cm^-1  (      1.0721 THz )
      3     50.6704 cm^-1  (      1.5191 THz )

 # k point    46 : (  0.2273,  0.2273,  0.0000)
   Mode, Frequency 
      1     35.8884 cm^-1  (      1.0759 THz )
      2     36.4281 cm^-1  (      1.0921 THz )
      3     51.6717 cm^-1  (      1.5491 THz )

 # k point    47 : (  0.2323,  0.2323,  0.0000)
   Mode, Frequency 
      1     36.5375 cm^-1  (      1.0954 THz )
      2     37.0867 cm^-1  (      1.1118 THz )
      3     52.6617 cm^-1  (      1.5788 THz )

 # k point    48 : (  0.2374,  0.2374,  0.0000)
   Mode, Frequency 
      1     37.1773 cm^-1  (      1.1145 THz )
      2     37.7359 cm^-1  (      1.1313 THz )
      3     53.6401 cm^-1  (      1.6081 THz )

 # k point    49 : (  0.2424,  0.2424,  0.0000)
   Mode, Frequency 
      1     37.8076 cm^-1  (      1.1334 THz )
      2     38.3756 cm^-1  (      1.1505 THz )
      3     54.6064 cm^-1  (      1.6371 THz )

 # k point    50 : (  0.2475,  0.2475,  0.0000)
   Mode, Frequency 
      1     38.4283 cm^-1  (      1.1521 THz )
      2     39.0055 cm^-1  (      1.1694 THz )
      3     55.5604 cm^-1  (      1.6657 THz )

 # k point    51 : (  0.2525,  0.2525,  0.0000)
   Mode, Frequency 
      1     39.0393 cm^-1  (      1.1704 THz )
      2     39.6254 cm^-1  (      1.1879 THz )
      3     56.5017 cm^-1  (      1.6939 THz )

 # k point    52 : (  0.2576,  0.2576,  0.0000)
   Mode, Frequency 
      1     39.6404 cm^-1  (      1.1884 THz )
      2     40.2354 cm^-1  (      1.2062 THz )
      3     57.4300 cm^-1  (      1.7217 THz )

 # k point    53 : (  0.2626,  0.2626,  0.0000)
   Mode, Frequency 
      1     40.2315 cm^-1  (      1.2061 THz )
      2     40.8352 cm^-1  (      1.2242 THz )
      3     58.3449 cm^-1  (      1.7491 THz )

 # k point    54 : (  0.2677,  0.2677,  0.0000)
   Mode, Frequency 
      1     40.8123 cm^-1  (      1.2235 THz )
      2     41.4246 cm^-1  (      1.2419 THz )
      3     59.2461 cm^-1  (      1.7762 THz )

 # k point    55 : (  0.2727,  0.2727,  0.0000)
   Mode, Frequency 
      1     41.3829 cm^-1  (      1.2406 THz )
      2     42.0036 cm^-1  (      1.2592 THz )
      3     60.1334 cm^-1  (      1.8028 THz )

 # k point    56 : (  0.2778,  0.2778,  0.0000)
   Mode, Frequency 
      1     41.9429 cm^-1  (      1.2574 THz )
      2     42.5720 cm^-1  (      1.2763 THz )
      3     61.0063 cm^-1  (      1.8289 THz )

 # k point    57 : (  0.2828,  0.2828,  0.0000)
   Mode, Frequency 
      1     42.4924 cm^-1  (      1.2739 THz )
      2     43.1297 cm^-1  (      1.2930 THz )
      3     61.8645 cm^-1  (      1.8547 THz )

 # k point    58 : (  0.2879,  0.2879,  0.0000)
   Mode, Frequency 
      1     43.0312 cm^-1  (      1.2900 THz )
      2     43.6764 cm^-1  (      1.3094 THz )
      3     62.7078 cm^-1  (      1.8799 THz )

 # k point    59 : (  0.2929,  0.2929,  0.0000)
   Mode, Frequency 
      1     43.5592 cm^-1  (      1.3059 THz )
      2     44.2122 cm^-1  (      1.3254 THz )
      3     63.5358 cm^-1  (      1.9048 THz )

 # k point    60 : (  0.2980,  0.2980,  0.0000)
   Mode, Frequency 
      1     44.0761 cm^-1  (      1.3214 THz )
      2     44.7369 cm^-1  (      1.3412 THz )
      3     64.3481 cm^-1  (      1.9291 THz )

 # k point    61 : (  0.3030,  0.3030,  0.0000)
   Mode, Frequency 
      1     44.5820 cm^-1  (      1.3365 THz )
      2     45.2502 cm^-1  (      1.3566 THz )
      3     65.1446 cm^-1  (      1.9530 THz )

 # k point    62 : (  0.3081,  0.3081,  0.0000)
   Mode, Frequency 
      1     45.0766 cm^-1  (      1.3514 THz )
      2     45.7523 cm^-1  (      1.3716 THz )
      3     65.9249 cm^-1  (      1.9764 THz )

 # k point    63 : (  0.3131,  0.3131,  0.0000)
   Mode, Frequency 
      1     45.5599 cm^-1  (      1.3659 THz )
      2     46.2428 cm^-1  (      1.3863 THz )
      3     66.6887 cm^-1  (      1.9993 THz )

 # k point    64 : (  0.3182,  0.3182,  0.0000)
   Mode, Frequency 
      1     46.0318 cm^-1  (      1.3800 THz )
      2     46.7217 cm^-1  (      1.4007 THz )
      3     67.4358 cm^-1  (      2.0217 THz )

 # k point    65 : (  0.3232,  0.3232,  0.0000)
   Mode, Frequency 
      1     46.4921 cm^-1  (      1.3938 THz )
      2     47.1888 cm^-1  (      1.4147 THz )
      3     68.1657 cm^-1  (      2.0436 THz )

 # k point    66 : (  0.3283,  0.3283,  0.0000)
   Mode, Frequency 
      1     46.9408 cm^-1  (      1.4072 THz )
      2     47.6441 cm^-1  (      1.4283 THz )
      3     68.8784 cm^-1  (      2.0649 THz )

 # k point    67 : (  0.3333,  0.3333,  0.0000)
   Mode, Frequency 
      1     47.3776 cm^-1  (      1.4203 THz )
      2     48.0875 cm^-1  (      1.4416 THz )
      3     69.5734 cm^-1  (      2.0858 THz )

 # k point    68 : (  0.3384,  0.3384,  0.0000)
   Mode, Frequency 
      1     47.8026 cm^-1  (      1.4331 THz )
      2     48.5188 cm^-1  (      1.4546 THz )
      3     70.2505 cm^-1  (      2.1061 THz )

 # k point    69 : (  0.3434,  0.3434,  0.0000)
   Mode, Frequency 
      1     48.2156 cm^-1  (      1.4455 THz )
      2     48.9380 cm^-1  (      1.4671 THz )
      3     70.9095 cm^-1  (      2.1258 THz )

 # k point    70 : (  0.3485,  0.3485,  0.0000)
   Mode, Frequency 
      1     48.6165 cm^-1  (      1.4575 THz )
      2     49.3449 cm^-1  (      1.4793 THz )
      3     71.5502 cm^-1  (      2.1450 THz )

 # k point    71 : (  0.3535,  0.3535,  0.0000)
   Mode, Frequency 
      1     49.0052 cm^-1  (      1.4691 THz )
      2     49.7394 cm^-1  (      1.4911 THz )
      3     72.1722 cm^-1  (      2.1637 THz )

 # k point    72 : (  0.3586,  0.3586,  0.0000)
   Mode, Frequency 
      1     49.3816 cm^-1  (      1.4804 THz )
      2     50.1215 cm^-1  (      1.5026 THz )
      3     72.7753 cm^-1  (      2.1817 THz )

 # k point    73 : (  0.3636,  0.3636,  0.0000)
   Mode, Frequency 
      1     49.7457 cm^-1  (      1.4913 THz )
      2     50.4910 cm^-1  (      1.5137 THz )
      3     73.3594 cm^-1  (      2.1993 THz )

 # k point    74 : (  0.3687,  0.3687,  0.0000)
   Mode, Frequency 
      1     50.0973 cm^-1  (      1.5019 THz )
      2     50.8479 cm^-1  (      1.5244 THz )
      3     73.9242 cm^-1  (      2.2162 THz )

 # k point    75 : (  0.3737,  0.3737,  0.0000)
   Mode, Frequency 
      1     50.4364 cm^-1  (      1.5120 THz )
      2     51.1920 cm^-1  (      1.5347 THz )
      3     74.4694 cm^-1  (      2.2325 THz )

 # k point    76 : (  0.3788,  0.3788,  0.0000)
   Mode, Frequency 
      1     50.7629 cm^-1  (      1.5218 THz )
      2     51.5234 cm^-1  (      1.5446 THz )
      3     74.9949 cm^-1  (      2.2483 THz )

 # k point    77 : (  0.3838,  0.3838,  0.0000)
   Mode, Frequency 
      1     51.0766 cm^-1  (      1.5312 THz )
      2     51.8418 cm^-1  (      1.5542 THz )
      3     75.5005 cm^-1  (      2.2634 THz )

 # k point    78 : (  0.3889,  0.3889,  0.0000)
   Mode, Frequency 
      1     51.3776 cm^-1  (      1.5403 THz )
      2     52.1473 cm^-1  (      1.5633 THz )
      3     75.9859 cm^-1  (      2.2780 THz )

 # k point    79 : (  0.3939,  0.3939,  0.0000)
   Mode, Frequency 
      1     51.6657 cm^-1  (      1.5489 THz )
      2     52.4398 cm^-1  (      1.5721 THz )
      3     76.4511 cm^-1  (      2.2919 THz )

 # k point    80 : (  0.3990,  0.3990,  0.0000)
   Mode, Frequency 
      1     51.9409 cm^-1  (      1.5572 THz )
      2     52.7191 cm^-1  (      1.5805 THz )
      3     76.8958 cm^-1  (      2.3053 THz )

 # k point    81 : (  0.4040,  0.4040,  0.0000)
   Mode, Frequency 
      1     52.2032 cm^-1  (      1.5650 THz )
      2     52.9853 cm^-1  (      1.5885 THz )
      3     77.3199 cm^-1  (      2.3180 THz )

 # k point    82 : (  0.4091,  0.4091,  0.0000)
   Mode, Frequency 
      1     52.4523 cm^-1  (      1.5725 THz )
      2     53.2382 cm^-1  (      1.5960 THz )
      3     77.7231 cm^-1  (      2.3301 THz )

 # k point    83 : (  0.4141,  0.4141,  0.0000)
   Mode, Frequency 
      1     52.6884 cm^-1  (      1.5796 THz )
      2     53.4777 cm^-1  (      1.6032 THz )
      3     78.1054 cm^-1  (      2.3415 THz )

 # k point    84 : (  0.4192,  0.4192,  0.0000)
   Mode, Frequency 
      1     52.9113 cm^-1  (      1.5862 THz )
      2     53.7040 cm^-1  (      1.6100 THz )
      3     78.4667 cm^-1  (      2.3524 THz )

 # k point    85 : (  0.4242,  0.4242,  0.0000)
   Mode, Frequency 
      1     53.1209 cm^-1  (      1.5925 THz )
      2     53.9168 cm^-1  (      1.6164 THz )
      3     78.8067 cm^-1  (      2.3626 THz )

 # k point    86 : (  0.4293,  0.4293,  0.0000)
   Mode, Frequency 
      1     53.3173 cm^-1  (      1.5984 THz )
      2     54.1161 cm^-1  (      1.6224 THz )
      3     79.1253 cm^-1  (      2.3721 THz )

 # k point    87 : (  0.4343,  0.4343,  0.0000)
   Mode, Frequency 
      1     53.5003 cm^-1  (      1.6039 THz )
      2     54.3019 cm^-1  (      1.6279 THz )
      3     79.4225 cm^-1  (      2.3810 THz )

 # k point    88 : (  0.4394,  0.4394,  0.0000)
   Mode, Frequency 
      1     53.6700 cm^-1  (      1.6090 THz )
      2     54.4741 cm^-1  (      1.6331 THz )
      3     79.6981 cm^-1  (      2.3893 THz )

 # k point    89 : (  0.4444,  0.4444,  0.0000)
   Mode, Frequency 
      1     53.8262 cm^-1  (      1.6137 THz )
      2     54.6327 cm^-1  (      1.6378 THz )
      3     79.9521 cm^-1  (      2.3969 THz )

 # k point    90 : (  0.4495,  0.4495,  0.0000)
   Mode, Frequency 
      1     53.9690 cm^-1  (      1.6180 THz )
      2     54.7776 cm^-1  (      1.6422 THz )
      3     80.1842 cm^-1  (      2.4039 THz )

 # k point    91 : (  0.4545,  0.4545,  0.0000)
   Mode, Frequency 
      1     54.0983 cm^-1  (      1.6218 THz )
      2     54.9088 cm^-1  (      1.6461 THz )
      3     80.3945 cm^-1  (      2.4102 THz )

 # k point    92 : (  0.4596,  0.4596,  0.0000)
   Mode, Frequency 
      1     54.2141 cm^-1  (      1.6253 THz )
      2     55.0263 cm^-1  (      1.6496 THz )
      3     80.5829 cm^-1  (      2.4158 THz )

 # k point    93 : (  0.4646,  0.4646,  0.0000)
   Mode, Frequency 
      1     54.3163 cm^-1  (      1.6284 THz )
      2     55.1301 cm^-1  (      1.6528 THz )
      3     80.7493 cm^-1  (      2.4208 THz )

 # k point    94 : (  0.4697,  0.4697,  0.0000)
   Mode, Frequency 
      1     54.4050 cm^-1  (      1.6310 THz )
      2     55.2201 cm^-1  (      1.6555 THz )
      3     80.8936 cm^-1  (      2.4251 THz )

 # k point    95 : (  0.4747,  0.4747,  0.0000)
   Mode, Frequency 
      1     54.4800 cm^-1  (      1.6333 THz )
      2     55.2963 cm^-1  (      1.6577 THz )
      3     81.0158 cm^-1  (      2.4288 THz )

 # k point    96 : (  0.4798,  0.4798,  0.0000)
   Mode, Frequency 
      1     54.5414 cm^-1  (      1.6351 THz )
      2     55.3586 cm^-1  (      1.6596 THz )
      3     81.1158 cm^-1  (      2.4318 THz )

 # k point    97 : (  0.4848,  0.4848,  0.0000)
   Mode, Frequency 
      1     54.5892 cm^-1  (      1.6365 THz )
      2     55.4071 cm^-1  (      1.6611 THz )
      3     81.1937 cm^-1  (      2.4341 THz )

 # k point    98 : (  0.4899,  0.4899,  0.0000)
   Mode, Frequency 
      1     54.6234 cm^-1  (      1.6376 THz )
      2     55.4418 cm^-1  (      1.6621 THz )
      3     81.2493 cm^-1  (      2.4358 THz )

 # k point    99 : (  0.4949,  0.4949,  0.0000)
   Mode, Frequency 
      1     54.6439 cm^-1  (      1.6382 THz )
      2     55.4626 cm^-1  (      1.6627 THz )
      3     81.2827 cm^-1  (      2.4368 THz )

 # k point   100 : (  0.5000,  0.5000,  0.0000)
   Mode, Frequency 
      1     54.6507 cm^-1  (      1.6384 THz )
      2     55.4695 cm^-1  (      1.6629 THz )
      3     81.2938 cm^-1  (      2.4371 THz )

 # k point   101 : (  0.5000,  0.5000,  1.0000)
   Mode, Frequency 
      1     54.6507 cm^-1  (      1.6384 THz )
      2     55.4695 cm^-1  (      1.6629 THz )
      3     81.2938 cm^-1  (      2.4371 THz )

 # k point   102 : (  0.4987,  0.4987,  0.9975)
   Mode, Frequency 
      1     54.6514 cm^-1  (      1.6384 THz )
      2     55.4698 cm^-1  (      1.6629 THz )
      3     81.2932 cm^-1  (      2.4371 THz )

 # k point   103 : (  0.4975,  0.4975,  0.9949)
   Mode, Frequency 
      1     54.6533 cm^-1  (      1.6385 THz )
      2     55.4708 cm^-1  (      1.6630 THz )
      3     81.2911 cm^-1  (      2.4370 THz )

 # k point   104 : (  0.4962,  0.4962,  0.9924)
   Mode, Frequency 
      1     54.6565 cm^-1  (      1.6386 THz )
      2     55.4725 cm^-1  (      1.6630 THz )
      3     81.2877 cm^-1  (      2.4369 THz )

 # k point   105 : (  0.4949,  0.4949,  0.9899)
   Mode, Frequency 
      1     54.6609 cm^-1  (      1.6387 THz )
      2     55.4750 cm^-1  (      1.6631 THz )
      3     81.2830 cm^-1  (      2.4368 THz )

 # k point   106 : (  0.4937,  0.4937,  0.9874)
   Mode, Frequency 
      1     54.6664 cm^-1  (      1.6389 THz )
      2     55.4783 cm^-1  (      1.6632 THz )
      3     81.2769 cm^-1  (      2.4366 THz )

 # k point   107 : (  0.4924,  0.4924,  0.9848)
   Mode, Frequency 
      1     54.6728 cm^-1  (      1.6390 THz )
      2     55.4827 cm^-1  (      1.6633 THz )
      3     81.2694 cm^-1  (      2.4364 THz )

 # k point   108 : (  0.4912,  0.4912,  0.9823)
   Mode, Frequency 
      1     54.6799 cm^-1  (      1.6393 THz )
      2     55.4883 cm^-1  (      1.6635 THz )
      3     81.2606 cm^-1  (      2.4361 THz )

 # k point   109 : (  0.4899,  0.4899,  0.9798)
   Mode, Frequency 
      1     54.6876 cm^-1  (      1.6395 THz )
      2     55.4953 cm^-1  (      1.6637 THz )
      3     81.2504 cm^-1  (      2.4358 THz )

 # k point   110 : (  0.4886,  0.4886,  0.9773)
   Mode, Frequency 
      1     54.6956 cm^-1  (      1.6397 THz )
      2     55.5039 cm^-1  (      1.6640 THz )
      3     81.2389 cm^-1  (      2.4355 THz )

 # k point   111 : (  0.4874,  0.4874,  0.9747)
   Mode, Frequency 
      1     54.7036 cm^-1  (      1.6400 THz )
      2     55.5144 cm^-1  (      1.6643 THz )
      3     81.2260 cm^-1  (      2.4351 THz )

 # k point   112 : (  0.4861,  0.4861,  0.9722)
   Mode, Frequency 
      1     54.7113 cm^-1  (      1.6402 THz )
      2     55.5270 cm^-1  (      1.6647 THz )
      3     81.2118 cm^-1  (      2.4347 THz )

 # k point   113 : (  0.4848,  0.4848,  0.9697)
   Mode, Frequency 
      1     54.7185 cm^-1  (      1.6404 THz )
      2     55.5420 cm^-1  (      1.6651 THz )
      3     81.1962 cm^-1  (      2.4342 THz )

 # k point   114 : (  0.4836,  0.4836,  0.9672)
   Mode, Frequency 
      1     54.7248 cm^-1  (      1.6406 THz )
      2     55.5598 cm^-1  (      1.6656 THz )
      3     81.1792 cm^-1  (      2.4337 THz )

 # k point   115 : (  0.4823,  0.4823,  0.9646)
   Mode, Frequency 
      1     54.7300 cm^-1  (      1.6408 THz )
      2     55.5806 cm^-1  (      1.6663 THz )
      3     81.1609 cm^-1  (      2.4331 THz )

 # k point   116 : (  0.4811,  0.4811,  0.9621)
   Mode, Frequency 
      1     54.7338 cm^-1  (      1.6409 THz )
      2     55.6046 cm^-1  (      1.6670 THz )
      3     81.1412 cm^-1  (      2.4326 THz )

 # k point   117 : (  0.4798,  0.4798,  0.9596)
   Mode, Frequency 
      1     54.7359 cm^-1  (      1.6409 THz )
      2     55.6322 cm^-1  (      1.6678 THz )
      3     81.1202 cm^-1  (      2.4319 THz )

 # k point   118 : (  0.4785,  0.4785,  0.9571)
   Mode, Frequency 
      1     54.7361 cm^-1  (      1.6409 THz )
      2     55.6633 cm^-1  (      1.6687 THz )
      3     81.0978 cm^-1  (      2.4313 THz )

 # k point   119 : (  0.4773,  0.4773,  0.9545)
   Mode, Frequency 
      1     54.7344 cm^-1  (      1.6409 THz )
      2     55.6982 cm^-1  (      1.6698 THz )
      3     81.0741 cm^-1  (      2.4305 THz )

 # k point   120 : (  0.4760,  0.4760,  0.9520)
   Mode, Frequency 
      1     54.7305 cm^-1  (      1.6408 THz )
      2     55.7370 cm^-1  (      1.6710 THz )
      3     81.0490 cm^-1  (      2.4298 THz )

 # k point   121 : (  0.4747,  0.4747,  0.9495)
   Mode, Frequency 
      1     54.7244 cm^-1  (      1.6406 THz )
      2     55.7797 cm^-1  (      1.6722 THz )
      3     81.0226 cm^-1  (      2.4290 THz )

 # k point   122 : (  0.4735,  0.4735,  0.9470)
   Mode, Frequency 
      1     54.7162 cm^-1  (      1.6404 THz )
      2     55.8262 cm^-1  (      1.6736 THz )
      3     80.9948 cm^-1  (      2.4282 THz )

 # k point   123 : (  0.4722,  0.4722,  0.9444)
   Mode, Frequency 
      1     54.7059 cm^-1  (      1.6400 THz )
      2     55.8766 cm^-1  (      1.6751 THz )
      3     80.9657 cm^-1  (      2.4273 THz )

 # k point   124 : (  0.4710,  0.4710,  0.9419)
   Mode, Frequency 
      1     54.6934 cm^-1  (      1.6397 THz )
      2     55.9307 cm^-1  (      1.6768 THz )
      3     80.9352 cm^-1  (      2.4264 THz )

 # k point   125 : (  0.4697,  0.4697,  0.9394)
   Mode, Frequency 
      1     54.6788 cm^-1  (      1.6392 THz )
      2     55.9885 cm^-1  (      1.6785 THz )
      3     80.9034 cm^-1  (      2.4254 THz )

 # k point   126 : (  0.4684,  0.4684,  0.9369)
   Mode, Frequency 
      1     54.6623 cm^-1  (      1.6387 THz )
      2     56.0498 cm^-1  (      1.6803 THz )
      3     80.8702 cm^-1  (      2.4244 THz )

 # k point   127 : (  0.4672,  0.4672,  0.9343)
   Mode, Frequency 
      1     54.6438 cm^-1  (      1.6382 THz )
      2     56.1146 cm^-1  (      1.6823 THz )
      3     80.8357 cm^-1  (      2.4234 THz )

 # k point   128 : (  0.4659,  0.4659,  0.9318)
   Mode, Frequency 
      1     54.6235 cm^-1  (      1.6376 THz )
      2     56.1828 cm^-1  (      1.6843 THz )
      3     80.7998 cm^-1  (      2.4223 THz )

 # k point   129 : (  0.4646,  0.4646,  0.9293)
   Mode, Frequency 
      1     54.6014 cm^-1  (      1.6369 THz )
      2     56.2542 cm^-1  (      1.6865 THz )
      3     80.7626 cm^-1  (      2.4212 THz )

 # k point   130 : (  0.4634,  0.4634,  0.9268)
   Mode, Frequency 
      1     54.5776 cm^-1  (      1.6362 THz )
      2     56.3288 cm^-1  (      1.6887 THz )
      3     80.7240 cm^-1  (      2.4200 THz )

 # k point   131 : (  0.4621,  0.4621,  0.9242)
   Mode, Frequency 
      1     54.5522 cm^-1  (      1.6354 THz )
      2     56.4065 cm^-1  (      1.6910 THz )
      3     80.6841 cm^-1  (      2.4188 THz )

 # k point   132 : (  0.4609,  0.4609,  0.9217)
   Mode, Frequency 
      1     54.5252 cm^-1  (      1.6346 THz )
      2     56.4871 cm^-1  (      1.6934 THz )
      3     80.6428 cm^-1  (      2.4176 THz )

 # k point   133 : (  0.4596,  0.4596,  0.9192)
   Mode, Frequency 
      1     54.4967 cm^-1  (      1.6338 THz )
      2     56.5705 cm^-1  (      1.6959 THz )
      3     80.6002 cm^-1  (      2.4163 THz )

 # k point   134 : (  0.4583,  0.4583,  0.9167)
   Mode, Frequency 
      1     54.4666 cm^-1  (      1.6329 THz )
      2     56.6568 cm^-1  (      1.6985 THz )
      3     80.5563 cm^-1  (      2.4150 THz )

 # k point   135 : (  0.4571,  0.4571,  0.9141)
   Mode, Frequency 
      1     54.4352 cm^-1  (      1.6319 THz )
      2     56.7458 cm^-1  (      1.7012 THz )
      3     80.5110 cm^-1  (      2.4137 THz )

 # k point   136 : (  0.4558,  0.4558,  0.9116)
   Mode, Frequency 
      1     54.4023 cm^-1  (      1.6309 THz )
      2     56.8373 cm^-1  (      1.7039 THz )
      3     80.4643 cm^-1  (      2.4123 THz )

 # k point   137 : (  0.4545,  0.4545,  0.9091)
   Mode, Frequency 
      1     54.3681 cm^-1  (      1.6299 THz )
      2     56.9314 cm^-1  (      1.7068 THz )
      3     80.4164 cm^-1  (      2.4108 THz )

 # k point   138 : (  0.4533,  0.4533,  0.9066)
   Mode, Frequency 
      1     54.3325 cm^-1  (      1.6288 THz )
      2     57.0280 cm^-1  (      1.7097 THz )
      3     80.3670 cm^-1  (      2.4093 THz )

 # k point   139 : (  0.4520,  0.4520,  0.9040)
   Mode, Frequency 
      1     54.2957 cm^-1  (      1.6277 THz )
      2     57.1270 cm^-1  (      1.7126 THz )
      3     80.3164 cm^-1  (      2.4078 THz )

 # k point   140 : (  0.4508,  0.4508,  0.9015)
   Mode, Frequency 
      1     54.2576 cm^-1  (      1.6266 THz )
      2     57.2284 cm^-1  (      1.7157 THz )
      3     80.2644 cm^-1  (      2.4063 THz )

 # k point   141 : (  0.4495,  0.4495,  0.8990)
   Mode, Frequency 
      1     54.2182 cm^-1  (      1.6254 THz )
      2     57.3320 cm^-1  (      1.7188 THz )
      3     80.2111 cm^-1  (      2.4047 THz )

 # k point   142 : (  0.4482,  0.4482,  0.8965)
   Mode, Frequency 
      1     54.1776 cm^-1  (      1.6242 THz )
      2     57.4378 cm^-1  (      1.7219 THz )
      3     80.1564 cm^-1  (      2.4030 THz )

 # k point   143 : (  0.4470,  0.4470,  0.8939)
   Mode, Frequency 
      1     54.1357 cm^-1  (      1.6229 THz )
      2     57.5457 cm^-1  (      1.7252 THz )
      3     80.1004 cm^-1  (      2.4013 THz )

 # k point   144 : (  0.4457,  0.4457,  0.8914)
   Mode, Frequency 
      1     54.0927 cm^-1  (      1.6217 THz )
      2     57.6558 cm^-1  (      1.7285 THz )
      3     80.0430 cm^-1  (      2.3996 THz )

 # k point   145 : (  0.4444,  0.4444,  0.8889)
   Mode, Frequency 
      1     54.0485 cm^-1  (      1.6203 THz )
      2     57.7678 cm^-1  (      1.7318 THz )
      3     79.9844 cm^-1  (      2.3979 THz )

 # k point   146 : (  0.4432,  0.4432,  0.8864)
   Mode, Frequency 
      1     54.0031 cm^-1  (      1.6190 THz )
      2     57.8818 cm^-1  (      1.7353 THz )
      3     79.9244 cm^-1  (      2.3961 THz )

 # k point   147 : (  0.4419,  0.4419,  0.8838)
   Mode, Frequency 
      1     53.9566 cm^-1  (      1.6176 THz )
      2     57.9977 cm^-1  (      1.7387 THz )
      3     79.8630 cm^-1  (      2.3942 THz )

 # k point   148 : (  0.4407,  0.4407,  0.8813)
   Mode, Frequency 
      1     53.9089 cm^-1  (      1.6161 THz )
      2     58.1155 cm^-1  (      1.7423 THz )
      3     79.8004 cm^-1  (      2.3924 THz )

 # k point   149 : (  0.4394,  0.4394,  0.8788)
   Mode, Frequency 
      1     53.8601 cm^-1  (      1.6147 THz )
      2     58.2350 cm^-1  (      1.7458 THz )
      3     79.7364 cm^-1  (      2.3904 THz )

 # k point   150 : (  0.4381,  0.4381,  0.8763)
   Mode, Frequency 
      1     53.8102 cm^-1  (      1.6132 THz )
      2     58.3563 cm^-1  (      1.7495 THz )
      3     79.6711 cm^-1  (      2.3885 THz )

 # k point   151 : (  0.4369,  0.4369,  0.8737)
   Mode, Frequency 
      1     53.7592 cm^-1  (      1.6117 THz )
      2     58.4792 cm^-1  (      1.7532 THz )
      3     79.6044 cm^-1  (      2.3865 THz )

 # k point   152 : (  0.4356,  0.4356,  0.8712)
   Mode, Frequency 
      1     53.7071 cm^-1  (      1.6101 THz )
      2     58.6038 cm^-1  (      1.7569 THz )
      3     79.5365 cm^-1  (      2.3844 THz )

 # k point   153 : (  0.4343,  0.4343,  0.8687)
   Mode, Frequency 
      1     53.6538 cm^-1  (      1.6085 THz )
      2     58.7299 cm^-1  (      1.7607 THz )
      3     79.4672 cm^-1  (      2.3824 THz )

 # k point   154 : (  0.4331,  0.4331,  0.8662)
   Mode, Frequency 
      1     53.5995 cm^-1  (      1.6069 THz )
      2     58.8575 cm^-1  (      1.7645 THz )
      3     79.3966 cm^-1  (      2.3803 THz )

 # k point   155 : (  0.4318,  0.4318,  0.8636)
   Mode, Frequency 
      1     53.5441 cm^-1  (      1.6052 THz )
      2     58.9865 cm^-1  (      1.7684 THz )
      3     79.3247 cm^-1  (      2.3781 THz )

 # k point   156 : (  0.4306,  0.4306,  0.8611)
   Mode, Frequency 
      1     53.4877 cm^-1  (      1.6035 THz )
      2     59.1170 cm^-1  (      1.7723 THz )
      3     79.2514 cm^-1  (      2.3759 THz )

 # k point   157 : (  0.4293,  0.4293,  0.8586)
   Mode, Frequency 
      1     53.4301 cm^-1  (      1.6018 THz )
      2     59.2488 cm^-1  (      1.7762 THz )
      3     79.1769 cm^-1  (      2.3737 THz )

 # k point   158 : (  0.4280,  0.4280,  0.8561)
   Mode, Frequency 
      1     53.3715 cm^-1  (      1.6000 THz )
      2     59.3819 cm^-1  (      1.7802 THz )
      3     79.1010 cm^-1  (      2.3714 THz )

 # k point   159 : (  0.4268,  0.4268,  0.8535)
   Mode, Frequency 
      1     53.3119 cm^-1  (      1.5983 THz )
      2     59.5161 cm^-1  (      1.7842 THz )
      3     79.0238 cm^-1  (      2.3691 THz )

 # k point   160 : (  0.4255,  0.4255,  0.8510)
   Mode, Frequency 
      1     53.2512 cm^-1  (      1.5964 THz )
      2     59.6516 cm^-1  (      1.7883 THz )
      3     78.9453 cm^-1  (      2.3667 THz )

 # k point   161 : (  0.4242,  0.4242,  0.8485)
   Mode, Frequency 
      1     53.1895 cm^-1  (      1.5946 THz )
      2     59.7882 cm^-1  (      1.7924 THz )
      3     78.8655 cm^-1  (      2.3643 THz )

 # k point   162 : (  0.4230,  0.4230,  0.8460)
   Mode, Frequency 
      1     53.1267 cm^-1  (      1.5927 THz )
      2     59.9259 cm^-1  (      1.7965 THz )
      3     78.7844 cm^-1  (      2.3619 THz )

 # k point   163 : (  0.4217,  0.4217,  0.8434)
   Mode, Frequency 
      1     53.0629 cm^-1  (      1.5908 THz )
      2     60.0645 cm^-1  (      1.8007 THz )
      3     78.7019 cm^-1  (      2.3594 THz )

 # k point   164 : (  0.4205,  0.4205,  0.8409)
   Mode, Frequency 
      1     52.9980 cm^-1  (      1.5888 THz )
      2     60.2041 cm^-1  (      1.8049 THz )
      3     78.6182 cm^-1  (      2.3569 THz )

 # k point   165 : (  0.4192,  0.4192,  0.8384)
   Mode, Frequency 
      1     52.9322 cm^-1  (      1.5869 THz )
      2     60.3446 cm^-1  (      1.8091 THz )
      3     78.5332 cm^-1  (      2.3544 THz )

 # k point   166 : (  0.4179,  0.4179,  0.8359)
   Mode, Frequency 
      1     52.8653 cm^-1  (      1.5849 THz )
      2     60.4860 cm^-1  (      1.8133 THz )
      3     78.4468 cm^-1  (      2.3518 THz )

 # k point   167 : (  0.4167,  0.4167,  0.8333)
   Mode, Frequency 
      1     52.7974 cm^-1  (      1.5828 THz )
      2     60.6281 cm^-1  (      1.8176 THz )
      3     78.3592 cm^-1  (      2.3492 THz )

 # k point   168 : (  0.4154,  0.4154,  0.8308)
   Mode, Frequency 
      1     52.7285 cm^-1  (      1.5808 THz )
      2     60.7710 cm^-1  (      1.8219 THz )
      3     78.2703 cm^-1  (      2.3465 THz )

 # k point   169 : (  0.4141,  0.4141,  0.8283)
   Mode, Frequency 
      1     52.6586 cm^-1  (      1.5787 THz )
      2     60.9146 cm^-1  (      1.8262 THz )
      3     78.1800 cm^-1  (      2.3438 THz )

 # k point   170 : (  0.4129,  0.4129,  0.8258)
   Mode, Frequency 
      1     52.5876 cm^-1  (      1.5765 THz )
      2     61.0588 cm^-1  (      1.8305 THz )
      3     78.0885 cm^-1  (      2.3410 THz )

 # k point   171 : (  0.4116,  0.4116,  0.8232)
   Mode, Frequency 
      1     52.5157 cm^-1  (      1.5744 THz )
      2     61.2036 cm^-1  (      1.8348 THz )
      3     77.9957 cm^-1  (      2.3383 THz )

 # k point   172 : (  0.4104,  0.4104,  0.8207)
   Mode, Frequency 
      1     52.4428 cm^-1  (      1.5722 THz )
      2     61.3489 cm^-1  (      1.8392 THz )
      3     77.9016 cm^-1  (      2.3354 THz )

 # k point   173 : (  0.4091,  0.4091,  0.8182)
   Mode, Frequency 
      1     52.3689 cm^-1  (      1.5700 THz )
      2     61.4947 cm^-1  (      1.8436 THz )
      3     77.8062 cm^-1  (      2.3326 THz )

 # k point   174 : (  0.4078,  0.4078,  0.8157)
   Mode, Frequency 
      1     52.2940 cm^-1  (      1.5677 THz )
      2     61.6409 cm^-1  (      1.8479 THz )
      3     77.7095 cm^-1  (      2.3297 THz )

 # k point   175 : (  0.4066,  0.4066,  0.8131)
   Mode, Frequency 
      1     52.2182 cm^-1  (      1.5655 THz )
      2     61.7875 cm^-1  (      1.8523 THz )
      3     77.6116 cm^-1  (      2.3267 THz )

 # k point   176 : (  0.4053,  0.4053,  0.8106)
   Mode, Frequency 
      1     52.1413 cm^-1  (      1.5632 THz )
      2     61.9344 cm^-1  (      1.8567 THz )
      3     77.5123 cm^-1  (      2.3238 THz )

 # k point   177 : (  0.4040,  0.4040,  0.8081)
   Mode, Frequency 
      1     52.0635 cm^-1  (      1.5608 THz )
      2     62.0816 cm^-1  (      1.8612 THz )
      3     77.4118 cm^-1  (      2.3207 THz )

 # k point   178 : (  0.4028,  0.4028,  0.8056)
   Mode, Frequency 
      1     51.9847 cm^-1  (      1.5585 THz )
      2     62.2290 cm^-1  (      1.8656 THz )
      3     77.3100 cm^-1  (      2.3177 THz )

 # k point   179 : (  0.4015,  0.4015,  0.8030)
   Mode, Frequency 
      1     51.9049 cm^-1  (      1.5561 THz )
      2     62.3765 cm^-1  (      1.8700 THz )
      3     77.2069 cm^-1  (      2.3146 THz )

 # k point   180 : (  0.4003,  0.4003,  0.8005)
   Mode, Frequency 
      1     51.8242 cm^-1  (      1.5537 THz )
      2     62.5242 cm^-1  (      1.8744 THz )
      3     77.1026 cm^-1  (      2.3115 THz )

 # k point   181 : (  0.3990,  0.3990,  0.7980)
   Mode, Frequency 
      1     51.7425 cm^-1  (      1.5512 THz )
      2     62.6719 cm^-1  (      1.8789 THz )
      3     76.9969 cm^-1  (      2.3083 THz )

 # k point   182 : (  0.3977,  0.3977,  0.7955)
   Mode, Frequency 
      1     51.6599 cm^-1  (      1.5487 THz )
      2     62.8196 cm^-1  (      1.8833 THz )
      3     76.8900 cm^-1  (      2.3051 THz )

 # k point   183 : (  0.3965,  0.3965,  0.7929)
   Mode, Frequency 
      1     51.5763 cm^-1  (      1.5462 THz )
      2     62.9673 cm^-1  (      1.8877 THz )
      3     76.7819 cm^-1  (      2.3019 THz )

 # k point   184 : (  0.3952,  0.3952,  0.7904)
   Mode, Frequency 
      1     51.4918 cm^-1  (      1.5437 THz )
      2     63.1149 cm^-1  (      1.8921 THz )
      3     76.6725 cm^-1  (      2.2986 THz )

 # k point   185 : (  0.3939,  0.3939,  0.7879)
   Mode, Frequency 
      1     51.4063 cm^-1  (      1.5411 THz )
      2     63.2623 cm^-1  (      1.8966 THz )
      3     76.5618 cm^-1  (      2.2953 THz )

 # k point   186 : (  0.3927,  0.3927,  0.7854)
   Mode, Frequency 
      1     51.3199 cm^-1  (      1.5385 THz )
      2     63.4096 cm^-1  (      1.9010 THz )
      3     76.4499 cm^-1  (      2.2919 THz )

 # k point   187 : (  0.3914,  0.3914,  0.7828)
   Mode, Frequency 
      1     51.2325 cm^-1  (      1.5359 THz )
      2     63.5566 cm^-1  (      1.9054 THz )
      3     76.3367 cm^-1  (      2.2885 THz )

 # k point   188 : (  0.3902,  0.3902,  0.7803)
   Mode, Frequency 
      1     51.1442 cm^-1  (      1.5333 THz )
      2     63.7034 cm^-1  (      1.9098 THz )
      3     76.2222 cm^-1  (      2.2851 THz )

 # k point   189 : (  0.3889,  0.3889,  0.7778)
   Mode, Frequency 
      1     51.0550 cm^-1  (      1.5306 THz )
      2     63.8498 cm^-1  (      1.9142 THz )
      3     76.1065 cm^-1  (      2.2816 THz )

 # k point   190 : (  0.3876,  0.3876,  0.7753)
   Mode, Frequency 
      1     50.9649 cm^-1  (      1.5279 THz )
      2     63.9958 cm^-1  (      1.9185 THz )
      3     75.9896 cm^-1  (      2.2781 THz )

 # k point   191 : (  0.3864,  0.3864,  0.7727)
   Mode, Frequency 
      1     50.8738 cm^-1  (      1.5252 THz )
      2     64.1414 cm^-1  (      1.9229 THz )
      3     75.8714 cm^-1  (      2.2746 THz )

 # k point   192 : (  0.3851,  0.3851,  0.7702)
   Mode, Frequency 
      1     50.7818 cm^-1  (      1.5224 THz )
      2     64.2865 cm^-1  (      1.9273 THz )
      3     75.7520 cm^-1  (      2.2710 THz )

 # k point   193 : (  0.3838,  0.3838,  0.7677)
   Mode, Frequency 
      1     50.6889 cm^-1  (      1.5196 THz )
      2     64.4311 cm^-1  (      1.9316 THz )
      3     75.6313 cm^-1  (      2.2674 THz )

 # k point   194 : (  0.3826,  0.3826,  0.7652)
   Mode, Frequency 
      1     50.5951 cm^-1  (      1.5168 THz )
      2     64.5751 cm^-1  (      1.9359 THz )
      3     75.5094 cm^-1  (      2.2637 THz )

 # k point   195 : (  0.3813,  0.3813,  0.7626)
   Mode, Frequency 
      1     50.5004 cm^-1  (      1.5140 THz )
      2     64.7185 cm^-1  (      1.9402 THz )
      3     75.3863 cm^-1  (      2.2600 THz )

 # k point   196 : (  0.3801,  0.3801,  0.7601)
   Mode, Frequency 
      1     50.4048 cm^-1  (      1.5111 THz )
      2     64.8612 cm^-1  (      1.9445 THz )
      3     75.2619 cm^-1  (      2.2563 THz )

 # k point   197 : (  0.3788,  0.3788,  0.7576)
   Mode, Frequency 
      1     50.3083 cm^-1  (      1.5082 THz )
      2     65.0032 cm^-1  (      1.9487 THz )
      3     75.1363 cm^-1  (      2.2525 THz )

 # k point   198 : (  0.3775,  0.3775,  0.7551)
   Mode, Frequency 
      1     50.2109 cm^-1  (      1.5053 THz )
      2     65.1445 cm^-1  (      1.9530 THz )
      3     75.0095 cm^-1  (      2.2487 THz )

 # k point   199 : (  0.3763,  0.3763,  0.7525)
   Mode, Frequency 
      1     50.1126 cm^-1  (      1.5023 THz )
      2     65.2850 cm^-1  (      1.9572 THz )
      3     74.8815 cm^-1  (      2.2449 THz )

 # k point   200 : (  0.3750,  0.3750,  0.7500)
   Mode, Frequency 
      1     50.0134 cm^-1  (      1.4994 THz )
      2     65.4246 cm^-1  (      1.9614 THz )
      3     74.7522 cm^-1  (      2.2410 THz )

 # k point   201 : (  0.3750,  0.3750,  0.7500)
   Mode, Frequency 
      1     50.0134 cm^-1  (      1.4994 THz )
      2     65.4246 cm^-1  (      1.9614 THz )
      3     74.7522 cm^-1  (      2.2410 THz )

 # k point   202 : (  0.3712,  0.3712,  0.7424)
   Mode, Frequency 
      1     49.7106 cm^-1  (      1.4903 THz )
      2     65.8379 cm^-1  (      1.9738 THz )
      3     74.3572 cm^-1  (      2.2292 THz )

 # k point   203 : (  0.3674,  0.3674,  0.7348)
   Mode, Frequency 
      1     49.4000 cm^-1  (      1.4810 THz )
      2     66.2420 cm^-1  (      1.9859 THz )
      3     73.9514 cm^-1  (      2.2170 THz )

 # k point   204 : (  0.3636,  0.3636,  0.7273)
   Mode, Frequency 
      1     49.0816 cm^-1  (      1.4714 THz )
      2     66.6357 cm^-1  (      1.9977 THz )
      3     73.5349 cm^-1  (      2.2045 THz )

 # k point   205 : (  0.3598,  0.3598,  0.7197)
   Mode, Frequency 
      1     48.7557 cm^-1  (      1.4617 THz )
      2     67.0179 cm^-1  (      2.0091 THz )
      3     73.1079 cm^-1  (      2.1917 THz )

 # k point   206 : (  0.3561,  0.3561,  0.7121)
   Mode, Frequency 
      1     48.4222 cm^-1  (      1.4517 THz )
      2     67.3874 cm^-1  (      2.0202 THz )
      3     72.6705 cm^-1  (      2.1786 THz )

 # k point   207 : (  0.3523,  0.3523,  0.7045)
   Mode, Frequency 
      1     48.0814 cm^-1  (      1.4414 THz )
      2     67.7430 cm^-1  (      2.0309 THz )
      3     72.2230 cm^-1  (      2.1652 THz )

 # k point   208 : (  0.3485,  0.3485,  0.6970)
   Mode, Frequency 
      1     47.7333 cm^-1  (      1.4310 THz )
      2     68.0834 cm^-1  (      2.0411 THz )
      3     71.7657 cm^-1  (      2.1515 THz )

 # k point   209 : (  0.3447,  0.3447,  0.6894)
   Mode, Frequency 
      1     47.3781 cm^-1  (      1.4204 THz )
      2     68.4071 cm^-1  (      2.0508 THz )
      3     71.2995 cm^-1  (      2.1375 THz )

 # k point   210 : (  0.3409,  0.3409,  0.6818)
   Mode, Frequency 
      1     47.0159 cm^-1  (      1.4095 THz )
      2     68.7115 cm^-1  (      2.0599 THz )
      3     70.8259 cm^-1  (      2.1233 THz )

 # k point   211 : (  0.3371,  0.3371,  0.6742)
   Mode, Frequency 
      1     46.6467 cm^-1  (      1.3984 THz )
      2     68.9910 cm^-1  (      2.0683 THz )
      3     70.3499 cm^-1  (      2.1090 THz )

 # k point   212 : (  0.3333,  0.3333,  0.6667)
   Mode, Frequency 
      1     46.2708 cm^-1  (      1.3872 THz )
      2     69.2182 cm^-1  (      2.0751 THz )
      3     69.8980 cm^-1  (      2.0955 THz )

 # k point   213 : (  0.3295,  0.3295,  0.6591)
   Mode, Frequency 
      1     45.8883 cm^-1  (      1.3757 THz )
      2     69.1667 cm^-1  (      2.0736 THz )
      3     69.6959 cm^-1  (      2.0894 THz )

 # k point   214 : (  0.3258,  0.3258,  0.6515)
   Mode, Frequency 
      1     45.4992 cm^-1  (      1.3640 THz )
      2     68.7291 cm^-1  (      2.0604 THz )
      3     69.8505 cm^-1  (      2.0941 THz )

 # k point   215 : (  0.3220,  0.3220,  0.6439)
   Mode, Frequency 
      1     45.1037 cm^-1  (      1.3522 THz )
      2     68.2183 cm^-1  (      2.0451 THz )
      3     70.0479 cm^-1  (      2.1000 THz )

 # k point   216 : (  0.3182,  0.3182,  0.6364)
   Mode, Frequency 
      1     44.7020 cm^-1  (      1.3401 THz )
      2     67.6866 cm^-1  (      2.0292 THz )
      3     70.2356 cm^-1  (      2.1056 THz )

 # k point   217 : (  0.3144,  0.3144,  0.6288)
   Mode, Frequency 
      1     44.2941 cm^-1  (      1.3279 THz )
      2     67.1415 cm^-1  (      2.0129 THz )
      3     70.4052 cm^-1  (      2.1107 THz )

 # k point   218 : (  0.3106,  0.3106,  0.6212)
   Mode, Frequency 
      1     43.8802 cm^-1  (      1.3155 THz )
      2     66.5852 cm^-1  (      1.9962 THz )
      3     70.5541 cm^-1  (      2.1152 THz )

 # k point   219 : (  0.3068,  0.3068,  0.6136)
   Mode, Frequency 
      1     43.4604 cm^-1  (      1.3029 THz )
      2     66.0187 cm^-1  (      1.9792 THz )
      3     70.6809 cm^-1  (      2.1190 THz )

 # k point   220 : (  0.3030,  0.3030,  0.6061)
   Mode, Frequency 
      1     43.0348 cm^-1  (      1.2902 THz )
      2     65.4424 cm^-1  (      1.9619 THz )
      3     70.7845 cm^-1  (      2.1221 THz )

 # k point   221 : (  0.2992,  0.2992,  0.5985)
   Mode, Frequency 
      1     42.6037 cm^-1  (      1.2772 THz )
      2     64.8566 cm^-1  (      1.9444 THz )
      3     70.8643 cm^-1  (      2.1245 THz )

 # k point   222 : (  0.2955,  0.2955,  0.5909)
   Mode, Frequency 
      1     42.1670 cm^-1  (      1.2641 THz )
      2     64.2616 cm^-1  (      1.9265 THz )
      3     70.9195 cm^-1  (      2.1261 THz )

 # k point   223 : (  0.2917,  0.2917,  0.5833)
   Mode, Frequency 
      1     41.7250 cm^-1  (      1.2509 THz )
      2     63.6576 cm^-1  (      1.9084 THz )
      3     70.9498 cm^-1  (      2.1270 THz )

 # k point   224 : (  0.2879,  0.2879,  0.5758)
   Mode, Frequency 
      1     41.2777 cm^-1  (      1.2375 THz )
      2     63.0447 cm^-1  (      1.8900 THz )
      3     70.9545 cm^-1  (      2.1272 THz )

 # k point   225 : (  0.2841,  0.2841,  0.5682)
   Mode, Frequency 
      1     40.8253 cm^-1  (      1.2239 THz )
      2     62.4230 cm^-1  (      1.8714 THz )
      3     70.9332 cm^-1  (      2.1265 THz )

 # k point   226 : (  0.2803,  0.2803,  0.5606)
   Mode, Frequency 
      1     40.3680 cm^-1  (      1.2102 THz )
      2     61.7928 cm^-1  (      1.8525 THz )
      3     70.8856 cm^-1  (      2.1251 THz )

 # k point   227 : (  0.2765,  0.2765,  0.5530)
   Mode, Frequency 
      1     39.9059 cm^-1  (      1.1963 THz )
      2     61.1541 cm^-1  (      1.8334 THz )
      3     70.8111 cm^-1  (      2.1229 THz )

 # k point   228 : (  0.2727,  0.2727,  0.5455)
   Mode, Frequency 
      1     39.4390 cm^-1  (      1.1824 THz )
      2     60.5071 cm^-1  (      1.8140 THz )
      3     70.7096 cm^-1  (      2.1198 THz )

 # k point   229 : (  0.2689,  0.2689,  0.5379)
   Mode, Frequency 
      1     38.9675 cm^-1  (      1.1682 THz )
      2     59.8520 cm^-1  (      1.7943 THz )
      3     70.5807 cm^-1  (      2.1160 THz )

 # k point   230 : (  0.2652,  0.2652,  0.5303)
   Mode, Frequency 
      1     38.4916 cm^-1  (      1.1540 THz )
      2     59.1888 cm^-1  (      1.7744 THz )
      3     70.4240 cm^-1  (      2.1113 THz )

 # k point   231 : (  0.2614,  0.2614,  0.5227)
   Mode, Frequency 
      1     38.0114 cm^-1  (      1.1396 THz )
      2     58.5177 cm^-1  (      1.7543 THz )
      3     70.2395 cm^-1  (      2.1057 THz )

 # k point   232 : (  0.2576,  0.2576,  0.5152)
   Mode, Frequency 
      1     37.5270 cm^-1  (      1.1250 THz )
      2     57.8388 cm^-1  (      1.7340 THz )
      3     70.0268 cm^-1  (      2.0994 THz )

 # k point   233 : (  0.2538,  0.2538,  0.5076)
   Mode, Frequency 
      1     37.0385 cm^-1  (      1.1104 THz )
      2     57.1522 cm^-1  (      1.7134 THz )
      3     69.7858 cm^-1  (      2.0921 THz )

 # k point   234 : (  0.2500,  0.2500,  0.5000)
   Mode, Frequency 
      1     36.5461 cm^-1  (      1.0956 THz )
      2     56.4581 cm^-1  (      1.6926 THz )
      3     69.5164 cm^-1  (      2.0840 THz )

 # k point   235 : (  0.2462,  0.2462,  0.4924)
   Mode, Frequency 
      1     36.0499 cm^-1  (      1.0807 THz )
      2     55.7567 cm^-1  (      1.6715 THz )
      3     69.2184 cm^-1  (      2.0751 THz )

 # k point   236 : (  0.2424,  0.2424,  0.4848)
   Mode, Frequency 
      1     35.5499 cm^-1  (      1.0658 THz )
      2     55.0479 cm^-1  (      1.6503 THz )
      3     68.8917 cm^-1  (      2.0653 THz )

 # k point   237 : (  0.2386,  0.2386,  0.4773)
   Mode, Frequency 
      1     35.0464 cm^-1  (      1.0507 THz )
      2     54.3321 cm^-1  (      1.6288 THz )
      3     68.5362 cm^-1  (      2.0547 THz )

 # k point   238 : (  0.2348,  0.2348,  0.4697)
   Mode, Frequency 
      1     34.5394 cm^-1  (      1.0355 THz )
      2     53.6092 cm^-1  (      1.6072 THz )
      3     68.1520 cm^-1  (      2.0431 THz )

 # k point   239 : (  0.2311,  0.2311,  0.4621)
   Mode, Frequency 
      1     34.0291 cm^-1  (      1.0202 THz )
      2     52.8794 cm^-1  (      1.5853 THz )
      3     67.7390 cm^-1  (      2.0308 THz )

 # k point   240 : (  0.2273,  0.2273,  0.4545)
   Mode, Frequency 
      1     33.5156 cm^-1  (      1.0048 THz )
      2     52.1429 cm^-1  (      1.5632 THz )
      3     67.2972 cm^-1  (      2.0175 THz )

 # k point   241 : (  0.2235,  0.2235,  0.4470)
   Mode, Frequency 
      1     32.9990 cm^-1  (      0.9893 THz )
      2     51.3998 cm^-1  (      1.5409 THz )
      3     66.8266 cm^-1  (      2.0034 THz )

 # k point   242 : (  0.2197,  0.2197,  0.4394)
   Mode, Frequency 
      1     32.4794 cm^-1  (      0.9737 THz )
      2     50.6502 cm^-1  (      1.5185 THz )
      3     66.3274 cm^-1  (      1.9884 THz )

 # k point   243 : (  0.2159,  0.2159,  0.4318)
   Mode, Frequency 
      1     31.9569 cm^-1  (      0.9580 THz )
      2     49.8941 cm^-1  (      1.4958 THz )
      3     65.7996 cm^-1  (      1.9726 THz )

 # k point   244 : (  0.2121,  0.2121,  0.4242)
   Mode, Frequency 
      1     31.4316 cm^-1  (      0.9423 THz )
      2     49.1319 cm^-1  (      1.4729 THz )
      3     65.2434 cm^-1  (      1.9559 THz )

 # k point   245 : (  0.2083,  0.2083,  0.4167)
   Mode, Frequency 
      1     30.9037 cm^-1  (      0.9265 THz )
      2     48.3635 cm^-1  (      1.4499 THz )
      3     64.6588 cm^-1  (      1.9384 THz )

 # k point   246 : (  0.2045,  0.2045,  0.4091)
   Mode, Frequency 
      1     30.3732 cm^-1  (      0.9106 THz )
      2     47.5891 cm^-1  (      1.4267 THz )
      3     64.0460 cm^-1  (      1.9201 THz )

 # k point   247 : (  0.2008,  0.2008,  0.4015)
   Mode, Frequency 
      1     29.8402 cm^-1  (      0.8946 THz )
      2     46.8089 cm^-1  (      1.4033 THz )
      3     63.4053 cm^-1  (      1.9008 THz )

 # k point   248 : (  0.1970,  0.1970,  0.3939)
   Mode, Frequency 
      1     29.3049 cm^-1  (      0.8785 THz )
      2     46.0229 cm^-1  (      1.3797 THz )
      3     62.7368 cm^-1  (      1.8808 THz )

 # k point   249 : (  0.1932,  0.1932,  0.3864)
   Mode, Frequency 
      1     28.7673 cm^-1  (      0.8624 THz )
      2     45.2312 cm^-1  (      1.3560 THz )
      3     62.0407 cm^-1  (      1.8599 THz )

 # k point   250 : (  0.1894,  0.1894,  0.3788)
   Mode, Frequency 
      1     28.2276 cm^-1  (      0.8462 THz )
      2     44.4341 cm^-1  (      1.3321 THz )
      3     61.3173 cm^-1  (      1.8382 THz )

 # k point   251 : (  0.1856,  0.1856,  0.3712)
   Mode, Frequency 
      1     27.6858 cm^-1  (      0.8300 THz )
      2     43.6315 cm^-1  (      1.3080 THz )
      3     60.5668 cm^-1  (      1.8157 THz )

 # k point   252 : (  0.1818,  0.1818,  0.3636)
   Mode, Frequency 
      1     27.1420 cm^-1  (      0.8137 THz )
      2     42.8237 cm^-1  (      1.2838 THz )
      3     59.7896 cm^-1  (      1.7924 THz )

 # k point   253 : (  0.1780,  0.1780,  0.3561)
   Mode, Frequency 
      1     26.5962 cm^-1  (      0.7973 THz )
      2     42.0107 cm^-1  (      1.2594 THz )
      3     58.9860 cm^-1  (      1.7684 THz )

 # k point   254 : (  0.1742,  0.1742,  0.3485)
   Mode, Frequency 
      1     26.0487 cm^-1  (      0.7809 THz )
      2     41.1927 cm^-1  (      1.2349 THz )
      3     58.1562 cm^-1  (      1.7435 THz )

 # k point   255 : (  0.1705,  0.1705,  0.3409)
   Mode, Frequency 
      1     25.4995 cm^-1  (      0.7645 THz )
      2     40.3698 cm^-1  (      1.2103 THz )
      3     57.3007 cm^-1  (      1.7178 THz )

 # k point   256 : (  0.1667,  0.1667,  0.3333)
   Mode, Frequency 
      1     24.9486 cm^-1  (      0.7479 THz )
      2     39.5421 cm^-1  (      1.1854 THz )
      3     56.4197 cm^-1  (      1.6914 THz )

 # k point   257 : (  0.1629,  0.1629,  0.3258)
   Mode, Frequency 
      1     24.3961 cm^-1  (      0.7314 THz )
      2     38.7096 cm^-1  (      1.1605 THz )
      3     55.5137 cm^-1  (      1.6643 THz )

 # k point   258 : (  0.1591,  0.1591,  0.3182)
   Mode, Frequency 
      1     23.8421 cm^-1  (      0.7148 THz )
      2     37.8727 cm^-1  (      1.1354 THz )
      3     54.5830 cm^-1  (      1.6364 THz )

 # k point   259 : (  0.1553,  0.1553,  0.3106)
   Mode, Frequency 
      1     23.2866 cm^-1  (      0.6981 THz )
      2     37.0312 cm^-1  (      1.1102 THz )
      3     53.6281 cm^-1  (      1.6077 THz )

 # k point   260 : (  0.1515,  0.1515,  0.3030)
   Mode, Frequency 
      1     22.7299 cm^-1  (      0.6814 THz )
      2     36.1854 cm^-1  (      1.0848 THz )
      3     52.6493 cm^-1  (      1.5784 THz )

 # k point   261 : (  0.1477,  0.1477,  0.2955)
   Mode, Frequency 
      1     22.1718 cm^-1  (      0.6647 THz )
      2     35.3354 cm^-1  (      1.0593 THz )
      3     51.6472 cm^-1  (      1.5483 THz )

 # k point   262 : (  0.1439,  0.1439,  0.2879)
   Mode, Frequency 
      1     21.6124 cm^-1  (      0.6479 THz )
      2     34.4812 cm^-1  (      1.0337 THz )
      3     50.6221 cm^-1  (      1.5176 THz )

 # k point   263 : (  0.1402,  0.1402,  0.2803)
   Mode, Frequency 
      1     21.0519 cm^-1  (      0.6311 THz )
      2     33.6231 cm^-1  (      1.0080 THz )
      3     49.5746 cm^-1  (      1.4862 THz )

 # k point   264 : (  0.1364,  0.1364,  0.2727)
   Mode, Frequency 
      1     20.4903 cm^-1  (      0.6143 THz )
      2     32.7610 cm^-1  (      0.9822 THz )
      3     48.5050 cm^-1  (      1.4541 THz )

 # k point   265 : (  0.1326,  0.1326,  0.2652)
   Mode, Frequency 
      1     19.9276 cm^-1  (      0.5974 THz )
      2     31.8952 cm^-1  (      0.9562 THz )
      3     47.4139 cm^-1  (      1.4214 THz )

 # k point   266 : (  0.1288,  0.1288,  0.2576)
   Mode, Frequency 
      1     19.3639 cm^-1  (      0.5805 THz )
      2     31.0257 cm^-1  (      0.9301 THz )
      3     46.3018 cm^-1  (      1.3881 THz )

 # k point   267 : (  0.1250,  0.1250,  0.2500)
   Mode, Frequency 
      1     18.7992 cm^-1  (      0.5636 THz )
      2     30.1526 cm^-1  (      0.9040 THz )
      3     45.1693 cm^-1  (      1.3541 THz )

 # k point   268 : (  0.1212,  0.1212,  0.2424)
   Mode, Frequency 
      1     18.2336 cm^-1  (      0.5466 THz )
      2     29.2760 cm^-1  (      0.8777 THz )
      3     44.0167 cm^-1  (      1.3196 THz )

 # k point   269 : (  0.1174,  0.1174,  0.2348)
   Mode, Frequency 
      1     17.6671 cm^-1  (      0.5296 THz )
      2     28.3961 cm^-1  (      0.8513 THz )
      3     42.8447 cm^-1  (      1.2845 THz )

 # k point   270 : (  0.1136,  0.1136,  0.2273)
   Mode, Frequency 
      1     17.0998 cm^-1  (      0.5126 THz )
      2     27.5130 cm^-1  (      0.8248 THz )
      3     41.6537 cm^-1  (      1.2487 THz )

 # k point   271 : (  0.1098,  0.1098,  0.2197)
   Mode, Frequency 
      1     16.5316 cm^-1  (      0.4956 THz )
      2     26.6267 cm^-1  (      0.7982 THz )
      3     40.4444 cm^-1  (      1.2125 THz )

 # k point   272 : (  0.1061,  0.1061,  0.2121)
   Mode, Frequency 
      1     15.9627 cm^-1  (      0.4786 THz )
      2     25.7374 cm^-1  (      0.7716 THz )
      3     39.2173 cm^-1  (      1.1757 THz )

 # k point   273 : (  0.1023,  0.1023,  0.2045)
   Mode, Frequency 
      1     15.3930 cm^-1  (      0.4615 THz )
      2     24.8451 cm^-1  (      0.7448 THz )
      3     37.9729 cm^-1  (      1.1384 THz )

 # k point   274 : (  0.0985,  0.0985,  0.1970)
   Mode, Frequency 
      1     14.8226 cm^-1  (      0.4444 THz )
      2     23.9501 cm^-1  (      0.7180 THz )
      3     36.7118 cm^-1  (      1.1006 THz )

 # k point   275 : (  0.0947,  0.0947,  0.1894)
   Mode, Frequency 
      1     14.2515 cm^-1  (      0.4273 THz )
      2     23.0524 cm^-1  (      0.6911 THz )
      3     35.4347 cm^-1  (      1.0623 THz )

 # k point   276 : (  0.0909,  0.0909,  0.1818)
   Mode, Frequency 
      1     13.6797 cm^-1  (      0.4101 THz )
      2     22.1520 cm^-1  (      0.6641 THz )
      3     34.1420 cm^-1  (      1.0236 THz )

 # k point   277 : (  0.0871,  0.0871,  0.1742)
   Mode, Frequency 
      1     13.1072 cm^-1  (      0.3929 THz )
      2     21.2492 cm^-1  (      0.6370 THz )
      3     32.8344 cm^-1  (      0.9844 THz )

 # k point   278 : (  0.0833,  0.0833,  0.1667)
   Mode, Frequency 
      1     12.5341 cm^-1  (      0.3758 THz )
      2     20.3441 cm^-1  (      0.6099 THz )
      3     31.5125 cm^-1  (      0.9447 THz )

 # k point   279 : (  0.0795,  0.0795,  0.1591)
   Mode, Frequency 
      1     11.9602 cm^-1  (      0.3586 THz )
      2     19.4366 cm^-1  (      0.5827 THz )
      3     30.1769 cm^-1  (      0.9047 THz )

 # k point   280 : (  0.0758,  0.0758,  0.1515)
   Mode, Frequency 
      1     11.3856 cm^-1  (      0.3413 THz )
      2     18.5271 cm^-1  (      0.5554 THz )
      3     28.8281 cm^-1  (      0.8642 THz )

 # k point   281 : (  0.0720,  0.0720,  0.1439)
   Mode, Frequency 
      1     10.8103 cm^-1  (      0.3241 THz )
      2     17.6155 cm^-1  (      0.5281 THz )
      3     27.4669 cm^-1  (      0.8234 THz )

 # k point   282 : (  0.0682,  0.0682,  0.1364)
   Mode, Frequency 
      1     10.2342 cm^-1  (      0.3068 THz )
      2     16.7019 cm^-1  (      0.5007 THz )
      3     26.0939 cm^-1  (      0.7823 THz )

 # k point   283 : (  0.0644,  0.0644,  0.1288)
   Mode, Frequency 
      1      9.6573 cm^-1  (      0.2895 THz )
      2     15.7866 cm^-1  (      0.4733 THz )
      3     24.7095 cm^-1  (      0.7408 THz )

 # k point   284 : (  0.0606,  0.0606,  0.1212)
   Mode, Frequency 
      1      9.0795 cm^-1  (      0.2722 THz )
      2     14.8697 cm^-1  (      0.4458 THz )
      3     23.3147 cm^-1  (      0.6990 THz )

 # k point   285 : (  0.0568,  0.0568,  0.1136)
   Mode, Frequency 
      1      8.5007 cm^-1  (      0.2548 THz )
      2     13.9512 cm^-1  (      0.4182 THz )
      3     21.9098 cm^-1  (      0.6568 THz )

 # k point   286 : (  0.0530,  0.0530,  0.1061)
   Mode, Frequency 
      1      7.9208 cm^-1  (      0.2375 THz )
      2     13.0313 cm^-1  (      0.3907 THz )
      3     20.4957 cm^-1  (      0.6144 THz )

 # k point   287 : (  0.0492,  0.0492,  0.0985)
   Mode, Frequency 
      1      7.3395 cm^-1  (      0.2200 THz )
      2     12.1101 cm^-1  (      0.3631 THz )
      3     19.0730 cm^-1  (      0.5718 THz )

 # k point   288 : (  0.0455,  0.0455,  0.0909)
   Mode, Frequency 
      1      6.7567 cm^-1  (      0.2026 THz )
      2     11.1878 cm^-1  (      0.3354 THz )
      3     17.6424 cm^-1  (      0.5289 THz )

 # k point   289 : (  0.0417,  0.0417,  0.0833)
   Mode, Frequency 
      1      6.1719 cm^-1  (      0.1850 THz )
      2     10.2646 cm^-1  (      0.3077 THz )
      3     16.2045 cm^-1  (      0.4858 THz )

 # k point   290 : (  0.0379,  0.0379,  0.0758)
   Mode, Frequency 
      1      5.5847 cm^-1  (      0.1674 THz )
      2      9.3406 cm^-1  (      0.2800 THz )
      3     14.7603 cm^-1  (      0.4425 THz )

 # k point   291 : (  0.0341,  0.0341,  0.0682)
   Mode, Frequency 
      1      4.9942 cm^-1  (      0.1497 THz )
      2      8.4161 cm^-1  (      0.2523 THz )
      3     13.3104 cm^-1  (      0.3990 THz )

 # k point   292 : (  0.0303,  0.0303,  0.0606)
   Mode, Frequency 
      1      4.3994 cm^-1  (      0.1319 THz )
      2      7.4913 cm^-1  (      0.2246 THz )
      3     11.8559 cm^-1  (      0.3554 THz )

 # k point   293 : (  0.0265,  0.0265,  0.0530)
   Mode, Frequency 
      1      3.7985 cm^-1  (      0.1139 THz )
      2      6.5666 cm^-1  (      0.1969 THz )
      3     10.3976 cm^-1  (      0.3117 THz )

 # k point   294 : (  0.0227,  0.0227,  0.0455)
   Mode, Frequency 
      1      3.1885 cm^-1  (      0.0956 THz )
      2      5.6423 cm^-1  (      0.1692 THz )
      3      8.9371 cm^-1  (      0.2679 THz )

 # k point   295 : (  0.0189,  0.0189,  0.0379)
   Mode, Frequency 
      1      2.5637 cm^-1  (      0.0769 THz )
      2      4.7189 cm^-1  (      0.1415 THz )
      3      7.4759 cm^-1  (      0.2241 THz )

 # k point   296 : (  0.0152,  0.0152,  0.0303)
   Mode, Frequency 
      1      1.9124 cm^-1  (      0.0573 THz )
      2      3.7966 cm^-1  (      0.1138 THz )
      3      6.0172 cm^-1  (      0.1804 THz )

 # k point   297 : (  0.0114,  0.0114,  0.0227)
   Mode, Frequency 
      1      1.1995 cm^-1  (      0.0360 THz )
      2      2.8753 cm^-1  (      0.0862 THz )
      3      4.5659 cm^-1  (      0.1369 THz )

 # k point   298 : (  0.0076,  0.0076,  0.0152)
   Mode, Frequency 
      1     -0.1902 cm^-1  (     -0.0057 THz )
      2      1.9507 cm^-1  (      0.0585 THz )
      3      3.1333 cm^-1  (      0.0939 THz )

 # k point   299 : (  0.0038,  0.0038,  0.0076)
   Mode, Frequency 
      1     -0.8033 cm^-1  (     -0.0241 THz )
      2      1.0043 cm^-1  (      0.0301 THz )
      3      1.7419 cm^-1  (      0.0522 THz )

 # k point   300 : (  0.0000,  0.0000,  0.0000)
   Mode, Frequency 
      1      0.0000 cm^-1  (      0.0000 THz )
      2      0.0000 cm^-1  (      0.0000 THz )
      3      0.0000 cm^-1  (      0.0000 THz )

 # k point   301 : (  0.0000,  0.0000,  0.0000)
   Mode, Frequency 
      1      0.0000 cm^-1  (      0.0000 THz )
      2      0.0000 cm^-1  (      0.0000 THz )
      3      0.0000 cm^-1  (      0.0000 THz )

 # k point   302 : (  0.0051,  0.0051,  0.0051)
   Mode, Frequency 
      1     -0.5698 cm^-1  (     -0.0171 THz )
      2      0.5835 cm^-1  (      0.0175 THz )
      3      1.4985 cm^-1  (      0.0449 THz )

 # k point   303 : (  0.0101,  0.0101,  0.0101)
   Mode, Frequency 
      1      0.6945 cm^-1  (      0.0208 THz )
      2      1.1668 cm^-1  (      0.0350 THz )
      3      2.6831 cm^-1  (      0.0804 THz )

 # k point   304 : (  0.0152,  0.0152,  0.0152)
   Mode, Frequency 
      1      1.4456 cm^-1  (      0.0433 THz )
      2      1.7499 cm^-1  (      0.0525 THz )
      3      3.8970 cm^-1  (      0.1168 THz )

 # k point   305 : (  0.0202,  0.0202,  0.0202)
   Mode, Frequency 
      1      2.0991 cm^-1  (      0.0629 THz )
      2      2.3326 cm^-1  (      0.0699 THz )
      3      5.1275 cm^-1  (      0.1537 THz )

 # k point   306 : (  0.0253,  0.0253,  0.0253)
   Mode, Frequency 
      1      2.7209 cm^-1  (      0.0816 THz )
      2      2.9148 cm^-1  (      0.0874 THz )
      3      6.3662 cm^-1  (      0.1909 THz )

 # k point   307 : (  0.0303,  0.0303,  0.0303)
   Mode, Frequency 
      1      3.3272 cm^-1  (      0.0997 THz )
      2      3.4963 cm^-1  (      0.1048 THz )
      3      7.6088 cm^-1  (      0.2281 THz )

 # k point   308 : (  0.0354,  0.0354,  0.0354)
   Mode, Frequency 
      1      3.9241 cm^-1  (      0.1176 THz )
      2      4.0770 cm^-1  (      0.1222 THz )
      3      8.8532 cm^-1  (      0.2654 THz )

 # k point   309 : (  0.0404,  0.0404,  0.0404)
   Mode, Frequency 
      1      4.5147 cm^-1  (      0.1353 THz )
      2      4.6568 cm^-1  (      0.1396 THz )
      3     10.0977 cm^-1  (      0.3027 THz )

 # k point   310 : (  0.0455,  0.0455,  0.0455)
   Mode, Frequency 
      1      5.1006 cm^-1  (      0.1529 THz )
      2      5.2354 cm^-1  (      0.1570 THz )
      3     11.3416 cm^-1  (      0.3400 THz )

 # k point   311 : (  0.0505,  0.0505,  0.0505)
   Mode, Frequency 
      1      5.6826 cm^-1  (      0.1704 THz )
      2      5.8127 cm^-1  (      0.1743 THz )
      3     12.5842 cm^-1  (      0.3773 THz )

 # k point   312 : (  0.0556,  0.0556,  0.0556)
   Mode, Frequency 
      1      6.2613 cm^-1  (      0.1877 THz )
      2      6.3886 cm^-1  (      0.1915 THz )
      3     13.8248 cm^-1  (      0.4145 THz )

 # k point   313 : (  0.0606,  0.0606,  0.0606)
   Mode, Frequency 
      1      6.8371 cm^-1  (      0.2050 THz )
      2      6.9630 cm^-1  (      0.2087 THz )
      3     15.0631 cm^-1  (      0.4516 THz )

 # k point   314 : (  0.0657,  0.0657,  0.0657)
   Mode, Frequency 
      1      7.4099 cm^-1  (      0.2221 THz )
      2      7.5355 cm^-1  (      0.2259 THz )
      3     16.2986 cm^-1  (      0.4886 THz )

 # k point   315 : (  0.0707,  0.0707,  0.0707)
   Mode, Frequency 
      1      7.9801 cm^-1  (      0.2392 THz )
      2      8.1062 cm^-1  (      0.2430 THz )
      3     17.5311 cm^-1  (      0.5256 THz )

 # k point   316 : (  0.0758,  0.0758,  0.0758)
   Mode, Frequency 
      1      8.5475 cm^-1  (      0.2562 THz )
      2      8.6747 cm^-1  (      0.2601 THz )
      3     18.7600 cm^-1  (      0.5624 THz )

 # k point   317 : (  0.0808,  0.0808,  0.0808)
   Mode, Frequency 
      1      9.1121 cm^-1  (      0.2732 THz )
      2      9.2411 cm^-1  (      0.2770 THz )
      3     19.9852 cm^-1  (      0.5991 THz )

 # k point   318 : (  0.0859,  0.0859,  0.0859)
   Mode, Frequency 
      1      9.6739 cm^-1  (      0.2900 THz )
      2      9.8051 cm^-1  (      0.2939 THz )
      3     21.2063 cm^-1  (      0.6357 THz )

 # k point   319 : (  0.0909,  0.0909,  0.0909)
   Mode, Frequency 
      1     10.2329 cm^-1  (      0.3068 THz )
      2     10.3666 cm^-1  (      0.3108 THz )
      3     22.4230 cm^-1  (      0.6722 THz )

 # k point   320 : (  0.0960,  0.0960,  0.0960)
   Mode, Frequency 
      1     10.7889 cm^-1  (      0.3234 THz )
      2     10.9254 cm^-1  (      0.3275 THz )
      3     23.6350 cm^-1  (      0.7086 THz )

 # k point   321 : (  0.1010,  0.1010,  0.1010)
   Mode, Frequency 
      1     11.3419 cm^-1  (      0.3400 THz )
      2     11.4814 cm^-1  (      0.3442 THz )
      3     24.8420 cm^-1  (      0.7447 THz )

 # k point   322 : (  0.1061,  0.1061,  0.1061)
   Mode, Frequency 
      1     11.8917 cm^-1  (      0.3565 THz )
      2     12.0344 cm^-1  (      0.3608 THz )
      3     26.0438 cm^-1  (      0.7808 THz )

 # k point   323 : (  0.1111,  0.1111,  0.1111)
   Mode, Frequency 
      1     12.4383 cm^-1  (      0.3729 THz )
      2     12.5844 cm^-1  (      0.3773 THz )
      3     27.2399 cm^-1  (      0.8166 THz )

 # k point   324 : (  0.1162,  0.1162,  0.1162)
   Mode, Frequency 
      1     12.9814 cm^-1  (      0.3892 THz )
      2     13.1311 cm^-1  (      0.3937 THz )
      3     28.4303 cm^-1  (      0.8523 THz )

 # k point   325 : (  0.1212,  0.1212,  0.1212)
   Mode, Frequency 
      1     13.5211 cm^-1  (      0.4054 THz )
      2     13.6745 cm^-1  (      0.4099 THz )
      3     29.6145 cm^-1  (      0.8878 THz )

 # k point   326 : (  0.1263,  0.1263,  0.1263)
   Mode, Frequency 
      1     14.0572 cm^-1  (      0.4214 THz )
      2     14.2143 cm^-1  (      0.4261 THz )
      3     30.7922 cm^-1  (      0.9231 THz )

 # k point   327 : (  0.1313,  0.1313,  0.1313)
   Mode, Frequency 
      1     14.5896 cm^-1  (      0.4374 THz )
      2     14.7504 cm^-1  (      0.4422 THz )
      3     31.9633 cm^-1  (      0.9582 THz )

 # k point   328 : (  0.1364,  0.1364,  0.1364)
   Mode, Frequency 
      1     15.1181 cm^-1  (      0.4532 THz )
      2     15.2828 cm^-1  (      0.4582 THz )
      3     33.1274 cm^-1  (      0.9931 THz )

 # k point   329 : (  0.1414,  0.1414,  0.1414)
   Mode, Frequency 
      1     15.6426 cm^-1  (      0.4690 THz )
      2     15.8113 cm^-1  (      0.4740 THz )
      3     34.2842 cm^-1  (      1.0278 THz )

 # k point   330 : (  0.1465,  0.1465,  0.1465)
   Mode, Frequency 
      1     16.1630 cm^-1  (      0.4846 THz )
      2     16.3356 cm^-1  (      0.4897 THz )
      3     35.4335 cm^-1  (      1.0623 THz )

 # k point   331 : (  0.1515,  0.1515,  0.1515)
   Mode, Frequency 
      1     16.6792 cm^-1  (      0.5000 THz )
      2     16.8558 cm^-1  (      0.5053 THz )
      3     36.5749 cm^-1  (      1.0965 THz )

 # k point   332 : (  0.1566,  0.1566,  0.1566)
   Mode, Frequency 
      1     17.1911 cm^-1  (      0.5154 THz )
      2     17.3717 cm^-1  (      0.5208 THz )
      3     37.7082 cm^-1  (      1.1305 THz )

 # k point   333 : (  0.1616,  0.1616,  0.1616)
   Mode, Frequency 
      1     17.6985 cm^-1  (      0.5306 THz )
      2     17.8831 cm^-1  (      0.5361 THz )
      3     38.8331 cm^-1  (      1.1642 THz )

 # k point   334 : (  0.1667,  0.1667,  0.1667)
   Mode, Frequency 
      1     18.2013 cm^-1  (      0.5457 THz )
      2     18.3899 cm^-1  (      0.5513 THz )
      3     39.9493 cm^-1  (      1.1977 THz )

 # k point   335 : (  0.1717,  0.1717,  0.1717)
   Mode, Frequency 
      1     18.6994 cm^-1  (      0.5606 THz )
      2     18.8921 cm^-1  (      0.5664 THz )
      3     41.0566 cm^-1  (      1.2308 THz )

 # k point   336 : (  0.1768,  0.1768,  0.1768)
   Mode, Frequency 
      1     19.1927 cm^-1  (      0.5754 THz )
      2     19.3893 cm^-1  (      0.5813 THz )
      3     42.1546 cm^-1  (      1.2638 THz )

 # k point   337 : (  0.1818,  0.1818,  0.1818)
   Mode, Frequency 
      1     19.6810 cm^-1  (      0.5900 THz )
      2     19.8816 cm^-1  (      0.5960 THz )
      3     43.2431 cm^-1  (      1.2964 THz )

 # k point   338 : (  0.1869,  0.1869,  0.1869)
   Mode, Frequency 
      1     20.1642 cm^-1  (      0.6045 THz )
      2     20.3689 cm^-1  (      0.6106 THz )
      3     44.3217 cm^-1  (      1.3287 THz )

 # k point   339 : (  0.1919,  0.1919,  0.1919)
   Mode, Frequency 
      1     20.6423 cm^-1  (      0.6188 THz )
      2     20.8509 cm^-1  (      0.6251 THz )
      3     45.3903 cm^-1  (      1.3608 THz )

 # k point   340 : (  0.1970,  0.1970,  0.1970)
   Mode, Frequency 
      1     21.1150 cm^-1  (      0.6330 THz )
      2     21.3276 cm^-1  (      0.6394 THz )
      3     46.4485 cm^-1  (      1.3925 THz )

 # k point   341 : (  0.2020,  0.2020,  0.2020)
   Mode, Frequency 
      1     21.5823 cm^-1  (      0.6470 THz )
      2     21.7988 cm^-1  (      0.6535 THz )
      3     47.4960 cm^-1  (      1.4239 THz )

 # k point   342 : (  0.2071,  0.2071,  0.2071)
   Mode, Frequency 
      1     22.0441 cm^-1  (      0.6609 THz )
      2     22.2645 cm^-1  (      0.6675 THz )
      3     48.5326 cm^-1  (      1.4550 THz )

 # k point   343 : (  0.2121,  0.2121,  0.2121)
   Mode, Frequency 
      1     22.5002 cm^-1  (      0.6745 THz )
      2     22.7245 cm^-1  (      0.6813 THz )
      3     49.5579 cm^-1  (      1.4857 THz )

 # k point   344 : (  0.2172,  0.2172,  0.2172)
   Mode, Frequency 
      1     22.9506 cm^-1  (      0.6880 THz )
      2     23.1787 cm^-1  (      0.6949 THz )
      3     50.5718 cm^-1  (      1.5161 THz )

 # k point   345 : (  0.2222,  0.2222,  0.2222)
   Mode, Frequency 
      1     23.3951 cm^-1  (      0.7014 THz )
      2     23.6270 cm^-1  (      0.7083 THz )
      3     51.5739 cm^-1  (      1.5461 THz )

 # k point   346 : (  0.2273,  0.2273,  0.2273)
   Mode, Frequency 
      1     23.8336 cm^-1  (      0.7145 THz )
      2     24.0692 cm^-1  (      0.7216 THz )
      3     52.5639 cm^-1  (      1.5758 THz )

 # k point   347 : (  0.2323,  0.2323,  0.2323)
   Mode, Frequency 
      1     24.2660 cm^-1  (      0.7275 THz )
      2     24.5054 cm^-1  (      0.7347 THz )
      3     53.5416 cm^-1  (      1.6051 THz )

 # k point   348 : (  0.2374,  0.2374,  0.2374)
   Mode, Frequency 
      1     24.6922 cm^-1  (      0.7403 THz )
      2     24.9353 cm^-1  (      0.7475 THz )
      3     54.5066 cm^-1  (      1.6341 THz )

 # k point   349 : (  0.2424,  0.2424,  0.2424)
   Mode, Frequency 
      1     25.1121 cm^-1  (      0.7528 THz )
      2     25.3588 cm^-1  (      0.7602 THz )
      3     55.4588 cm^-1  (      1.6626 THz )

 # k point   350 : (  0.2475,  0.2475,  0.2475)
   Mode, Frequency 
      1     25.5257 cm^-1  (      0.7652 THz )
      2     25.7760 cm^-1  (      0.7727 THz )
      3     56.3979 cm^-1  (      1.6908 THz )

 # k point   351 : (  0.2525,  0.2525,  0.2525)
   Mode, Frequency 
      1     25.9327 cm^-1  (      0.7774 THz )
      2     26.1865 cm^-1  (      0.7851 THz )
      3     57.3235 cm^-1  (      1.7185 THz )

 # k point   352 : (  0.2576,  0.2576,  0.2576)
   Mode, Frequency 
      1     26.3331 cm^-1  (      0.7894 THz )
      2     26.5904 cm^-1  (      0.7972 THz )
      3     58.2354 cm^-1  (      1.7459 THz )

 # k point   353 : (  0.2626,  0.2626,  0.2626)
   Mode, Frequency 
      1     26.7268 cm^-1  (      0.8013 THz )
      2     26.9876 cm^-1  (      0.8091 THz )
      3     59.1333 cm^-1  (      1.7728 THz )

 # k point   354 : (  0.2677,  0.2677,  0.2677)
   Mode, Frequency 
      1     27.1138 cm^-1  (      0.8129 THz )
      2     27.3779 cm^-1  (      0.8208 THz )
      3     60.0170 cm^-1  (      1.7993 THz )

 # k point   355 : (  0.2727,  0.2727,  0.2727)
   Mode, Frequency 
      1     27.4938 cm^-1  (      0.8242 THz )
      2     27.7613 cm^-1  (      0.8323 THz )
      3     60.8862 cm^-1  (      1.8253 THz )

 # k point   356 : (  0.2778,  0.2778,  0.2778)
   Mode, Frequency 
      1     27.8669 cm^-1  (      0.8354 THz )
      2     28.1377 cm^-1  (      0.8435 THz )
      3     61.7406 cm^-1  (      1.8509 THz )

 # k point   357 : (  0.2828,  0.2828,  0.2828)
   Mode, Frequency 
      1     28.2329 cm^-1  (      0.8464 THz )
      2     28.5069 cm^-1  (      0.8546 THz )
      3     62.5801 cm^-1  (      1.8761 THz )

 # k point   358 : (  0.2879,  0.2879,  0.2879)
   Mode, Frequency 
      1     28.5918 cm^-1  (      0.8572 THz )
      2     28.8689 cm^-1  (      0.8655 THz )
      3     63.4042 cm^-1  (      1.9008 THz )

 # k point   359 : (  0.2929,  0.2929,  0.2929)
   Mode, Frequency 
      1     28.9434 cm^-1  (      0.8677 THz )
      2     29.2236 cm^-1  (      0.8761 THz )
      3     64.2128 cm^-1  (      1.9251 THz )

 # k point   360 : (  0.2980,  0.2980,  0.2980)
   Mode, Frequency 
      1     29.2876 cm^-1  (      0.8780 THz )
      2     29.5710 cm^-1  (      0.8865 THz )
      3     65.0057 cm^-1  (      1.9488 THz )

 # k point   361 : (  0.3030,  0.3030,  0.3030)
   Mode, Frequency 
      1     29.6245 cm^-1  (      0.8881 THz )
      2     29.9108 cm^-1  (      0.8967 THz )
      3     65.7825 cm^-1  (      1.9721 THz )

 # k point   362 : (  0.3081,  0.3081,  0.3081)
   Mode, Frequency 
      1     29.9539 cm^-1  (      0.8980 THz )
      2     30.2431 cm^-1  (      0.9067 THz )
      3     66.5431 cm^-1  (      1.9949 THz )

 # k point   363 : (  0.3131,  0.3131,  0.3131)
   Mode, Frequency 
      1     30.2757 cm^-1  (      0.9076 THz )
      2     30.5678 cm^-1  (      0.9164 THz )
      3     67.2871 cm^-1  (      2.0172 THz )

 # k point   364 : (  0.3182,  0.3182,  0.3182)
   Mode, Frequency 
      1     30.5899 cm^-1  (      0.9171 THz )
      2     30.8847 cm^-1  (      0.9259 THz )
      3     68.0144 cm^-1  (      2.0390 THz )

 # k point   365 : (  0.3232,  0.3232,  0.3232)
   Mode, Frequency 
      1     30.8963 cm^-1  (      0.9262 THz )
      2     31.1939 cm^-1  (      0.9352 THz )
      3     68.7248 cm^-1  (      2.0603 THz )

 # k point   366 : (  0.3283,  0.3283,  0.3283)
   Mode, Frequency 
      1     31.1949 cm^-1  (      0.9352 THz )
      2     31.4952 cm^-1  (      0.9442 THz )
      3     69.4179 cm^-1  (      2.0811 THz )

 # k point   367 : (  0.3333,  0.3333,  0.3333)
   Mode, Frequency 
      1     31.4857 cm^-1  (      0.9439 THz )
      2     31.7886 cm^-1  (      0.9530 THz )
      3     70.0936 cm^-1  (      2.1014 THz )

 # k point   368 : (  0.3384,  0.3384,  0.3384)
   Mode, Frequency 
      1     31.7686 cm^-1  (      0.9524 THz )
      2     32.0740 cm^-1  (      0.9616 THz )
      3     70.7516 cm^-1  (      2.1211 THz )

 # k point   369 : (  0.3434,  0.3434,  0.3434)
   Mode, Frequency 
      1     32.0434 cm^-1  (      0.9606 THz )
      2     32.3513 cm^-1  (      0.9699 THz )
      3     71.3918 cm^-1  (      2.1403 THz )

 # k point   370 : (  0.3485,  0.3485,  0.3485)
   Mode, Frequency 
      1     32.3102 cm^-1  (      0.9686 THz )
      2     32.6204 cm^-1  (      0.9779 THz )
      3     72.0139 cm^-1  (      2.1589 THz )

 # k point   371 : (  0.3535,  0.3535,  0.3535)
   Mode, Frequency 
      1     32.5688 cm^-1  (      0.9764 THz )
      2     32.8814 cm^-1  (      0.9858 THz )
      3     72.6178 cm^-1  (      2.1770 THz )

 # k point   372 : (  0.3586,  0.3586,  0.3586)
   Mode, Frequency 
      1     32.8193 cm^-1  (      0.9839 THz )
      2     33.1341 cm^-1  (      0.9933 THz )
      3     73.2031 cm^-1  (      2.1946 THz )

 # k point   373 : (  0.3636,  0.3636,  0.3636)
   Mode, Frequency 
      1     33.0615 cm^-1  (      0.9912 THz )
      2     33.3784 cm^-1  (      1.0007 THz )
      3     73.7697 cm^-1  (      2.2116 THz )

 # k point   374 : (  0.3687,  0.3687,  0.3687)
   Mode, Frequency 
      1     33.2953 cm^-1  (      0.9982 THz )
      2     33.6144 cm^-1  (      1.0077 THz )
      3     74.3175 cm^-1  (      2.2280 THz )

 # k point   375 : (  0.3737,  0.3737,  0.3737)
   Mode, Frequency 
      1     33.5209 cm^-1  (      1.0049 THz )
      2     33.8420 cm^-1  (      1.0146 THz )
      3     74.8463 cm^-1  (      2.2438 THz )

 # k point   376 : (  0.3788,  0.3788,  0.3788)
   Mode, Frequency 
      1     33.7380 cm^-1  (      1.0114 THz )
      2     34.0610 cm^-1  (      1.0211 THz )
      3     75.3557 cm^-1  (      2.2591 THz )

 # k point   377 : (  0.3838,  0.3838,  0.3838)
   Mode, Frequency 
      1     33.9466 cm^-1  (      1.0177 THz )
      2     34.2715 cm^-1  (      1.0274 THz )
      3     75.8458 cm^-1  (      2.2738 THz )

 # k point   378 : (  0.3889,  0.3889,  0.3889)
   Mode, Frequency 
      1     34.1467 cm^-1  (      1.0237 THz )
      2     34.4735 cm^-1  (      1.0335 THz )
      3     76.3163 cm^-1  (      2.2879 THz )

 # k point   379 : (  0.3939,  0.3939,  0.3939)
   Mode, Frequency 
      1     34.3383 cm^-1  (      1.0294 THz )
      2     34.6667 cm^-1  (      1.0393 THz )
      3     76.7671 cm^-1  (      2.3014 THz )

 # k point   380 : (  0.3990,  0.3990,  0.3990)
   Mode, Frequency 
      1     34.5212 cm^-1  (      1.0349 THz )
      2     34.8513 cm^-1  (      1.0448 THz )
      3     77.1980 cm^-1  (      2.3143 THz )

 # k point   381 : (  0.4040,  0.4040,  0.4040)
   Mode, Frequency 
      1     34.6955 cm^-1  (      1.0401 THz )
      2     35.0272 cm^-1  (      1.0501 THz )
      3     77.6088 cm^-1  (      2.3267 THz )

 # k point   382 : (  0.4091,  0.4091,  0.4091)
   Mode, Frequency 
      1     34.8611 cm^-1  (      1.0451 THz )
      2     35.1943 cm^-1  (      1.0551 THz )
      3     77.9994 cm^-1  (      2.3384 THz )

 # k point   383 : (  0.4141,  0.4141,  0.4141)
   Mode, Frequency 
      1     35.0180 cm^-1  (      1.0498 THz )
      2     35.3526 cm^-1  (      1.0598 THz )
      3     78.3697 cm^-1  (      2.3495 THz )

 # k point   384 : (  0.4192,  0.4192,  0.4192)
   Mode, Frequency 
      1     35.1661 cm^-1  (      1.0543 THz )
      2     35.5020 cm^-1  (      1.0643 THz )
      3     78.7196 cm^-1  (      2.3600 THz )

 # k point   385 : (  0.4242,  0.4242,  0.4242)
   Mode, Frequency 
      1     35.3054 cm^-1  (      1.0584 THz )
      2     35.6426 cm^-1  (      1.0685 THz )
      3     79.0489 cm^-1  (      2.3698 THz )

 # k point   386 : (  0.4293,  0.4293,  0.4293)
   Mode, Frequency 
      1     35.4359 cm^-1  (      1.0623 THz )
      2     35.7742 cm^-1  (      1.0725 THz )
      3     79.3575 cm^-1  (      2.3791 THz )

 # k point   387 : (  0.4343,  0.4343,  0.4343)
   Mode, Frequency 
      1     35.5575 cm^-1  (      1.0660 THz )
      2     35.8969 cm^-1  (      1.0762 THz )
      3     79.6453 cm^-1  (      2.3877 THz )

 # k point   388 : (  0.4394,  0.4394,  0.4394)
   Mode, Frequency 
      1     35.6702 cm^-1  (      1.0694 THz )
      2     36.0106 cm^-1  (      1.0796 THz )
      3     79.9122 cm^-1  (      2.3957 THz )

 # k point   389 : (  0.4444,  0.4444,  0.4444)
   Mode, Frequency 
      1     35.7740 cm^-1  (      1.0725 THz )
      2     36.1154 cm^-1  (      1.0827 THz )
      3     80.1580 cm^-1  (      2.4031 THz )

 # k point   390 : (  0.4495,  0.4495,  0.4495)
   Mode, Frequency 
      1     35.8688 cm^-1  (      1.0753 THz )
      2     36.2111 cm^-1  (      1.0856 THz )
      3     80.3828 cm^-1  (      2.4098 THz )

 # k point   391 : (  0.4545,  0.4545,  0.4545)
   Mode, Frequency 
      1     35.9547 cm^-1  (      1.0779 THz )
      2     36.2977 cm^-1  (      1.0882 THz )
      3     80.5865 cm^-1  (      2.4159 THz )

 # k point   392 : (  0.4596,  0.4596,  0.4596)
   Mode, Frequency 
      1     36.0316 cm^-1  (      1.0802 THz )
      2     36.3753 cm^-1  (      1.0905 THz )
      3     80.7689 cm^-1  (      2.4214 THz )

 # k point   393 : (  0.4646,  0.4646,  0.4646)
   Mode, Frequency 
      1     36.0995 cm^-1  (      1.0822 THz )
      2     36.4438 cm^-1  (      1.0926 THz )
      3     80.9300 cm^-1  (      2.4262 THz )

 # k point   394 : (  0.4697,  0.4697,  0.4697)
   Mode, Frequency 
      1     36.1583 cm^-1  (      1.0840 THz )
      2     36.5032 cm^-1  (      1.0943 THz )
      3     81.0697 cm^-1  (      2.4304 THz )

 # k point   395 : (  0.4747,  0.4747,  0.4747)
   Mode, Frequency 
      1     36.2082 cm^-1  (      1.0855 THz )
      2     36.5535 cm^-1  (      1.0958 THz )
      3     81.1880 cm^-1  (      2.4340 THz )

 # k point   396 : (  0.4798,  0.4798,  0.4798)
   Mode, Frequency 
      1     36.2490 cm^-1  (      1.0867 THz )
      2     36.5946 cm^-1  (      1.0971 THz )
      3     81.2849 cm^-1  (      2.4369 THz )

 # k point   397 : (  0.4848,  0.4848,  0.4848)
   Mode, Frequency 
      1     36.2807 cm^-1  (      1.0877 THz )
      2     36.6267 cm^-1  (      1.0980 THz )
      3     81.3602 cm^-1  (      2.4391 THz )

 # k point   398 : (  0.4899,  0.4899,  0.4899)
   Mode, Frequency 
      1     36.3034 cm^-1  (      1.0883 THz )
      2     36.6495 cm^-1  (      1.0987 THz )
      3     81.4141 cm^-1  (      2.4407 THz )

 # k point   399 : (  0.4949,  0.4949,  0.4949)
   Mode, Frequency 
      1     36.3170 cm^-1  (      1.0888 THz )
      2     36.6633 cm^-1  (      1.0991 THz )
      3     81.4464 cm^-1  (      2.4417 THz )

 # k point   400 : (  0.5000,  0.5000,  0.5000)
   Mode, Frequency 
      1     36.3215 cm^-1  (      1.0889 THz )
      2     36.6678 cm^-1  (      1.0993 THz )
      3     81.4572 cm^-1  (      2.4420 THz )


 -----------------------------------------------------------------

 The following files are created: 
  lj444.bands       : Phonon band structure

 Job finished at Wed Apr 17 11:34:57 2024

